05-09 11:29:14.880   996 15152 D AudioALSAStreamIn: set() done, devices: 0x82000000, flags: 0, acoustics: 0x0, format: 0x1, sampleRate: 48000/48000, num_channels: 12/2, buffer_size: 3840, tempDebugflag: 0
05-09 11:29:14.880   996 15152 D AudioALSAStreamIn: setParameters() InputSource: 0 => 1, reopen
05-09 11:29:14.880   996 15152 D DeviceHAL: openInputStreamImpl, flags: 0, open_input_stream success, mOpenedStreamsCount 6
05-09 11:29:14.880   996 15152 D AudioALSAStreamIn: updateSinkMetadataV7(), sink_metadata = 0xf16688b0, Project config MTK_BT_HEARING_AID_SUPPORT is not support, return
05-09 11:29:14.881  3723  4352 I apcp    : (REDACTED) DelegationStatus: %s
05-09 11:29:14.881  3723  4622 I ahon    : (REDACTED) Headphone Integration status: %s
05-09 11:29:14.881  3723  4352 I ahfm    : (REDACTED) Populated bump behaviors: %s
05-09 11:29:14.882  3723  4352 I ahft    : (REDACTED) Client type %s set for %s
05-09 11:29:14.882  3723  4352 I ahft    : (REDACTED) Client type %s set for %s
05-09 11:29:14.882  3723  4352 I ahft    : (REDACTED) Client type %s set for %s
05-09 11:29:14.884  1023 18611 I AudioFlinger_Threads: AudioFlinger's thread 0xb40000708dfadb60 tid=18611 ready to run
05-09 11:29:14.884   996   996 D AudioALSAStreamIn: standby(), halRequest 0, mDestroy 0, flag 0
05-09 11:29:14.885  1023  1354 D AudioSystem: +setParameters(): card=1;device=0 
05-09 11:29:14.886   996   996 D AudioALSAStreamIn: standby(), halRequest 0, mDestroy 0, flag 0
05-09 11:29:14.886   996   996 D AudioUSBCenter: setParameter(), direction 0x10000000, card 1, device 0
05-09 11:29:14.887   996   996 D AudioALSAStreamManager: openInputStream(), devices = 0x82000000, format = 0x1, channels = 0xc, sampleRate = 48000, status = 990, acoustics = 0x0, input_flag 0x0
05-09 11:29:14.887  4934  5188 I ahmf    : (REDACTED) #FCF: Managed profile check status : %s
05-09 11:29:14.887   996   996 D AudioALSAStreamIn: AudioALSAStreamIn()
05-09 11:29:14.887   996   996 D AudioUtility: AudioThrottleTimeControl(), mIsOutput = 0, mBytesSum = 0, mThrottleControlStartTime = 0
05-09 11:29:14.887   996   996 D AudioSpeechEnhanceInfo: IsBesRecTuningEnable()- 0
05-09 11:29:14.887   996   996 D AudioSpeechEnhanceInfo: IsAPDMNRTuningEnable(), 0
05-09 11:29:14.887   996   996 D AudioALSAStreamIn: set() done, devices: 0x82000000, flags: 0, acoustics: 0x0, format: 0x1, sampleRate: 48000/48000, num_channels: 12/2, buffer_size: 3840, tempDebugflag: 0
05-09 11:29:14.888   996   996 D AudioALSAStreamIn: setParameters() InputSource: 0 => 1, reopen
05-09 11:29:14.888  4934  5188 I ahqr    : Robin eligibility: Device is eligible.
05-09 11:29:14.888   996   996 D DeviceHAL: openInputStreamImpl, flags: 0, open_input_stream success, mOpenedStreamsCount 7
05-09 11:29:14.888   996   996 D AudioALSAStreamIn: updateSinkMetadataV7(), sink_metadata = 0xff903268, Project config MTK_BT_HEARING_AID_SUPPORT is not support, return
05-09 11:29:14.888  4934  5188 I aqyp    : (REDACTED) #TRIGGER_TYPE type is: %s
05-09 11:29:14.888  4934  5188 I aqyp    : (REDACTED) #TRIGGER_TYPE islockscreen is: %s
05-09 11:29:14.889  2474  2474 D b/260135164: updateIconAlphaForHome - setIconsAlpha(0), isTaskbarPresent: true
05-09 11:29:14.890  4934  5188 I ajvk    : #bnb# Permission status: Not eligible for Bonobo
05-09 11:29:14.891  4934  5188 I ahqd    : (REDACTED) %s was not found: %s
05-09 11:29:14.891  1026  1026 I BufferQueueProducer: [StatusBar#77](this:0xb400006d8312b5d8,id:-1,api:0,p:-1,c:1026) queueBuffer: fps=7.72 dur=1166.32 max=983.35 min=12.47
05-09 11:29:14.892  1026  1026 I BufferQueueDebug: [Surface(name=Dim Layer for - WindowedMagnification:0:31)/@0xa7d8563 - animation-leash of dimmer#3923](this:0xb400006d83197938,id:-1,api:0,p:-1,c:1026) onDestructor()
05-09 11:29:14.892  1023  1354 D AudioSystem: +setParameters(): card=1;device=0 
05-09 11:29:14.893  1023 18612 I AudioFlinger_Threads: AudioFlinger's thread 0xb40000708d00ab60 tid=18612 ready to run
05-09 11:29:14.893   996 15152 D AudioALSAStreamIn: standby(), halRequest 0, mDestroy 0, flag 0
05-09 11:29:14.894   996 15152 D AudioUSBCenter: setParameter(), direction 0x10000000, card 1, device 0
05-09 11:29:14.894  4934  5188 I ajvk    : #bnb# Permission status: Not eligible for Bonobo
05-09 11:29:14.895   996 15152 D AudioALSAStreamIn: standby(), halRequest 0, mDestroy 0, flag 0
05-09 11:29:14.895   996 15152 D AudioALSAStreamManager: openInputStream(), devices = 0x82000000, format = 0x0, channels = 0x0, sampleRate = 0, status = 998, acoustics = 0x0, input_flag 0x0
05-09 11:29:14.895   996 15152 D AudioALSAStreamIn: AudioALSAStreamIn()
05-09 11:29:14.895   996 15152 D AudioUtility: AudioThrottleTimeControl(), mIsOutput = 0, mBytesSum = 0, mThrottleControlStartTime = 0
05-09 11:29:14.896   996 15152 D AudioSpeechEnhanceInfo: IsBesRecTuningEnable()- 0
05-09 11:29:14.896   996 15152 D AudioSpeechEnhanceInfo: IsAPDMNRTuningEnable(), 0
05-09 11:29:14.896   996 15152 D AudioALSAStreamIn: checkOpenStreamFormat(), get default USB format 0 => 0x1.
05-09 11:29:14.896   996 15152 D AudioALSAStreamIn: checkOpenStreamChannels(), get default USB channels 0 => 0x10.
05-09 11:29:14.896   996 15152 D AudioALSAStreamIn: checkOpenStreamSampleRate(), get default USB sampleRate 0 => 48000.
05-09 11:29:14.896   996 15152 D AudioALSAStreamIn: set() done, devices: 0x82000000, flags: 0, acoustics: 0x0, format: 0x1, sampleRate: 48000/48000, num_channels: 16/1, buffer_size: 1920, tempDebugflag: 0
05-09 11:29:14.896   996 15152 D AudioALSAStreamIn: setParameters() InputSource: 0 => 1, reopen
05-09 11:29:14.896   996 15152 D DeviceHAL: openInputStreamImpl, flags: 0, open_input_stream success, mOpenedStreamsCount 8
05-09 11:29:14.896   996 15152 D AudioALSAStreamIn: updateSinkMetadataV7(), sink_metadata = 0xf16688b0, Project config MTK_BT_HEARING_AID_SUPPORT is not support, return
05-09 11:29:14.896  4934  5188 I ango    : ClockLookupExecutor is not enabled.
05-09 11:29:14.898  4934  5188 I anpj    : (REDACTED) No activity found for intent %s.
05-09 11:29:14.899  1023 18613 I AudioFlinger_Threads: AudioFlinger's thread 0xb40000708c61eb60 tid=18613 ready to run
05-09 11:29:14.899  1023  1354 D AudioSystem: +setParameters(): card=1;device=0 
05-09 11:29:14.900  4934  5188 I anpj    : (REDACTED) No activity found for intent %s.
05-09 11:29:14.900   996   996 D AudioALSAStreamIn: standby(), halRequest 0, mDestroy 0, flag 0
05-09 11:29:14.900  4934  5188 I ahjf    : (REDACTED) FCF System FeatureName to check: %s
05-09 11:29:14.900  4934  5188 I ahjf    : (REDACTED) FCF: Device model check status : %s
05-09 11:29:14.901   996   996 D AudioUSBCenter: setParameter(), direction 0x10000000, card 1, device 0
05-09 11:29:14.901   996   996 D AudioALSAStreamIn: standby(), halRequest 0, mDestroy 0, flag 0
05-09 11:29:14.902   996   996 D AudioALSAStreamIn: getParameters(), keys sup_formats
05-09 11:29:14.902   996   996 D AudioUSBCenter: usb:audio_hal::getParameter() keys:sup_formats
05-09 11:29:14.902   996   996 D AudioUSBCenter: usb:audio_hal::device_get_parameters() keys:sup_formats
05-09 11:29:14.902   996   996 D AudioUSBCenter: USB Name:                       C-Media Electronics Inc. USB Audio Device at usb-musb-hdrc-1.2.2, full speed, open path /proc/asound/cards , isCTSDevice : 0, CTSkeyword: 
05-09 11:29:14.902   996   996 D AudioUSBCenter: format_params: AUDIO_FORMAT_PCM_16_BIT|AUDIO_FORMAT_PCM_32_BIT|AUDIO_FORMAT_PCM_8_BIT|AUDIO_FORMAT_PCM_8_24_BIT|AUDIO_FORMAT_PCM_24_BIT_PACKED, format_params_device: AUDIO_FORMAT_PCM_16_BIT
05-09 11:29:14.902   996   996 D AudioALSAStreamIn: -getParameters(), return "sup_formats=AUDIO_FORMAT_PCM_16_BIT|AUDIO_FORMAT_PCM_32_BIT|AUDIO_FORMAT_PCM_8_BIT|AUDIO_FORMAT_PCM_8_24_BIT|AUDIO_FORMAT_PCM_24_BIT_PACKED"
05-09 11:29:14.903   996   996 D AudioALSAStreamIn: getParameters(), keys format=2;sup_sampling_rates
05-09 11:29:14.903   996   996 D AudioUSBCenter: usb:audio_hal::getParameter() keys:format=2;sup_sampling_rates
05-09 11:29:14.903   996   996 D AudioUSBCenter: usb:audio_hal::device_get_parameters() keys:format=2;sup_sampling_rates
05-09 11:29:14.903  4934  5188 I aogm    : Accessed AssistData when it was not cached yet
05-09 11:29:14.903  4934  5188 I bitu    : Assist structure is null
05-09 11:29:14.903   996   996 D AudioUSBCenter: USB Name:                       C-Media Electronics Inc. USB Audio Device at usb-musb-hdrc-1.2.2, full speed, open path /proc/asound/cards , isCTSDevice : 0, CTSkeyword: 
05-09 11:29:14.903  4934  5188 I anrw    : (REDACTED) getRequiredCapabilities: Providing screen context, uiSource=%s
05-09 11:29:14.903   996   996 D AudioUSBCenter: rates_list: 96000|88200|192000|176400|48000|44100|32000|24000|22050|16000|12000|11025|8000, rates_list_device: 48000|44100|16000|12000|11025|8000
05-09 11:29:14.903   996   996 D AudioALSAStreamIn: -getParameters(), return "sup_sampling_rates=96000|88200|192000|176400|48000|44100|32000|24000|22050|16000|12000|11025|8000"
05-09 11:29:14.904   996   996 D AudioALSAStreamIn: getParameters(), keys format=2;sup_channels
05-09 11:29:14.904   996   996 D AudioUSBCenter: usb:audio_hal::getParameter() keys:format=2;sup_channels
05-09 11:29:14.904   996   996 D AudioUSBCenter: usb:audio_hal::device_get_parameters() keys:format=2;sup_channels
05-09 11:29:14.904   996   996 D AudioUSBCenter: USB Name:                       C-Media Electronics Inc. USB Audio Device at usb-musb-hdrc-1.2.2, full speed, open path /proc/asound/cards , isCTSDevice : 0, CTSkeyword: 
05-09 11:29:14.904   996   996 D AudioUSBCenter: Input: channel_list: AUDIO_CHANNEL_IN_STEREO|AUDIO_CHANNEL_INDEX_MASK_2|AUDIO_CHANNEL_IN_MONO|AUDIO_CHANNEL_INDEX_MASK_1, channels_list_device: AUDIO_CHANNEL_IN_STEREO|AUDIO_CHANNEL_IN_MONO|AUDIO_CHANNEL_INDEX_MASK_1
05-09 11:29:14.904   996   996 D AudioALSAStreamIn: -getParameters(), return "sup_channels=AUDIO_CHANNEL_IN_STEREO|AUDIO_CHANNEL_INDEX_MASK_2|AUDIO_CHANNEL_IN_MONO|AUDIO_CHANNEL_INDEX_MASK_1"
05-09 11:29:14.905   996   996 D AudioALSAStreamIn: getParameters(), keys format=1;sup_sampling_rates
05-09 11:29:14.905   996   996 D AudioUSBCenter: usb:audio_hal::getParameter() keys:format=1;sup_sampling_rates
05-09 11:29:14.905   996   996 D AudioUSBCenter: usb:audio_hal::device_get_parameters() keys:format=1;sup_sampling_rates
05-09 11:29:14.905   996   996 D AudioUSBCenter: USB Name:                       C-Media Electronics Inc. USB Audio Device at usb-musb-hdrc-1.2.2, full speed, open path /proc/asound/cards , isCTSDevice : 0, CTSkeyword: 
05-09 11:29:14.905  2474  2474 D b/260135164: updateIconAlphaForHome - setIconsAlpha(0), isTaskbarPresent: true
05-09 11:29:14.905   996   996 D AudioUSBCenter: rates_list: 96000|88200|192000|176400|48000|44100|32000|24000|22050|16000|12000|11025|8000, rates_list_device: 48000|44100|16000|12000|11025|8000
05-09 11:29:14.905   996   996 D AudioALSAStreamIn: -getParameters(), return "sup_sampling_rates=96000|88200|192000|176400|48000|44100|32000|24000|22050|16000|12000|11025|8000"
05-09 11:29:14.906   996   996 D AudioALSAStreamIn: getParameters(), keys format=1;sup_channels
05-09 11:29:14.906   996   996 D AudioUSBCenter: usb:audio_hal::getParameter() keys:format=1;sup_channels
05-09 11:29:14.906   996   996 D AudioUSBCenter: usb:audio_hal::device_get_parameters() keys:format=1;sup_channels
05-09 11:29:14.906   996   996 D AudioUSBCenter: USB Name:                       C-Media Electronics Inc. USB Audio Device at usb-musb-hdrc-1.2.2, full speed, open path /proc/asound/cards , isCTSDevice : 0, CTSkeyword: 
05-09 11:29:14.906   996   996 D AudioUSBCenter: Input: channel_list: AUDIO_CHANNEL_IN_STEREO|AUDIO_CHANNEL_INDEX_MASK_2|AUDIO_CHANNEL_IN_MONO|AUDIO_CHANNEL_INDEX_MASK_1, channels_list_device: AUDIO_CHANNEL_IN_STEREO|AUDIO_CHANNEL_IN_MONO|AUDIO_CHANNEL_INDEX_MASK_1
05-09 11:29:14.906   996   996 D AudioALSAStreamIn: -getParameters(), return "sup_channels=AUDIO_CHANNEL_IN_STEREO|AUDIO_CHANNEL_INDEX_MASK_2|AUDIO_CHANNEL_IN_MONO|AUDIO_CHANNEL_INDEX_MASK_1"
05-09 11:29:14.907   996   996 D AudioALSAStreamIn: getParameters(), keys format=4;sup_sampling_rates
05-09 11:29:14.907   996   996 D AudioUSBCenter: usb:audio_hal::getParameter() keys:format=4;sup_sampling_rates
05-09 11:29:14.907   996   996 D AudioUSBCenter: usb:audio_hal::device_get_parameters() keys:format=4;sup_sampling_rates
05-09 11:29:14.907   996   996 D AudioUSBCenter: USB Name:                       C-Media Electronics Inc. USB Audio Device at usb-musb-hdrc-1.2.2, full speed, open path /proc/asound/cards , isCTSDevice : 0, CTSkeyword: 
05-09 11:29:14.907   996   996 D AudioUSBCenter: rates_list: 96000|88200|192000|176400|48000|44100|32000|24000|22050|16000|12000|11025|8000, rates_list_device: 48000|44100|16000|12000|11025|8000
05-09 11:29:14.907   996   996 D AudioALSAStreamIn: -getParameters(), return "sup_sampling_rates=96000|88200|192000|176400|48000|44100|32000|24000|22050|16000|12000|11025|8000"
05-09 11:29:14.907   996   996 D AudioALSAStreamIn: getParameters(), keys format=4;sup_channels
05-09 11:29:14.908   996   996 D AudioUSBCenter: usb:audio_hal::getParameter() keys:format=4;sup_channels
05-09 11:29:14.908   996   996 D AudioUSBCenter: usb:audio_hal::device_get_parameters() keys:format=4;sup_channels
05-09 11:29:14.908   996   996 D AudioUSBCenter: USB Name:                       C-Media Electronics Inc. USB Audio Device at usb-musb-hdrc-1.2.2, full speed, open path /proc/asound/cards , isCTSDevice : 0, CTSkeyword: 
05-09 11:29:14.908   996   996 D AudioUSBCenter: Input: channel_list: AUDIO_CHANNEL_IN_STEREO|AUDIO_CHANNEL_INDEX_MASK_2|AUDIO_CHANNEL_IN_MONO|AUDIO_CHANNEL_INDEX_MASK_1, channels_list_device: AUDIO_CHANNEL_IN_STEREO|AUDIO_CHANNEL_IN_MONO|AUDIO_CHANNEL_INDEX_MASK_1
05-09 11:29:14.908   996   996 D AudioALSAStreamIn: -getParameters(), return "sup_channels=AUDIO_CHANNEL_IN_STEREO|AUDIO_CHANNEL_INDEX_MASK_2|AUDIO_CHANNEL_IN_MONO|AUDIO_CHANNEL_INDEX_MASK_1"
05-09 11:29:14.909   996   996 D AudioALSAStreamIn: getParameters(), keys format=6;sup_sampling_rates
05-09 11:29:14.909   996   996 D AudioUSBCenter: usb:audio_hal::getParameter() keys:format=6;sup_sampling_rates
05-09 11:29:14.909   996   996 D AudioUSBCenter: usb:audio_hal::device_get_parameters() keys:format=6;sup_sampling_rates
05-09 11:29:14.909   996   996 D AudioUSBCenter: USB Name:                       C-Media Electronics Inc. USB Audio Device at usb-musb-hdrc-1.2.2, full speed, open path /proc/asound/cards , isCTSDevice : 0, CTSkeyword: 
05-09 11:29:14.909   996   996 D AudioUSBCenter: rates_list: 96000|88200|192000|176400|48000|44100|32000|24000|22050|16000|12000|11025|8000, rates_list_device: 48000|44100|16000|12000|11025|8000
05-09 11:29:14.909   996   996 D AudioALSAStreamIn: -getParameters(), return "sup_sampling_rates=96000|88200|192000|176400|48000|44100|32000|24000|22050|16000|12000|11025|8000"
05-09 11:29:14.910   996   996 D AudioALSAStreamIn: getParameters(), keys format=6;sup_channels
05-09 11:29:14.910   996   996 D AudioUSBCenter: usb:audio_hal::getParameter() keys:format=6;sup_channels
05-09 11:29:14.910   996   996 D AudioUSBCenter: usb:audio_hal::device_get_parameters() keys:format=6;sup_channels
05-09 11:29:14.910   996   996 D AudioUSBCenter: USB Name:                       C-Media Electronics Inc. USB Audio Device at usb-musb-hdrc-1.2.2, full speed, open path /proc/asound/cards , isCTSDevice : 0, CTSkeyword: 
05-09 11:29:14.910   996   996 D AudioUSBCenter: Input: channel_list: AUDIO_CHANNEL_IN_STEREO|AUDIO_CHANNEL_INDEX_MASK_2|AUDIO_CHANNEL_IN_MONO|AUDIO_CHANNEL_INDEX_MASK_1, channels_list_device: AUDIO_CHANNEL_IN_STEREO|AUDIO_CHANNEL_IN_MONO|AUDIO_CHANNEL_INDEX_MASK_1
05-09 11:29:14.910   996   996 D AudioALSAStreamIn: -getParameters(), return "sup_channels=AUDIO_CHANNEL_IN_STEREO|AUDIO_CHANNEL_INDEX_MASK_2|AUDIO_CHANNEL_IN_MONO|AUDIO_CHANNEL_INDEX_MASK_1"
05-09 11:29:14.910  4934  5188 I dpiz    : (REDACTED) isAppDefaultAssistant setting: %s
05-09 11:29:14.910   996 15152 D AudioALSAStreamIn: getParameters(), keys format=3;sup_sampling_rates
05-09 11:29:14.910  4934  5188 I dpiz    : (REDACTED) isAppDefaultAssistant defaultComponentName: %s
05-09 11:29:14.910   996 15152 D AudioUSBCenter: usb:audio_hal::getParameter() keys:format=3;sup_sampling_rates
05-09 11:29:14.910   996 15152 D AudioUSBCenter: usb:audio_hal::device_get_parameters() keys:format=3;sup_sampling_rates
05-09 11:29:14.911   996 15152 D AudioUSBCenter: USB Name:                       C-Media Electronics Inc. USB Audio Device at usb-musb-hdrc-1.2.2, full speed, open path /proc/asound/cards , isCTSDevice : 0, CTSkeyword: 
05-09 11:29:14.911   996 15152 D AudioUSBCenter: rates_list: 96000|88200|192000|176400|48000|44100|32000|24000|22050|16000|12000|11025|8000, rates_list_device: 48000|44100|16000|12000|11025|8000
05-09 11:29:14.911   996 15152 D AudioALSAStreamIn: -getParameters(), return "sup_sampling_rates=96000|88200|192000|176400|48000|44100|32000|24000|22050|16000|12000|11025|8000"
05-09 11:29:14.911   996 15152 D AudioALSAStreamIn: getParameters(), keys format=3;sup_channels
05-09 11:29:14.911   996 15152 D AudioUSBCenter: usb:audio_hal::getParameter() keys:format=3;sup_channels
05-09 11:29:14.911   996 15152 D AudioUSBCenter: usb:audio_hal::device_get_parameters() keys:format=3;sup_channels
05-09 11:29:14.912   996 15152 D AudioUSBCenter: USB Name:                       C-Media Electronics Inc. USB Audio Device at usb-musb-hdrc-1.2.2, full speed, open path /proc/asound/cards , isCTSDevice : 0, CTSkeyword: 
05-09 11:29:14.912   996 15152 D AudioUSBCenter: Input: channel_list: AUDIO_CHANNEL_IN_STEREO|AUDIO_CHANNEL_INDEX_MASK_2|AUDIO_CHANNEL_IN_MONO|AUDIO_CHANNEL_INDEX_MASK_1, channels_list_device: AUDIO_CHANNEL_IN_STEREO|AUDIO_CHANNEL_IN_MONO|AUDIO_CHANNEL_INDEX_MASK_1
05-09 11:29:14.912   996 15152 D AudioALSAStreamIn: -getParameters(), return "sup_channels=AUDIO_CHANNEL_IN_STEREO|AUDIO_CHANNEL_INDEX_MASK_2|AUDIO_CHANNEL_IN_MONO|AUDIO_CHANNEL_INDEX_MASK_1"
05-09 11:29:14.912   996 15152 D AudioALSAStreamManager: openInputStream(), devices = 0x82000000, format = 0x1, channels = 0xc, sampleRate = 48000, status = 1006, acoustics = 0x0, input_flag 0x0
05-09 11:29:14.912   996 15152 D AudioALSAStreamIn: AudioALSAStreamIn()
05-09 11:29:14.912   996 15152 D AudioUtility: AudioThrottleTimeControl(), mIsOutput = 0, mBytesSum = 0, mThrottleControlStartTime = 0
05-09 11:29:14.912   996 15152 D AudioSpeechEnhanceInfo: IsBesRecTuningEnable()- 0
05-09 11:29:14.912   996 15152 D AudioSpeechEnhanceInfo: IsAPDMNRTuningEnable(), 0
05-09 11:29:14.912   996 15152 D AudioALSAStreamIn: set() done, devices: 0x82000000, flags: 0, acoustics: 0x0, format: 0x1, sampleRate: 48000/48000, num_channels: 12/2, buffer_size: 3840, tempDebugflag: 0
05-09 11:29:14.912   996 15152 D AudioALSAStreamIn: setParameters() InputSource: 0 => 1, reopen
05-09 11:29:14.912   996 15152 D DeviceHAL: openInputStreamImpl, flags: 0, open_input_stream success, mOpenedStreamsCount 9
05-09 11:29:14.913   996 15152 D AudioALSAStreamIn: updateSinkMetadataV7(), sink_metadata = 0xf16688b0, Project config MTK_BT_HEARING_AID_SUPPORT is not support, return
05-09 11:29:14.915  4934  5188 I dpiz    : (REDACTED) isAppDefaultAssistant setting: %s
05-09 11:29:14.916  4934  5188 I dpiz    : (REDACTED) isAppDefaultAssistant defaultComponentName: %s
05-09 11:29:14.916  1023 18614 I AudioFlinger_Threads: AudioFlinger's thread 0xb40000708d8a6b60 tid=18614 ready to run
05-09 11:29:14.916   996 15152 D AudioALSAStreamIn: standby(), halRequest 0, mDestroy 0, flag 0
05-09 11:29:14.916  1023  1354 D AudioSystem: +setParameters(): card=1;device=0 
05-09 11:29:14.917   996 15152 D AudioUSBCenter: setParameter(), direction 0x10000000, card 1, device 0
05-09 11:29:14.917   996 15152 D AudioALSAStreamIn: standby(), halRequest 0, mDestroy 0, flag 0
05-09 11:29:14.918  1023 26933 D APM_AudioPolicyManager: closeInput input 982
05-09 11:29:14.919  4934  5188 I dpiz    : (REDACTED) isAppDefaultAssistant setting: %s
05-09 11:29:14.919  4934  5188 I dpiz    : (REDACTED) isAppDefaultAssistant defaultComponentName: %s
05-09 11:29:14.920  4934  5188 I andq    : CreateCalendarEventExecutor is not enabled.
05-09 11:29:14.920  4934  5188 I aned    : DeleteNoteExecutor is not enabled.
05-09 11:29:14.920  4934  5188 I anfh    : UpdateNoteExecutor is not enabled.
05-09 11:29:14.920  4934  5188 I anfh    : UpdateNoteExecutor is not enabled.
05-09 11:29:14.920   996 15152 D DeviceHAL: closeInputStream mOpenedStreamsCount 9
05-09 11:29:14.921   996 15152 D AudioALSAStreamManager: +closeInputStream(), in = 0xf3d046f0, size() = 4
05-09 11:29:14.921  4934  5188 I dpiz    : (REDACTED) isAppDefaultAssistant setting: %s
05-09 11:29:14.921   996 15152 D AudioALSAStreamIn: ~AudioALSAStreamIn()
05-09 11:29:14.921   996 15152 D AudioUtility: ~AudioThrottleTimeControl()
05-09 11:29:14.921  4934  5188 I dpiz    : (REDACTED) isAppDefaultAssistant defaultComponentName: %s
05-09 11:29:14.921   996 15152 D AudioALSAStreamManager: closeInputStream(), mStreamInVector[0] capture handler close already
05-09 11:29:14.921   996 15152 D AudioALSAStreamManager: closeInputStream(), mStreamInVector[1] capture handler close already
05-09 11:29:14.921   996 15152 D AudioALSAStreamManager: closeInputStream(), mStreamInVector[2] capture handler close already
05-09 11:29:14.921 18608 18608 D AndroidRuntime: >>>>>> START com.android.internal.os.RuntimeInit uid 2000 <<<<<<
05-09 11:29:14.922  1023 26933 W AudioPolicyClientImpl: setSoundTriggerCaptureState active 0
05-09 11:29:14.922  1023 26933 D APM_AudioPolicyManager: closeInput input 990
05-09 11:29:14.922  2474  2474 D b/260135164: updateIconAlphaForHome - setIconsAlpha(0), isTaskbarPresent: true
05-09 11:29:14.925   996   996 D DeviceHAL: closeInputStream mOpenedStreamsCount 8
05-09 11:29:14.925   996   996 D AudioALSAStreamManager: +closeInputStream(), in = 0xf3d00a90, size() = 3
05-09 11:29:14.925   996   996 D AudioALSAStreamIn: ~AudioALSAStreamIn()
05-09 11:29:14.925   996   996 D AudioUtility: ~AudioThrottleTimeControl()
05-09 11:29:14.925   996   996 D AudioALSAStreamManager: closeInputStream(), mStreamInVector[0] capture handler close already
05-09 11:29:14.925   996   996 D AudioALSAStreamManager: closeInputStream(), mStreamInVector[1] capture handler close already
05-09 11:29:14.926  1023 26933 W AudioPolicyClientImpl: setSoundTriggerCaptureState active 0
05-09 11:29:14.926  1023 26933 D APM_AudioPolicyManager: closeInput input 998
05-09 11:29:14.927 18608 18608 I AndroidRuntime: Using default boot image
05-09 11:29:14.927 18608 18608 I AndroidRuntime: Leaving lock profiling enabled
05-09 11:29:14.930   996 15152 D DeviceHAL: closeInputStream mOpenedStreamsCount 7
05-09 11:29:14.930   996 15152 D AudioALSAStreamManager: +closeInputStream(), in = 0xf3d06910, size() = 2
05-09 11:29:14.930   996 15152 D AudioALSAStreamIn: ~AudioALSAStreamIn()
05-09 11:29:14.930   996 15152 D AudioUtility: ~AudioThrottleTimeControl()
05-09 11:29:14.930   996 15152 D AudioALSAStreamManager: closeInputStream(), mStreamInVector[0] capture handler close already
05-09 11:29:14.930  1023 26933 W AudioPolicyClientImpl: setSoundTriggerCaptureState active 0
05-09 11:29:14.930  1023 26933 D APM_AudioPolicyManager: closeInput input 1006
05-09 11:29:14.931 18608 18608 I app_process: Using CollectorTypeCC GC.
05-09 11:29:14.933  4934  5201 I ahmf    : (REDACTED) #FCF: Managed profile check status : %s
05-09 11:29:14.934   996   996 D DeviceHAL: closeInputStream mOpenedStreamsCount 6
05-09 11:29:14.934   996   996 D AudioALSAStreamManager: +closeInputStream(), in = 0xf3d056b0, size() = 1
05-09 11:29:14.934   996   996 D AudioALSAStreamIn: ~AudioALSAStreamIn()
05-09 11:29:14.934   996   996 D AudioUtility: ~AudioThrottleTimeControl()
05-09 11:29:14.935  1023 26933 W AudioPolicyClientImpl: setSoundTriggerCaptureState active 0
05-09 11:29:14.935  1023 26933 D APM::AudioPolicyEngine: getDevices ForStrategy() strategy 1, device 0x4000000 avadevice 0x2, 0x10000, 0x4000000 sfu [0]:0, [1]:10, [4]:0
05-09 11:29:14.936  1023 26933 D APM::AudioPolicyEngine: getDevices ForStrategy() strategy 0, device 0x4000000 avadevice 0x2, 0x10000, 0x4000000 sfu [0]:0, [1]:10, [4]:0
05-09 11:29:14.937  4934  5201 I ahmf    : (REDACTED) #FCF: Managed profile check status : %s
05-09 11:29:14.937  1023 25372 D APM::AudioPolicyEngine: getDevices ForStrategy() strategy 0, device 0x4000000 avadevice 0x2, 0x10000, 0x4000000 sfu [0]:0, [1]:10, [4]:0
05-09 11:29:14.937  1023 25640 D APM_AudioPolicyManager: listAudioPorts mAvailableInputDevices 0x80000004, 0x80000040, 0x80000100, 0x80002000, 0x82000000, 0x90000000
05-09 11:29:14.938  1023 26933 D APM_AudioPolicyManager: listAudioPorts mAvailableInputDevices 0x80000004, 0x80000040, 0x80000100, 0x80002000, 0x82000000, 0x90000000
05-09 11:29:14.939  2474  2474 D b/260135164: updateIconAlphaForHome - setIconsAlpha(0), isTaskbarPresent: true
05-09 11:29:14.939  4934  5201 I ahst    : (REDACTED) isCacheFresh: %s
05-09 11:29:14.939  2154  2154 D PhoneStatusBarPolicy: updateHeadsetPlug connected:true,hasMic:true
05-09 11:29:14.939  2154  2197 V WindowManagerShell: Transition animation finished (aborted=false), notifying core (#312)android.os.BinderProxy@55ee252@0
05-09 11:29:14.939  2676  2676 V MediaRouter: Audio routes updated: AudioRoutesInfo{ type=USB }, a2dp=false
05-09 11:29:14.940  2676  2676 V MediaRouter: Selecting route: RouteInfo{ name=USB, description=null, status=null, category=RouteCategory{ name=System types=ROUTE_TYPE_LIVE_AUDIO ROUTE_TYPE_LIVE_VIDEO  groupable=false }, supportedTypes=ROUTE_TYPE_LIVE_AUDIO ROUTE_TYPE_LIVE_VIDEO , presentationDisplay=null }
05-09 11:29:14.940  4934  5201 I amll    : Robin eligibility : Cache is present but is not fresh.
05-09 11:29:14.940 31513 31513 V MediaRouter: Audio routes updated: AudioRoutesInfo{ type=USB }, a2dp=false
05-09 11:29:14.941 31513 31513 V MediaRouter: Selecting route: RouteInfo{ name=USB, description=null, status=null, category=RouteCategory{ name=System types=ROUTE_TYPE_LIVE_AUDIO ROUTE_TYPE_LIVE_VIDEO  groupable=false }, supportedTypes=ROUTE_TYPE_LIVE_AUDIO ROUTE_TYPE_LIVE_VIDEO , presentationDisplay=null }
05-09 11:29:14.941  1023  1140 D APM_AudioPolicyManager: listAudioPorts mAvailableInputDevices 0x80000004, 0x80000040, 0x80000100, 0x80002000, 0x82000000, 0x90000000
05-09 11:29:14.942  2154  2154 V MediaRouter: Audio routes updated: AudioRoutesInfo{ type=USB }, a2dp=false
05-09 11:29:14.942  2154  2154 V MediaRouter: Selecting route: RouteInfo{ name=USB, description=null, status=null, category=RouteCategory{ name=System types=ROUTE_TYPE_LIVE_AUDIO ROUTE_TYPE_LIVE_VIDEO  groupable=false }, supportedTypes=ROUTE_TYPE_LIVE_AUDIO ROUTE_TYPE_LIVE_VIDEO , presentationDisplay=null }
05-09 11:29:14.943  4934  5188 I amll    : Robin eligibility : Robin is eligible
05-09 11:29:14.943  1023  2757 D APM_AudioPolicyManager: listAudioPorts mAvailableInputDevices 0x80000004, 0x80000040, 0x80000100, 0x80002000, 0x82000000, 0x90000000
05-09 11:29:14.944  1678  1702 V WindowManager: Finish Transition #312: created at 05-09 11:29:14.526 collect-started=0.154ms request-sent=18.839ms started=21.162ms ready=39.565ms sent=103.947ms finished=414.871ms
05-09 11:29:14.946  2154  2197 V WindowManagerShell: Track 0 became idle
05-09 11:29:14.946  2154  2197 V WindowManagerShell: All active transition animations finished
05-09 11:29:14.947  1023 26104 D APM_AudioPolicyManager: listAudioPorts mAvailableInputDevices 0x80000004, 0x80000040, 0x80000100, 0x80002000, 0x82000000, 0x90000000
05-09 11:29:14.948  1023 26933 D APM_AudioPolicyManager: listAudioPorts mAvailableInputDevices 0x80000004, 0x80000040, 0x80000100, 0x80002000, 0x82000000, 0x90000000
05-09 11:29:14.950  3723  4622 I ahqq    : (REDACTED) Robin eligibility #evaluate: isEnabled = %s failure reasons: %s
05-09 11:29:14.950  3723  4687 I ahfe    : openMicEarlyInInteractorProcess is enabled. Mic is not suppressed even when delegation is disabled.
05-09 11:29:14.950  3723  4687 I ahfe    : openMicEarlyInInteractorProcess is enabled. Mic is not suppressed even when delegation is disabled.
05-09 11:29:14.950  3723  4687 I ahfe    : openMicEarlyInInteractorProcess is enabled. Mic is not suppressed even when delegation is disabled.
05-09 11:29:14.951  3723  4687 I ahfe    : openMicEarlyInInteractorProcess is enabled. Mic is not suppressed even when delegation is disabled.
05-09 11:29:14.951  3723  4687 I ahfe    : openMicEarlyInInteractorProcess is enabled. Mic is not suppressed even when delegation is disabled.
05-09 11:29:14.951  3723  4687 I ahfe    : openMicEarlyInInteractorProcess is enabled. Mic is not suppressed even when delegation is disabled.
05-09 11:29:14.951  3723  4687 I ahfe    : openMicEarlyInInteractorProcess is enabled. Mic is not suppressed even when delegation is disabled.
05-09 11:29:14.951  3723  4687 I ahfe    : openMicEarlyInInteractorProcess is enabled. Mic is not suppressed even when delegation is disabled.
05-09 11:29:14.951  1023 25640 D APM_AudioPolicyManager: listAudioPorts mAvailableInputDevices 0x80000004, 0x80000040, 0x80000100, 0x80002000, 0x82000000, 0x90000000
05-09 11:29:14.952  3723  4687 I ahfe    : openMicEarlyInInteractorProcess is enabled. Mic is not suppressed even when delegation is disabled.
05-09 11:29:14.952  3723  4687 I ahfe    : openMicEarlyInInteractorProcess is enabled. Mic is not suppressed even when delegation is disabled.
05-09 11:29:14.952  3723  4687 I ahfe    : openMicEarlyInInteractorProcess is enabled. Mic is not suppressed even when delegation is disabled.
05-09 11:29:14.952  3723  4687 I ahfe    : openMicEarlyInInteractorProcess is enabled. Mic is not suppressed even when delegation is disabled.
05-09 11:29:14.952  3723  4687 I ahfe    : openMicEarlyInInteractorProcess is enabled. Mic is not suppressed even when delegation is disabled.
05-09 11:29:14.952  3723  4687 I ahfe    : openMicEarlyInInteractorProcess is enabled. Mic is not suppressed even when delegation is disabled.
05-09 11:29:14.952  3723  4687 I ahfe    : openMicEarlyInInteractorProcess is enabled. Mic is not suppressed even when delegation is disabled.
05-09 11:29:14.952  3723  4687 I ahfe    : openMicEarlyInInteractorProcess is enabled. Mic is not suppressed even when delegation is disabled.
05-09 11:29:14.952  3723  4687 I ahfe    : openMicEarlyInInteractorProcess is enabled. Mic is not suppressed even when delegation is disabled.
05-09 11:29:14.952  3723  4687 I ahfe    : openMicEarlyInInteractorProcess is enabled. Mic is not suppressed even when delegation is disabled.
05-09 11:29:14.952  3723  4687 I ahfe    : openMicEarlyInInteractorProcess is enabled. Mic is not suppressed even when delegation is disabled.
05-09 11:29:14.952  3723  4687 I ahfe    : openMicEarlyInInteractorProcess is enabled. Mic is not suppressed even when delegation is disabled.
05-09 11:29:14.952  3723  4687 I ahfe    : openMicEarlyInInteractorProcess is enabled. Mic is not suppressed even when delegation is disabled.
05-09 11:29:14.952  3723  4687 I ahfe    : openMicEarlyInInteractorProcess is enabled. Mic is not suppressed even when delegation is disabled.
05-09 11:29:14.953  3723  4687 I alis    : (REDACTED) #isRobinOnlyLocale checkedLocale:%s language:%s list:%s
05-09 11:29:14.954  3723  4687 I ahjf    : (REDACTED) FCF System FeatureName to check: %s
05-09 11:29:14.954  3723  4687 I ahjf    : (REDACTED) FCF: Device model check status : %s
05-09 11:29:14.954  3723  4687 I ahpf    : (REDACTED) #evaluate: isEnabled = %s failure reasons: %s
05-09 11:29:14.954  3723  4687 I agwl    : (REDACTED) #initialConfig Current Locale set to: %s
05-09 11:29:14.954  3723  4687 I agwl    : (REDACTED) #initialConfig Assistant is currently enabled: %s
05-09 11:29:14.954  3723  4687 I agwl    : (REDACTED) #initialConfig InputModality is currently: %s
05-09 11:29:14.954  3723  4687 I agwl    : (REDACTED) #initialConfig Speed Bump entry points: %s
05-09 11:29:14.954  3723  4687 I agwl    : (REDACTED) #initialConfig Long Press Power Education entrypoints: %s
05-09 11:29:14.954  3723  4687 I agwl    : (REDACTED) #initialConfig Robin entrypoints: %s
05-09 11:29:14.955  3723  4687 I agwl    : (REDACTED) #initialConfig Preferred audio route type: %s
05-09 11:29:14.955  3723  4687 I agwl    : (REDACTED) #initialConfig Earcons to be added: %s
05-09 11:29:14.955  3723  4687 I agwl    : (REDACTED) #initialConfig Mic occupied behavior: %s
05-09 11:29:14.955  3723  4687 I agwl    : (REDACTED) #initialConfig Headphone voice queries and spoken notifications status: %s
05-09 11:29:14.956  3723  4622 I apcp    : (REDACTED) DelegationStatus: %s
05-09 11:29:14.956  1023 25372 D APM_AudioPolicyManager: listAudioPorts mAvailableInputDevices 0x80000004, 0x80000040, 0x80000100, 0x80002000, 0x82000000, 0x90000000
05-09 11:29:14.957  2474  2474 D b/260135164: updateIconAlphaForHome - setIconsAlpha(0), isTaskbarPresent: true
05-09 11:29:14.966  4934  5188 I ahmf    : (REDACTED) #FCF: Managed profile check status : %s
05-09 11:29:14.966  4934  5188 I ahqr    : Robin eligibility: Device is eligible.
05-09 11:29:14.967  4934  5188 I aqyp    : (REDACTED) #TRIGGER_TYPE type is: %s
05-09 11:29:14.967  4934  5188 I aqyp    : (REDACTED) #TRIGGER_TYPE islockscreen is: %s
05-09 11:29:14.968  1023 25640 D APM::AudioPolicyEngine: getDevices ForStrategy() strategy 0, device 0x4000000 avadevice 0x2, 0x10000, 0x4000000 sfu [0]:0, [1]:10, [4]:0
05-09 11:29:14.969  4934  5188 I ajvk    : #bnb# Permission status: Not eligible for Bonobo
05-09 11:29:14.970  4934  5188 I ahqd    : (REDACTED) %s was not found: %s
05-09 11:29:14.972  2474  2474 D b/260135164: updateIconAlphaForHome - setIconsAlpha(0), isTaskbarPresent: true
05-09 11:29:14.973  1678  1678 I Telecom-WiredHeadsetManager: ACTION_HEADSET_PLUG event, plugged in: true, : WHC.oADA@A/Y
05-09 11:29:14.974  4934  5198 I ajvk    : #bnb# Permission status: Not eligible for Bonobo
05-09 11:29:14.975  1026  1026 I BufferQueueDebug: [Transition Root: Task=227#3920](this:0xb400006d831b1348,id:-1,api:0,p:-1,c:1026) onDestructor()
05-09 11:29:14.976  1023 25640 D APM::AudioPolicyEngine: getDevices ForStrategy() strategy 0, device 0x4000000 avadevice 0x2, 0x10000, 0x4000000 sfu [0]:0, [1]:10, [4]:0
05-09 11:29:14.977  4934  5198 I ango    : ClockLookupExecutor is not enabled.
05-09 11:29:14.980  4934  5198 I anpj    : (REDACTED) No activity found for intent %s.
05-09 11:29:14.982  4934  5198 I anpj    : (REDACTED) No activity found for intent %s.
05-09 11:29:14.982  4934  5198 I ahjf    : (REDACTED) FCF System FeatureName to check: %s
05-09 11:29:14.984  1023 25640 D APM::AudioPolicyEngine: getDevices ForStrategy() strategy 0, device 0x4000000 avadevice 0x2, 0x10000, 0x4000000 sfu [0]:0, [1]:10, [4]:0
05-09 11:29:14.984  4934  5198 I ahjf    : (REDACTED) FCF: Device model check status : %s
05-09 11:29:14.985  3723  4635 I aigw    : (REDACTED) #onAudioDevicesAdded count: %s
05-09 11:29:14.985  3723  4635 I aigq    : (REDACTED) Headset device detected of type: %s
05-09 11:29:14.986  3723  4635 I aigw    : (REDACTED) #onChange eventType: %s
05-09 11:29:14.986  3723  4635 I agzl    : (REDACTED) #onHeadsetConnectionEvent: %s
05-09 11:29:14.986  4934  5198 I aogm    : Accessed AssistData when it was not cached yet
05-09 11:29:14.986  4934  5198 I bitu    : Assist structure is null
05-09 11:29:14.987  4934  5198 I anrw    : (REDACTED) getRequiredCapabilities: Providing screen context, uiSource=%s
05-09 11:29:14.987  3723  4622 I agxp    : (REDACTED) starting updateConfig, reason: %s
05-09 11:29:14.988  1023 25640 D APM::AudioPolicyEngine: getDevices ForStrategy() strategy 0, device 0x4000000 avadevice 0x2, 0x10000, 0x4000000 sfu [0]:0, [1]:10, [4]:0
05-09 11:29:14.990  2474  2474 D b/260135164: updateIconAlphaForHome - setIconsAlpha(0), isTaskbarPresent: true
05-09 11:29:14.990  1023 25640 D APM::AudioPolicyEngine: getDevices ForStrategy() strategy 0, device 0x4000000 avadevice 0x2, 0x10000, 0x4000000 sfu [0]:0, [1]:10, [4]:0
05-09 11:29:14.994  1023 25640 D APM::AudioPolicyEngine: getDevices ForStrategy() strategy 0, device 0x4000000 avadevice 0x2, 0x10000, 0x4000000 sfu [0]:0, [1]:10, [4]:0
05-09 11:29:14.995  4934  5198 I dpiz    : (REDACTED) isAppDefaultAssistant setting: %s
05-09 11:29:14.995  4934  5198 I dpiz    : (REDACTED) isAppDefaultAssistant defaultComponentName: %s
05-09 11:29:14.997  1023 25640 D APM::AudioPolicyEngine: getDevices ForStrategy() strategy 0, device 0x4000000 avadevice 0x2, 0x10000, 0x4000000 sfu [0]:0, [1]:10, [4]:0
05-09 11:29:15.000  1023 25640 D APM::AudioPolicyEngine: getDevices ForStrategy() strategy 0, device 0x4000000 avadevice 0x2, 0x10000, 0x4000000 sfu [0]:0, [1]:10, [4]:0
05-09 11:29:15.005  2474  2474 D b/260135164: updateIconAlphaForHome - setIconsAlpha(0), isTaskbarPresent: true
05-09 11:29:15.006  1023 25640 D APM::AudioPolicyEngine: getDevices ForStrategy() strategy 1, device 0x4000000 avadevice 0x2, 0x10000, 0x4000000 sfu [0]:0, [1]:10, [4]:0
05-09 11:29:15.006  4934  5198 I dpiz    : (REDACTED) isAppDefaultAssistant setting: %s
05-09 11:29:15.007  4934  5198 I dpiz    : (REDACTED) isAppDefaultAssistant defaultComponentName: %s
05-09 11:29:15.008  1023 25640 D APM::AudioPolicyEngine: getDevices ForStrategy() strategy 1, device 0x4000000 avadevice 0x2, 0x10000, 0x4000000 sfu [0]:0, [1]:10, [4]:0
05-09 11:29:15.009  4934  5198 I dpiz    : (REDACTED) isAppDefaultAssistant setting: %s
05-09 11:29:15.009  4934  5198 I dpiz    : (REDACTED) isAppDefaultAssistant defaultComponentName: %s
05-09 11:29:15.012  4934  5198 I andq    : CreateCalendarEventExecutor is not enabled.
05-09 11:29:15.012  4934  5198 I aned    : DeleteNoteExecutor is not enabled.
05-09 11:29:15.012  4934  5198 I anfh    : UpdateNoteExecutor is not enabled.
05-09 11:29:15.012  4934  5198 I anfh    : UpdateNoteExecutor is not enabled.
05-09 11:29:15.013  4934  5198 I dpiz    : (REDACTED) isAppDefaultAssistant setting: %s
05-09 11:29:15.013  4934  5198 I dpiz    : (REDACTED) isAppDefaultAssistant defaultComponentName: %s
05-09 11:29:15.022  2474  2474 D b/260135164: updateIconAlphaForHome - setIconsAlpha(0), isTaskbarPresent: true
05-09 11:29:15.028  1023 25640 D APM::AudioPolicyEngine: getDevices ForStrategy() strategy 0, device 0x4000000 avadevice 0x2, 0x10000, 0x4000000 sfu [0]:0, [1]:10, [4]:0
05-09 11:29:15.028  1023 25640 D APM::AudioPolicyEngine: getDevices ForStrategy() strategy 0, device 0x4000000 avadevice 0x2, 0x10000, 0x4000000 sfu [0]:0, [1]:10, [4]:0
05-09 11:29:15.029  1023 25640 D APM::AudioPolicyEngine: getDevices ForStrategy() strategy 0, device 0x4000000 avadevice 0x2, 0x10000, 0x4000000 sfu [0]:0, [1]:10, [4]:0
05-09 11:29:15.030  4934  5198 I ahmf    : (REDACTED) #FCF: Managed profile check status : %s
05-09 11:29:15.032  1023 25640 D APM::AudioPolicyEngine: getDevices ForStrategy() strategy 0, device 0x4000000 avadevice 0x2, 0x10000, 0x4000000 sfu [0]:0, [1]:10, [4]:0
05-09 11:29:15.033 18608 18608 W app_process: FaultHandler: MEMBARRIER_CMD_REGISTER_PRIVATE_EXPEDITED failed: 38 Function not implemented
05-09 11:29:15.034  1023 25640 D APM::AudioPolicyEngine: getDevices ForStrategy() strategy 0, device 0x4000000 avadevice 0x2, 0x10000, 0x4000000 sfu [0]:0, [1]:10, [4]:0
05-09 11:29:15.035  1023 25640 D APM::AudioPolicyEngine: getDevices ForStrategy() strategy 0, device 0x4000000 avadevice 0x2, 0x10000, 0x4000000 sfu [0]:0, [1]:10, [4]:0
05-09 11:29:15.035  4934  5198 I ahmf    : (REDACTED) #FCF: Managed profile check status : %s
05-09 11:29:15.035  4934  5198 I ahst    : (REDACTED) isCacheFresh: %s
05-09 11:29:15.036  4934  5198 I amll    : Robin eligibility : Cache is present but is not fresh.
05-09 11:29:15.036  1019  1100 I libPowerHal: [updateFPS] pid(2154) : -1 => 90
05-09 11:29:15.036  1023 25640 D APM::AudioPolicyEngine: getDevices ForStrategy() strategy 0, device 0x4000000 avadevice 0x2, 0x10000, 0x4000000 sfu [0]:0, [1]:10, [4]:0
05-09 11:29:15.036  1019  1121 I libPowerHal: [perfNotifyAppState] pack:com.android.systemui, act:com.android.systemui.usb.UsbConfirmActivity, state:5, pid:2154, uid:10117, fps:90
05-09 11:29:15.036  1019  1121 I UxUtility: notifyForegroundApp pack:com.android.systemui, uid:10117
05-09 11:29:15.036  1019  1121 I TouchUtility: notifyAppState error = NULL
05-09 11:29:15.037  4934  5198 I amll    : Robin eligibility : Robin is eligible
05-09 11:29:15.039  2474  2474 D b/260135164: updateIconAlphaForHome - setIconsAlpha(0), isTaskbarPresent: true
05-09 11:29:15.042  1023 25640 D APM::AudioPolicyEngine: getDevices ForStrategy() strategy 1, device 0x4000000 avadevice 0x2, 0x10000, 0x4000000 sfu [0]:0, [1]:10, [4]:0
05-09 11:29:15.044  3723  4620 I ahqq    : (REDACTED) Robin eligibility #evaluate: isEnabled = %s failure reasons: %s
05-09 11:29:15.046  3723  4620 I agwl    : Robin backend selected for headphone invocations.
05-09 11:29:15.049  3723  4688 I ahio    : (REDACTED) #FCF: Preferred assistant locale set %s 
05-09 11:29:15.049 18608 18608 D nativeloader: InitDefaultPublicLibraries for_preload=1: libandroid.so:libaaudio.so:libamidi.so:libbinder_ndk.so:libc.so:libcamera2ndk.so:libdl.so:libEGL.so:libGLESv1_CM.so:libGLESv2.so:libGLESv3.so:libicu.so:libicui18n.so:libicuuc.so:libjnigraphics.so:liblog.so:libmediandk.so:libm.so:libnativehelper.so:libnativewindow.so:libOpenMAXAL.so:libOpenSLES.so:libRS.so:libstdc++.so:libsync.so:libvulkan.so:libwebviewchromium_plat_support.so:libz.so
05-09 11:29:15.049  3723  4689 I ahio    : (REDACTED) #FCF: Preferred assistant locale set %s 
05-09 11:29:15.049  3723  4688 I ahjf    : (REDACTED) FCF System FeatureName to check: %s
05-09 11:29:15.049  3723  4688 I ahjf    : (REDACTED) FCF: Device model check status : %s
05-09 11:29:15.050  3723  4623 I ahjf    : (REDACTED) FCF System FeatureName to check: %s
05-09 11:29:15.050  3723  4688 I ahjf    : (REDACTED) FCF System FeatureName to check: %s
05-09 11:29:15.050  3723  4623 I ahjf    : (REDACTED) FCF: Device model check status : %s
05-09 11:29:15.050  3723  4623 I ahpr    : (REDACTED) #evaluate: isEnabled[ = %s failure reasons: %s
05-09 11:29:15.051  3723  4623 I ahpq    : (REDACTED) #evaluate: isEnabled = %s failure reasons: %s
05-09 11:29:15.052  2676  9718 W LocalMediaManager: BluetoothAdapter is null or muting expected device not exist
05-09 11:29:15.054  3723  4688 I ahjf    : (REDACTED) FCF: Device model check status : %s
05-09 11:29:15.054  3723  4688 I ahpf    : (REDACTED) #evaluate: isEnabled = %s failure reasons: %s
05-09 11:29:15.055  3723  4688 I ahph    : (REDACTED) #evaluate: isEnabled = %s failure reasons: %s
05-09 11:29:15.055  2474  2474 D b/260135164: updateIconAlphaForHome - setIconsAlpha(0), isTaskbarPresent: true
05-09 11:29:15.057  2154  2594 I vol.Events: writeEvent level_changed STREAM_SYSTEM 8
05-09 11:29:15.058  3723  4688 I ahpl    : (REDACTED) #evaluate: isEnabled = %s failure reasons: %s
05-09 11:29:15.058  2154  2594 I vol.Events: writeEvent level_changed STREAM_MUSIC 4
05-09 11:29:15.063  3723  4622 I agwl    : (REDACTED) Needs to download files: %s
05-09 11:29:15.067  3723  4622 I ahqf    : User OptedIn. Checking Eligibility.
05-09 11:29:15.067 18608 18608 D app_process: Time zone APEX ICU file found: /apex/com.android.tzdata/etc/icu/icu_tzdata.dat
05-09 11:29:15.067 18608 18608 D app_process: I18n APEX ICU file found: /apex/com.android.i18n/etc/icu/icudt72l.dat
05-09 11:29:15.069  3723  4622 I agxp    : (REDACTED) Updated config based on request %s, currentClient %s
05-09 11:29:15.069  3723  4620 I dsql    : (REDACTED) New message(%s, @%s) received at connection(%s).
05-09 11:29:15.070  3723  4620 I dsql    : (REDACTED) Message(%s, @%s) has been successfully processed at connection(%s).
05-09 11:29:15.070  3723  4622 I ahik    : #getEarcons
05-09 11:29:15.070  3723  4689 I dskn    : (REDACTED) Connection state changed: %s.
05-09 11:29:15.070  3723  4622 I aigq    : (REDACTED) #isBluetoothOrWiredHeadsetConnected Number of connected audio devices: %s
05-09 11:29:15.071  3723  4622 I aigq    : (REDACTED) Headset device detected of type: %s
05-09 11:29:15.071  3723  4622 I ahik    : #getEarcons - Adding headset MicOpened earcon.
05-09 11:29:15.072  2474  2474 D b/260135164: updateIconAlphaForHome - setIconsAlpha(0), isTaskbarPresent: true
05-09 11:29:15.072  3723  4622 I alis    : (REDACTED) #isRobinOnlyLocale checkedLocale:%s language:%s list:%s
05-09 11:29:15.075  3723  4689 I dskn    : (REDACTED) Invocations routing has changed
05-09 11:29:15.075  3723  4689 I dskn    : %s
05-09 11:29:15.075  3723  4688 I ahqf    : User OptedIn. Checking Eligibility.
05-09 11:29:15.076  3723  4620 I ahfe    : Evaluating robin eligibility using robinEligibilityChecker
05-09 11:29:15.076  3723  4688 I ahon    : Robin is eligible and opted-in
05-09 11:29:15.076  3723  4688 I ahon    : (REDACTED) Headphone Integration status: %s
05-09 11:29:15.077  3723  4325 I ahqf    : User OptedIn. Checking Eligibility.
05-09 11:29:15.080  3723  4325 I apcp    : (REDACTED) DelegationStatus: %s
05-09 11:29:15.081  4934  5200 I ahmf    : (REDACTED) #FCF: Managed profile check status : %s
05-09 11:29:15.081  3723  4325 I ahfm    : (REDACTED) Populated bump behaviors: %s
05-09 11:29:15.081  4934  5200 I ahqr    : Robin eligibility: Device is eligible.
05-09 11:29:15.082  3723  4325 I ahft    : (REDACTED) Client type %s set for %s
05-09 11:29:15.082  4934  5200 I aqyp    : (REDACTED) #TRIGGER_TYPE type is: %s
05-09 11:29:15.082  4934  5200 I aqyp    : (REDACTED) #TRIGGER_TYPE islockscreen is: %s
05-09 11:29:15.082  3723  4325 I ahft    : (REDACTED) Client type %s set for %s
05-09 11:29:15.082  3723  4325 I ahft    : (REDACTED) Client type %s set for %s
05-09 11:29:15.084  4934  5200 I ajvk    : #bnb# Permission status: Not eligible for Bonobo
05-09 11:29:15.085  4934  5200 I ahqd    : (REDACTED) %s was not found: %s
05-09 11:29:15.087  4934  5200 I ajvk    : #bnb# Permission status: Not eligible for Bonobo
05-09 11:29:15.088  2474  2474 D b/260135164: updateIconAlphaForHome - setIconsAlpha(0), isTaskbarPresent: true
05-09 11:29:15.089  4934  5200 I ango    : ClockLookupExecutor is not enabled.
05-09 11:29:15.090  4934  5200 I anpj    : (REDACTED) No activity found for intent %s.
05-09 11:29:15.092  4934  5200 I anpj    : (REDACTED) No activity found for intent %s.
05-09 11:29:15.092  4934  5200 I ahjf    : (REDACTED) FCF System FeatureName to check: %s
05-09 11:29:15.093  4934  5200 I ahjf    : (REDACTED) FCF: Device model check status : %s
05-09 11:29:15.095  4934  5200 I aogm    : Accessed AssistData when it was not cached yet
05-09 11:29:15.095  4934  5200 I bitu    : Assist structure is null
05-09 11:29:15.095  4934  5200 I anrw    : (REDACTED) getRequiredCapabilities: Providing screen context, uiSource=%s
05-09 11:29:15.099  4934  5200 I dpiz    : (REDACTED) isAppDefaultAssistant setting: %s
05-09 11:29:15.099  4934  5200 I dpiz    : (REDACTED) isAppDefaultAssistant defaultComponentName: %s
05-09 11:29:15.102  4934  5200 I dpiz    : (REDACTED) isAppDefaultAssistant setting: %s
05-09 11:29:15.102  4934  5200 I dpiz    : (REDACTED) isAppDefaultAssistant defaultComponentName: %s
05-09 11:29:15.104  4934  5200 I dpiz    : (REDACTED) isAppDefaultAssistant setting: %s
05-09 11:29:15.104  4934  5200 I dpiz    : (REDACTED) isAppDefaultAssistant defaultComponentName: %s
05-09 11:29:15.104 18608 18608 W libc    : Access denied finding property "ro.vendor.mtk.hbt_binfmt_misc_support"
05-09 11:29:15.104 18608 18608 W libc    : Access denied finding property "ro.vendor.mtk.hbt_dyn_type"
05-09 11:29:15.104 18608 18608 W libc    : Access denied finding property "persist.vendor.mtk.hbt_dyn_type"
05-09 11:29:15.105  2474  2474 D b/260135164: updateIconAlphaForHome - setIconsAlpha(0), isTaskbarPresent: true
05-09 11:29:15.105  4934  5200 I andq    : CreateCalendarEventExecutor is not enabled.
05-09 11:29:15.100 18608 18608 W main    : type=1400 audit(0.0:861111): avc:  denied  { read } for  name="u:object_r:system_mtk_app32_boost_prop:s0" dev="tmpfs" ino=10533 scontext=u:r:shell:s0 tcontext=u:object_r:system_mtk_app32_boost_prop:s0 tclass=file permissive=0
05-09 11:29:15.105  4934  5200 I aned    : DeleteNoteExecutor is not enabled.
05-09 11:29:15.106  4934  5200 I anfh    : UpdateNoteExecutor is not enabled.
05-09 11:29:15.106  4934  5200 I anfh    : UpdateNoteExecutor is not enabled.
05-09 11:29:15.108  4934  5200 I dpiz    : (REDACTED) isAppDefaultAssistant setting: %s
05-09 11:29:15.108  4934  5200 I dpiz    : (REDACTED) isAppDefaultAssistant defaultComponentName: %s
05-09 11:29:15.116 18608 18608 D AndroidRuntime: Calling main entry com.android.commands.monkey.Monkey
05-09 11:29:15.117  4934  5198 I ahmf    : (REDACTED) #FCF: Managed profile check status : %s
05-09 11:29:15.118 18608 18608 W Monkey  : args: [-p, com.nw5w.graywolf, -c, android.intent.category.LAUNCHER, 1]
05-09 11:29:15.118 18608 18608 W Monkey  :  arg: "-p"
05-09 11:29:15.118 18608 18608 W Monkey  :  arg: "com.nw5w.graywolf"
05-09 11:29:15.118 18608 18608 W Monkey  :  arg: "-c"
05-09 11:29:15.118 18608 18608 W Monkey  :  arg: "android.intent.category.LAUNCHER"
05-09 11:29:15.118 18608 18608 W Monkey  :  arg: "1"
05-09 11:29:15.118 18608 18608 W Monkey  : data="com.nw5w.graywolf"
05-09 11:29:15.118 18608 18608 W Monkey  : data="android.intent.category.LAUNCHER"
05-09 11:29:15.120  4934  5198 I ahmf    : (REDACTED) #FCF: Managed profile check status : %s
05-09 11:29:15.121  4934  5198 I ahst    : (REDACTED) isCacheFresh: %s
05-09 11:29:15.122  4934  5198 I amll    : Robin eligibility : Cache is present but is not fresh.
05-09 11:29:15.122  2474  2474 D b/260135164: updateIconAlphaForHome - setIconsAlpha(0), isTaskbarPresent: true
05-09 11:29:15.124  4934  5199 I amll    : Robin eligibility : Robin is eligible
05-09 11:29:15.129  3723  4622 I ahqq    : (REDACTED) Robin eligibility #evaluate: isEnabled = %s failure reasons: %s
05-09 11:29:15.130  3723  4623 I ahfe    : openMicEarlyInInteractorProcess is enabled. Mic is not suppressed even when delegation is disabled.
