05-09 11:29:15.547  1678  4443 I AppsFilter: interaction: PackageSetting{554c8f3 com.nw5w.graywolf/10165} -> PackageSetting{c5d49e7 com.trailbehind.android.gaiagps.pro/10152} BLOCKED
05-09 11:29:15.547  1678  4443 I AppsFilter: interaction: PackageSetting{554c8f3 com.nw5w.graywolf/10165} -> PackageSetting{fe70994 com.android.printspooler/10056} BLOCKED
05-09 11:29:15.547  1678  4443 I AppsFilter: interaction: PackageSetting{554c8f3 com.nw5w.graywolf/10165} -> PackageSetting{6c25c3d com.android.dreams.basic/10066} BLOCKED
05-09 11:29:15.547  1678  4443 I AppsFilter: interaction: PackageSetting{554c8f3 com.nw5w.graywolf/10165} -> PackageSetting{d0a0c32 com.google.android.as.oss/10088} BLOCKED
05-09 11:29:15.547  1678  4443 I AppsFilter: interaction: PackageSetting{554c8f3 com.nw5w.graywolf/10165} -> PackageSetting{daa9d83 com.chartcross.gpstest/10060} BLOCKED
05-09 11:29:15.547  1678  4443 I AppsFilter: interaction: PackageSetting{554c8f3 com.nw5w.graywolf/10165} -> PackageSetting{3f52b00 com.android.rkpdapp/10134} BLOCKED
05-09 11:29:15.547  1678  4443 I AppsFilter: interaction: PackageSetting{554c8f3 com.nw5w.graywolf/10165} -> PackageSetting{fd5e5e9 com.google.android.overlay.gmsconfig.comms/10002} BLOCKED
05-09 11:29:15.547  1678  4443 I AppsFilter: interaction: PackageSetting{554c8f3 com.nw5w.graywolf/10165} -> PackageSetting{556126e com.google.android.overlay.gmsconfig.geotz/10008} BLOCKED
05-09 11:29:15.547  1678  4443 I AppsFilter: interaction: PackageSetting{554c8f3 com.nw5w.graywolf/10165} -> PackageSetting{47d7f39 com.android.musicfx/10049} BLOCKED
05-09 11:29:15.548  1678  4443 I AppsFilter: interaction: PackageSetting{554c8f3 com.nw5w.graywolf/10165} -> PackageSetting{548b97e com.google.android.apps.docs/10156} BLOCKED
05-09 11:29:15.548  1678  4443 I AppsFilter: interaction: PackageSetting{554c8f3 com.nw5w.graywolf/10165} -> PackageSetting{def8edf com.google.android.apps.maps/10114} BLOCKED
05-09 11:29:15.548  1678  4443 I AppsFilter: interaction: PackageSetting{554c8f3 com.nw5w.graywolf/10165} -> PackageSetting{c01f72c com.google.android.contactkeys/10161} BLOCKED
05-09 11:29:15.548  1678  4443 I AppsFilter: interaction: PackageSetting{554c8f3 com.nw5w.graywolf/10165} -> PackageSetting{e2dd5f5 com.google.android.contacts/10110} BLOCKED
05-09 11:29:15.548  1678  4443 I AppsFilter: interaction: PackageSetting{554c8f3 com.nw5w.graywolf/10165} -> PackageSetting{132ef8a com.android.chrome/10113} BLOCKED
05-09 11:29:15.548  1678  4443 I AppsFilter: interaction: PackageSetting{554c8f3 com.nw5w.graywolf/10165} -> PackageSetting{66839fb com.android.wifi.resources/10145} BLOCKED
05-09 11:29:15.548  1678  4443 I AppsFilter: interaction: PackageSetting{554c8f3 com.nw5w.graywolf/10165} -> PackageSetting{f2d5a18 com.google.android.partnersetup/10087} BLOCKED
05-09 11:29:15.548  1678  4443 I AppsFilter: interaction: PackageSetting{554c8f3 com.nw5w.graywolf/10165} -> PackageSetting{13a0f07 com.google.android.overlay.gmsconfig.asi/10017} BLOCKED
05-09 11:29:15.548  1678  4443 I AppsFilter: interaction: PackageSetting{554c8f3 com.nw5w.graywolf/10165} -> PackageSetting{cb6b834 com.google.android.overlay.gmsconfig.gsa/10019} BLOCKED
05-09 11:29:15.548  1678  4443 I AppsFilter: interaction: PackageSetting{554c8f3 com.nw5w.graywolf/10165} -> PackageSetting{224765d com.android.theme.font.notoserifsource/10018} BLOCKED
05-09 11:29:15.548  1678  4443 I AppsFilter: interaction: PackageSetting{554c8f3 com.nw5w.graywolf/10165} -> PackageSetting{e52dc71 com.chamberlain.android.liftmaster.myq/10159} BLOCKED
05-09 11:29:15.548  1678  4443 I AppsFilter: interaction: PackageSetting{554c8f3 com.nw5w.graywolf/10165} -> PackageSetting{8d87a56 com.onepassword.android/10155} BLOCKED
05-09 11:29:15.548  1678  4443 I AppsFilter: interaction: PackageSetting{554c8f3 com.nw5w.graywolf/10165} -> PackageSetting{d2123a0 com.android.internal.display.cutout.emulation.waterfall/10016} BLOCKED
05-09 11:29:15.548  1678  4443 I AppsFilter: interaction: PackageSetting{554c8f3 com.nw5w.graywolf/10165} -> PackageSetting{df67ad7 com.android.nearby.halfsheet/10143} BLOCKED
05-09 11:29:15.548  1678  4443 I AppsFilter: interaction: PackageSetting{554c8f3 com.nw5w.graywolf/10165} -> PackageSetting{121f31e com.android.internal.systemui.navbar.transparent/10003} BLOCKED
05-09 11:29:15.548  1678  4443 I AppsFilter: interaction: PackageSetting{554c8f3 com.nw5w.graywolf/10165} -> PackageSetting{4a9ffc4 com.google.android.feedback/10126} BLOCKED
05-09 11:29:15.548  1678  4443 I AppsFilter: interaction: PackageSetting{554c8f3 com.nw5w.graywolf/10165} -> PackageSetting{de7cead com.google.android.printservice.recommendation/10069} BLOCKED
05-09 11:29:15.548  1678  4443 I AppsFilter: interaction: PackageSetting{554c8f3 com.nw5w.graywolf/10165} -> PackageSetting{2aa0283 com.google.android.syncadapters.calendar/10104} BLOCKED
05-09 11:29:15.548  1678  4443 I AppsFilter: interaction: PackageSetting{554c8f3 com.nw5w.graywolf/10165} -> PackageSetting{379e5e2 com.spotify.music/10154} BLOCKED
05-09 11:29:15.549  1678  4443 I AppsFilter: interaction: PackageSetting{554c8f3 com.nw5w.graywolf/10165} -> PackageSetting{dbded73 com.simplemobiletools.gallery.pro/10162} BLOCKED
05-09 11:29:15.549  1678  4443 I AppsFilter: interaction: PackageSetting{554c8f3 com.nw5w.graywolf/10165} -> PackageSetting{2295430 com.thorkracing.dmd2launcher/10085} BLOCKED
05-09 11:29:15.549  1678  4443 I AppsFilter: interaction: PackageSetting{554c8f3 com.nw5w.graywolf/10165} -> PackageSetting{5fa8a9 com.android.providers.partnerbookmarks/10051} BLOCKED
05-09 11:29:15.549  1678  4443 I AppsFilter: interaction: PackageSetting{554c8f3 com.nw5w.graywolf/10165} -> PackageSetting{9d47e2e com.android.wallpaper.livepicker/10039} BLOCKED
05-09 11:29:15.549  1678  4443 I AppsFilter: interaction: PackageSetting{554c8f3 com.nw5w.graywolf/10165} -> PackageSetting{37fedcf com.android.cellbroadcastreceiver.module/10149} BLOCKED
05-09 11:29:15.549  1678  4443 I AppsFilter: interaction: PackageSetting{554c8f3 com.nw5w.graywolf/10165} -> PackageSetting{507835c com.android.imsserviceentitlement/10097} BLOCKED
05-09 11:29:15.549  1678  4443 I AppsFilter: interaction: PackageSetting{554c8f3 com.nw5w.graywolf/10165} -> PackageSetting{3612665 com.android.bookmarkprovider/10063} BLOCKED
05-09 11:29:15.549  1678  4443 I AppsFilter: interaction: PackageSetting{554c8f3 com.nw5w.graywolf/10165} -> PackageSetting{43ee4b6 com.google.android.projection.gearhead/10093} BLOCKED
05-09 11:29:15.549  1678  4443 I AppsFilter: interaction: PackageSetting{554c8f3 com.nw5w.graywolf/10165} -> PackageSetting{12e4f3a onxmaps.offroad/10160} BLOCKED
05-09 11:29:15.549  1678  4443 I AppsFilter: interaction: PackageSetting{554c8f3 com.nw5w.graywolf/10165} -> PackageSetting{db797eb com.google.android.apps.turbo/10100} BLOCKED
05-09 11:29:15.549  1678  4443 I AppsFilter: interaction: PackageSetting{554c8f3 com.nw5w.graywolf/10165} -> PackageSetting{33b05b7 com.android.cts.ctsshim/10055} BLOCKED
05-09 11:29:15.549  1678  4443 I AppsFilter: interaction: PackageSetting{554c8f3 com.nw5w.graywolf/10165} -> PackageSetting{2377948 com.thorkracing.auto_off/10082} BLOCKED
05-09 11:29:15.549  1678  4443 I AppsFilter: interaction: PackageSetting{554c8f3 com.nw5w.graywolf/10165} -> PackageSetting{e42c3e1 com.android.hotspot2.osulogin/10146} BLOCKED
05-09 11:29:15.550  1678  4443 I AppsFilter: interaction: PackageSetting{554c8f3 com.nw5w.graywolf/10165} -> PackageSetting{b222506 com.google.android.gms.location.history/10109} BLOCKED
05-09 11:29:15.550  1678  4443 I AppsFilter: interaction: PackageSetting{554c8f3 com.nw5w.graywolf/10165} -> PackageSetting{7bf5fce com.android.internal.systemui.navbar.gestural/10005} BLOCKED
05-09 11:29:15.550  1678  4443 I AppsFilter: interaction: PackageSetting{554c8f3 com.nw5w.graywolf/10165} -> PackageSetting{300beef com.google.android.overlay.gmsconfig.personalsafety/10011} BLOCKED
05-09 11:29:15.550  1678  4443 I AppsFilter: interaction: PackageSetting{554c8f3 com.nw5w.graywolf/10165} -> PackageSetting{d75c7c7 com.android.bluetoothmidiservice/10057} BLOCKED
05-09 11:29:15.550  1678  4443 I AppsFilter: interaction: PackageSetting{554c8f3 com.nw5w.graywolf/10165} -> PackageSetting{3442c85 android.auto_generated_rro_product__/10012} BLOCKED
05-09 11:29:15.550  1678  4443 I AppsFilter: interaction: PackageSetting{554c8f3 com.nw5w.graywolf/10165} -> PackageSetting{8eee1f4 com.android.wallpaperpicker/10108} BLOCKED
05-09 11:29:15.550  1678  4443 I AppsFilter: interaction: PackageSetting{554c8f3 com.nw5w.graywolf/10165} -> PackageSetting{d46bd1d com.android.captiveportallogin/10071} BLOCKED
05-09 11:29:15.550  1678  4443 I AppsFilter: interaction: PackageSetting{554c8f3 com.nw5w.graywolf/10165} -> PackageSetting{3da4de8 com.android.internal.systemui.navbar.gestural_narrow_back/10021} BLOCKED
05-09 11:29:15.550  1678  4443 I AppsFilter: interaction: PackageSetting{554c8f3 com.nw5w.graywolf/10165} -> PackageSetting{62b8b92 com.google.android.inputmethod.latin/10112} BLOCKED
05-09 11:29:15.550  1678  4443 I AppsFilter: interaction: PackageSetting{554c8f3 com.nw5w.graywolf/10165} -> PackageSetting{9fd1963 com.google.android.apps.restore/10090} BLOCKED
05-09 11:29:15.556  2154  2197 V WindowManagerShell: Transition animation finished (aborted=false), notifying core (#313)android.os.BinderProxy@675e73f@0
05-09 11:29:15.557  1678  1702 V WindowManager: Finish Transition #313: created at 05-09 11:29:15.164 collect-started=0.047ms request-sent=10.267ms started=26.143ms ready=85.995ms sent=98.967ms finished=392.463ms
05-09 11:29:15.558  1026  1165 E BufferQueueDebug: [Surface(name=718f4a9 com.android.systemui/com.android.systemui.usb.UsbConfirmActivity)/@0x44ab029 - animation-leash of window_animation#3936](this:0xb400006d831bc988,id:-1,api:0,p:-1,c:-1) id info cannot be read from 'Surface(name=718f4a9 com.android.systemui/com.android.systemui.usb.UsbConfirmActivity)/@0x44ab029 - animation-leash of window_animation#3936'
05-09 11:29:15.558  1026  1165 I BufferQueueDebug: [Surface(name=718f4a9 com.android.systemui/com.android.systemui.usb.UsbConfirmActivity)/@0x44ab029 - animation-leash of window_animation#3936](this:0xb400006d831bc988,id:-1,api:0,p:-1,c:-1) BufferQueue core=(1026:/system/bin/surfaceflinger)
05-09 11:29:15.560  2154  2197 V WindowManagerShell: Track 0 became idle
05-09 11:29:15.560  2154  2197 V WindowManagerShell: All active transition animations finished
05-09 11:29:15.568  1678  6180 I GED     : ged_boost_gpu_freq, level 100, eOrigin 2, final_idx 31, oppidx_max 31, oppidx_min 0
05-09 11:29:15.575 18632 18632 I cr_WVCFactoryProvider: version=147.0.7727.55 (772705503) minSdkVersion=29 multiprocess=true packageId=127 splits=<none>
05-09 11:29:15.580  2154  2154 D BLASTBufferQueue: [VRI[UsbConfirmActivity]#331](f:0,a:1) destructor()
05-09 11:29:15.580  2154  2154 D BufferQueueConsumer: [VRI[UsbConfirmActivity]#331(BLAST Consumer)331](id:86a0000014b,api:0,p:-1,c:2154) disconnect
05-09 11:29:15.583  2474  2474 D BLASTBufferQueue: [VRI[QuickstepLauncher]#36](f:0,a:1) destructor()
05-09 11:29:15.583  2474  2474 D BufferQueueConsumer: [VRI[QuickstepLauncher]#36(BLAST Consumer)36](id:9aa00000029,api:0,p:-1,c:2474) disconnect
05-09 11:29:15.592  1026  1026 I BufferQueueDebug: [Transition Root: Task=228#3931](this:0xb400006d831b9bf8,id:-1,api:0,p:-1,c:1026) onDestructor()
05-09 11:29:15.595 18632 18662 I chromium: [0509/112915.595358:INFO:android_webview/browser/variations/variations_seed_loader.cc:67] Failed to open file for reading.: No such file or directory (2)
05-09 11:29:15.608  1026  1026 I BufferQueueDebug: [98d618 ActivityRecordInputSink com.android.systemui/.usb.UsbConfirmActivity#3921](this:0xb400006d8316fb58,id:-1,api:0,p:-1,c:1026) onDestructor()
05-09 11:29:15.608  1026  1026 I BufferQueueDebug: [a3be6ae ActivityRecordInputSink com.android.launcher3/.uioverrides.QuickstepLauncher#3911](this:0xb400006d831a8a98,id:-1,api:0,p:-1,c:1026) onDestructor()
05-09 11:29:15.621 18632 18632 I cr_LibraryLoader: Successfully loaded native library
05-09 11:29:15.623 18632 18632 I cr_CachingUmaRecorder: Flushed 20 samples from 19 histograms, 0 samples were dropped.
05-09 11:29:15.628 18632 18632 I cr_ChildProcLH: ScopedServiceBindingBatch.tryActivate: false
05-09 11:29:15.631 18632 18632 I cr_CombinedPProvider: #registerProvider() provider:WV.yk@bb77658 isPolicyCacheEnabled:false policyProvidersSize:0
05-09 11:29:15.632 18632 18632 I cr_PolicyProvider: #setManagerAndSource() 0
05-09 11:29:15.638  1678  1696 D CompatibilityChangeReporter: Compat change id reported: 135634846; UID 99051; state: DISABLED
05-09 11:29:15.638  1678  1696 D CompatibilityChangeReporter: Compat change id reported: 177438394; UID 99051; state: DISABLED
05-09 11:29:15.638  1678  1696 D CompatibilityChangeReporter: Compat change id reported: 135772972; UID 99051; state: DISABLED
05-09 11:29:15.638  1678  1696 D CompatibilityChangeReporter: Compat change id reported: 135754954; UID 99051; state: ENABLED
05-09 11:29:15.639  1678  1717 D CompatibilityChangeReporter: Compat change id reported: 143937733; UID 10165; state: ENABLED
05-09 11:29:15.641 18632 18632 I cr_DisplayManager: Is Display Topology available: false
05-09 11:29:15.647  2365  2365 D Zygote  : Forked child process 18668
05-09 11:29:15.649  1678  1717 I ActivityManager: Start proc 18668:com.google.android.webview:sandboxed_process0:org.chromium.content.app.SandboxedProcessService0:0/u0i51 for  {com.nw5w.graywolf/org.chromium.content.app.SandboxedProcessService0:0}
05-09 11:29:15.650 18668 18668 E libc    : SetHeapTaggingLevel: re-enabling tagging after it was disabled is not supported
05-09 11:29:15.655 18668 18668 I ocessService0:0: Using CollectorTypeCC GC.
05-09 11:29:15.659 18668 18668 E ocessService0:0: Not starting debugger since process cannot load the jdwp agent.
05-09 11:29:15.665  1678  4443 V ActivityManager: New death recipient com.android.server.am.ActivityManagerService$AppDeathRecipient@41bcd3 for thread android.os.BinderProxy@1b7e010
05-09 11:29:15.668  1678  1703 E ApplicationHelper: Fail to get PackageManager
05-09 11:29:15.669  1678  4443 D CompatibilityChangeReporter: Compat change id reported: 261072174; UID 10165; state: ENABLED
05-09 11:29:15.671 18668 18668 D CompatibilityChangeReporter: Compat change id reported: 171979766; UID 99051; state: ENABLED
05-09 11:29:15.671 18668 18668 D CompatibilityChangeReporter: Compat change id reported: 242716250; UID 99051; state: ENABLED
05-09 11:29:15.675 18632 18632 I cr_CombinedPProvider: #linkNativeInternal() 1
05-09 11:29:15.676 18632 18632 I cr_AppResProvider: #getApplicationRestrictionsFromUserManager() Bundle[EMPTY_PARCEL]
05-09 11:29:15.676 18632 18632 I cr_PolicyProvider: #notifySettingsAvailable() 0
05-09 11:29:15.676 18632 18632 I cr_CombinedPProvider: #onSettingsAvailable() 0
05-09 11:29:15.676 18632 18632 I cr_CombinedPProvider: #flushPolicies()
05-09 11:29:15.677 18668 18668 D ApplicationLoaders: Returning zygote-cached class loader: /system/framework/android.test.base.jar
05-09 11:29:15.677  1678  1703 E ApplicationHelper: Fail to get PackageManager
05-09 11:29:15.679  1678  1703 E ApplicationHelper: Fail to get PackageManager
05-09 11:29:15.682 18668 18668 I cr_WebViewApkApp: version=147.0.7727.55 (772705503) minSdkVersion=29 processName=com.google.android.webview:sandboxed_process0:org.chromium.content.app.SandboxedProcessService0:0 splits=<none>
05-09 11:29:15.682 31217 31217 D BoundBrokerSvc: onBind: Intent { act=com.google.android.gms.safetynet.service.START pkg=com.google.android.gms }
05-09 11:29:15.682 31217 31217 D BoundBrokerSvc: Loading bound service for intent: Intent { act=com.google.android.gms.safetynet.service.START pkg=com.google.android.gms }
05-09 11:29:15.683  1678  4443 I ActivityManager: Flag disabled. Ignoring finishAttachApplication from uid: 99051. pid: 18668
05-09 11:29:15.685 18668 18668 W SystemServiceRegistry: No service published for: virtualdevice
05-09 11:29:15.685 18668 18668 I cr_ChildProcessService: Creating new ChildProcessService pid=18668
05-09 11:29:15.707 18632 18685 W chromium: [WARNING:net/dns/dns_config_service_android.cc:69] Failed to read DnsConfig.
05-09 11:29:15.710  1007  1007 I hwcomposer: [HWCDisplay] [Display_0 (type:1)] fps:60.432636,dur:1009.39,max:22.10,min:12.40  
05-09 11:29:15.721 18632 18632 W chromium: [WARNING:android_webview/browser/network_service/net_helpers.cc:137] HTTP Cache size is: 20971520
05-09 11:29:15.722  1678  1703 E ApplicationHelper: Fail to get PackageManager
05-09 11:29:15.734 18632 18632 D CompatibilityChangeReporter: Compat change id reported: 214741472; UID 10165; state: ENABLED
05-09 11:29:15.735  1678  1678 W AccessibilityManagerService:  wait for adding window timeout: 309
05-09 11:29:15.737 31217 31217 D BoundBrokerSvc: onBind: Intent { act=com.google.android.gms.safebrowsing.SafeBrowsingService.START dat=chimera-action:/... cmp=com.google.android.gms/.chimera.GmsBoundBrokerService }
05-09 11:29:15.738 31217 31217 D BoundBrokerSvc: Loading bound service for intent: Intent { act=com.google.android.gms.safebrowsing.SafeBrowsingService.START dat=chimera-action:/... cmp=com.google.android.gms/.chimera.GmsBoundBrokerService }
05-09 11:29:15.746 18632 18632 D CompatibilityChangeReporter: Compat change id reported: 171228096; UID 10165; state: ENABLED
05-09 11:29:15.775  1026  1026 I BufferQueueDebug: [Surface(name=718f4a9 com.android.systemui/com.android.systemui.usb.UsbConfirmActivity)/@0x44ab029 - animation-leash of window_animation#3936](this:0xb400006d831bc988,id:-1,api:0,p:-1,c:1026) onDestructor()
05-09 11:29:15.777  1678  1705 W AccessibilityWindowsPopulator: Windows change within in 2 frames continuously over 500 ms and notify windows changed immediately
05-09 11:29:15.819  1678  8061 I ActivityManager: Background started FGS: Allowed [callingPackage: com.nw5w.graywolf; callingUid: 10165; uidState: TOP ; uidBFSL: [BFSL]; intent: Intent { cmp=com.nw5w.graywolf/.GraywolfService }; code:PROC_STATE_TOP; tempAllowListReason:<null>; targetSdkVersion:34; callerTargetSdkVersion:34; startForegroundCount:0; bindFromPackage:null: isBindService:false]
05-09 11:29:15.828  1678  8061 D CompatibilityChangeReporter: Compat change id reported: 161145287; UID 1000; state: ENABLED
05-09 11:29:15.831 18632 18632 I UsbPttAdapter: enumerate: 2 attached USB device(s)
05-09 11:29:15.833 18632 18632 I UsbPttAdapter: device name=/dev/bus/usb/001/056 vid=0x0D8C pid=0x0012 role=CM108 ifaces=6
05-09 11:29:15.833 18632 18632 I UsbPttAdapter:   iface[0] id=0 class=1 subclass=1 proto=0 endpoints=0
05-09 11:29:15.833 18632 18632 I UsbPttAdapter:   iface[1] id=1 class=1 subclass=2 proto=0 endpoints=0
05-09 11:29:15.833 18632 18632 I UsbPttAdapter:   iface[2] id=1 class=1 subclass=2 proto=0 endpoints=1 ep[0] addr=0x01 type=1 dir=0
05-09 11:29:15.833 18632 18632 I UsbPttAdapter:   iface[3] id=2 class=1 subclass=2 proto=0 endpoints=0
05-09 11:29:15.834 18632 18632 I UsbPttAdapter:   iface[4] id=2 class=1 subclass=2 proto=0 endpoints=1 ep[0] addr=0x82 type=1 dir=128
05-09 11:29:15.834 18632 18632 I UsbPttAdapter:   iface[5] id=3 class=3 subclass=0 proto=0 endpoints=1 ep[0] addr=0x87 type=3 dir=128
05-09 11:29:15.836 18632 18632 D CompatibilityChangeReporter: Compat change id reported: 160794467; UID 10165; state: ENABLED
05-09 11:29:15.837 18632 18632 I UsbPttAdapter: requestPermission /dev/bus/usb/001/056
05-09 11:29:15.843  1019  1051 I mtkpower@impl: [setMode] type:5, enabled:1
05-09 11:29:15.843  1019  1121 I libPowerHal: [perfLockAcq] idx:3 hdl:2954 hint:11 pid:1019 duration:30000 lock_user:mtkpower@1.0-se => ret_hdl:2954
05-09 11:29:15.844  1019  1121 I libPowerHal: [perfLockRel] hdl:2951, idx:0
05-09 11:29:15.845  1026  2081 E BufferQueueDebug: [ActivityRecord{d45a034 u0 com.android.systemui/.usb.UsbPermissionActivity#3937](this:0xb400006d831bc988,id:-1,api:0,p:-1,c:-1) id info cannot be read from 'ActivityRecord{d45a034 u0 com.android.systemui/.usb.UsbPermissionActivity#3937'
05-09 11:29:15.846  1026  2081 I BufferQueueDebug: [ActivityRecord{d45a034 u0 com.android.systemui/.usb.UsbPermissionActivity#3937](this:0xb400006d831bc988,id:-1,api:0,p:-1,c:-1) BufferQueue core=(1026:/system/bin/surfaceflinger)
05-09 11:29:15.847  1019  1051 I mtkpower@impl: [setMode] type:5, enabled:1
05-09 11:29:15.847  1019  1121 I libPowerHal: [perfLockAcq] idx:0 hdl:2955 hint:11 pid:1019 duration:30000 lock_user:mtkpower@1.0-se => ret_hdl:2955
05-09 11:29:15.847  1019  1121 I libPowerHal: [perfLockRel] hdl:2954, idx:3
05-09 11:29:15.847  1678  8061 I PowerHalWrapper: amsBoostNotify pid:18632,activity:com.nw5w.graywolf.MainActivity, package:com.nw5w.graywolf, mProcessCreatePackcom.nw5w.graywolf 
05-09 11:29:15.847  1678  8061 I PowerHalWrapper: state: 0 
05-09 11:29:15.848  1678  8061 I mtkpower_client: [Legacy][PowerHal_Wrap_notifyAppState] com.nw5w.graywolf/com.nw5w.graywolf.MainActivity pid=18632 state:0
05-09 11:29:15.848  1019  1121 I libPowerHal: [perfNotifyAppState] pack:com.nw5w.graywolf, act:com.nw5w.graywolf.MainActivity, state:0, pid:18632, uid:10165, fps:90
05-09 11:29:15.848  1678  8061 I PowerHalWrapper: amsBoostNotify AMS_BOOST_PROCESS_CREATE_BOOST:true 
05-09 11:29:15.848  1678  1678 D MBrainLocalService: isVendorFreezeConditionPass is false
05-09 11:29:15.848  1678  1678 E MBrainLocalService: notifyAppSwitch failed
05-09 11:29:15.849  1678  8061 I PowerHalWrapper: <amsBoostResume> last:com.nw5w.graywolf, next:com.android.systemui 
05-09 11:29:15.849  1678  8061 E Transition: Trying to add a ready-group twice: Display{#0 state=ON size=1280x800 ROTATION_0}
05-09 11:29:15.849  1019  1121 I libPowerHal: [perfLockAcq] idx:3 hdl:2956 hint:22 pid:1019 duration:10000 lock_user:mtkpower@1.0-se => ret_hdl:2956
05-09 11:29:15.849  1678  8061 I ActivityTaskManager: START u0 {flg=0x10000000 cmp=com.android.systemui/.usb.UsbPermissionActivity (has extras)} with LAUNCH_MULTIPLE from uid 1000 (BAL_ALLOW_ALLOWLISTED_UID) result code=0
05-09 11:29:15.849  1019  1121 I libPowerHal: [perfLockRel] hdl:2952, idx:1
05-09 11:29:15.850  2154  2197 V WindowManagerShell: Transition requested: android.os.BinderProxy@558bd04 TransitionRequestInfo { type = OPEN, triggerTask = TaskInfo{userId=0 taskId=227 displayId=0 isRunning=true baseIntent=Intent { flg=0x10800000 cmp=com.android.systemui/.usb.UsbConfirmActivity } baseActivity=ComponentInfo{com.android.systemui/com.android.systemui.usb.UsbConfirmActivity} topActivity=ComponentInfo{com.android.systemui/com.android.systemui.usb.UsbPermissionActivity} origActivity=null realActivity=ComponentInfo{com.android.systemui/com.android.systemui.usb.UsbConfirmActivity} numActivities=2 lastActiveTime=673443000 supportsMultiWindow=true resizeMode=1 isResizeable=true minWidth=-1 minHeight=-1 defaultMinSize=220 token=WCT{android.window.IWindowContainerToken$Stub$Proxy@577e2ed} topActivityType=1 pictureInPictureParams=null shouldDockBigOverlays=false launchIntoPipHostTaskId=-1 lastParentTaskIdBeforePip=-1 displayCutoutSafeInsets=null topActivityInfo=ActivityInfo{b7e0522 com.android.systemui.usb.UsbPermissionActivity} launchCookies=[] positionInParent=Point(0, 0) parentTaskId=-1 isFocused=true isVisible=false isVisibleRequested=false isSleeping=false topActivityInSizeCompat=false topActivityEligibleForLetterboxEducation= false topActivityLetterboxed= false isFromDoubleTap= false topActivityLetterboxVerticalPosition= -1 topActivityLetterboxHorizontalPosition= -1 topActivityLetterboxWidth=-1 topActivityLetterboxHeight=-1 locusId=null displayAreaFeatureId=1 cameraCompatControlState=hidden}, remoteTransition = null, displayChange = null }
05-09 11:29:15.850 18632 18632 I UsbPttAdapter: device name=/dev/bus/usb/001/055 vid=0x10C4 pid=0xEA60 role=CP2102N ifaces=1
05-09 11:29:15.851 18632 18632 I UsbPttAdapter:   iface[0] id=0 class=255 subclass=0 proto=0 endpoints=2 ep[0] addr=0x02 type=2 dir=0 ep[1] addr=0x82 type=2 dir=128
05-09 11:29:15.852 18632 18632 I UsbPttAdapter: requestPermission /dev/bus/usb/001/055
05-09 11:29:15.855  1019  1051 I mtkpower@impl: [setMode] type:5, enabled:1
05-09 11:29:15.855  1019  1121 I libPowerHal: [perfLockAcq] idx:1 hdl:2957 hint:11 pid:1019 duration:30000 lock_user:mtkpower@1.0-se => ret_hdl:2957
05-09 11:29:15.855  1026  2081 E BufferQueueDebug: [ActivityRecord{4489ca3 u0 com.android.systemui/.usb.UsbPermissionActivity#3938](this:0xb400006d831672a8,id:-1,api:0,p:-1,c:-1) id info cannot be read from 'ActivityRecord{4489ca3 u0 com.android.systemui/.usb.UsbPermissionActivity#3938'
05-09 11:29:15.855  1026  2081 I BufferQueueDebug: [ActivityRecord{4489ca3 u0 com.android.systemui/.usb.UsbPermissionActivity#3938](this:0xb400006d831672a8,id:-1,api:0,p:-1,c:-1) BufferQueue core=(1026:/system/bin/surfaceflinger)
05-09 11:29:15.855  1019  1121 I libPowerHal: [perfLockRel] hdl:2955, idx:0
05-09 11:29:15.856  1019  1051 I mtkpower@impl: [setMode] type:5, enabled:1
05-09 11:29:15.857  1019  1121 I libPowerHal: [perfLockAcq] idx:0 hdl:2958 hint:11 pid:1019 duration:30000 lock_user:mtkpower@1.0-se => ret_hdl:2958
05-09 11:29:15.857  1678  8061 I ActivityTaskManager: START u0 {flg=0x10000000 cmp=com.android.systemui/.usb.UsbPermissionActivity (has extras)} with LAUNCH_MULTIPLE from uid 1000 (BAL_ALLOW_ALLOWLISTED_UID) result code=0
05-09 11:29:15.857  1019  1121 I libPowerHal: [perfLockRel] hdl:2957, idx:1
05-09 11:29:15.863 18632 18632 I SurfaceFactory: [static] sSurfaceFactory = com.mediatek.view.impl.SurfaceFactoryImpl@4e0b451
05-09 11:29:15.863  1026  2081 D SurfaceFlinger: [SF client] NEW(0xb400006f13056600) for (18632:com.nw5w.graywolf)
05-09 11:29:15.863 18632 18653 I PowerHalWrapper: PowerHalWrapper.getInstance 
05-09 11:29:15.865 18632 18632 D CompatibilityChangeReporter: Compat change id reported: 237531167; UID 10165; state: DISABLED
05-09 11:29:15.867 18632 18632 W OpenGLRenderer: Unknown dataspace 0
05-09 11:29:15.870 18632 18632 D VRI[MainActivity]: hardware acceleration = true, forceHwAccelerated = false
05-09 11:29:15.872  1026  2081 D SurfaceFlinger: [SF client] NEW(0xb400006f13056570) for (1678:system_server)
05-09 11:29:15.873  1026  2081 E BufferQueueDebug: [288c1cc com.nw5w.graywolf/com.nw5w.graywolf.MainActivity#3939](this:0xb400006d831310f8,id:-1,api:0,p:-1,c:-1) id info cannot be read from '288c1cc com.nw5w.graywolf/com.nw5w.graywolf.MainActivity#3939'
05-09 11:29:15.873  1026  2081 I BufferQueueDebug: [288c1cc com.nw5w.graywolf/com.nw5w.graywolf.MainActivity#3939](this:0xb400006d831310f8,id:-1,api:0,p:-1,c:-1) BufferQueue core=(1026:/system/bin/surfaceflinger)
05-09 11:29:15.876 18632 18632 D libMEOW : meow new tls: 0xb4000074fef89080
05-09 11:29:15.876 18632 18632 D libMEOW : applied 1 plugins for [com.nw5w.graywolf]:
05-09 11:29:15.876 18632 18632 D libMEOW :   plugin 1: [libMEOW_gift.so]: 0xb40000766ef1c840
05-09 11:29:15.877 18632 18632 D libMEOW : rebuild call chain: 0xb4000074fefb90b0
05-09 11:29:15.877 18632 18632 D InputTransport: Create ARC handle: 0xb40000764ef68c10
05-09 11:29:15.877 18632 18632 D InputEventReceiver: Input log is disabled in InputEventReceiver.
05-09 11:29:15.877 18632 18632 D InputTransport: Input log is disabled in InputChannel.
05-09 11:29:15.884 18632 18703 I CameraManagerGlobal: Connecting to camera service
05-09 11:29:15.889 18632 18632 D CompatibilityChangeReporter: Compat change id reported: 193247900; UID 10165; state: ENABLED
05-09 11:29:15.892  1026  1026 I BpBinder: onLastStrongRef automatically unlinking death recipients: 
05-09 11:29:15.896  1678  8061 D CoreBackPreview: Window{288c1cc u0 com.nw5w.graywolf/com.nw5w.graywolf.MainActivity}: Setting back callback OnBackInvokedCallbackInfo{mCallback=android.window.IOnBackInvokedCallback$Stub$Proxy@c662eb8, mPriority=0, mIsAnimationCallback=false}
05-09 11:29:15.898  1026  2081 E BufferQueueDebug: [com.nw5w.graywolf/com.nw5w.graywolf.MainActivity#3940](this:0xb400006d8313f4c8,id:-1,api:0,p:-1,c:-1) id info cannot be read from 'com.nw5w.graywolf/com.nw5w.graywolf.MainActivity#3940'
05-09 11:29:15.898  1026  2081 I BufferQueueDebug: [com.nw5w.graywolf/com.nw5w.graywolf.MainActivity#3940](this:0xb400006d8313f4c8,id:-1,api:0,p:-1,c:-1) BufferQueue core=(1026:/system/bin/surfaceflinger)
05-09 11:29:15.901  1678  8061 I WindowManager: Relayout Window{288c1cc u0 com.nw5w.graywolf/com.nw5w.graywolf.MainActivity}: oldVis=4 newVis=0 focusMayChange = true requestedWidth = 1280 requestedHeight = 800 outFrames = ClientWindowFrames{frame=[0,0][1280,800] display=[0,0][1280,800] parentFrame=[0,0][0,0]} outSurfaceControl = Surface(name=com.nw5w.graywolf/com.nw5w.graywolf.MainActivity)/@0x56a4ff7
05-09 11:29:15.906 18632 18632 D BufferQueueConsumer: [](id:48c800000000,api:0,p:-1,c:18632) connect: controlledByApp=false
05-09 11:29:15.908 18632 18632 E FBI     : Can't load library: dlopen failed: library "libmagtsync.so" not found
05-09 11:29:15.910 18632 18654 D libMEOW : meow new tls: 0xb4000074fef99090
05-09 11:29:15.910 18632 18654 D libMEOW : applied 1 plugins for [com.nw5w.graywolf]:
05-09 11:29:15.910 18632 18654 D libMEOW :   plugin 1: [libMEOW_gift.so]: 0xb40000766ef1c840
05-09 11:29:15.910 18632 18654 D libMEOW : rebuild call chain: 0xb4000074fefa90a0
05-09 11:29:15.915   523   523 I hwservicemanager: getTransport: Cannot find entry android.hardware.configstore@1.0::ISurfaceFlingerConfigs/default in either framework or device VINTF manifest.
05-09 11:29:15.915 18632 18654 E OpenGLRenderer: Device claims wide gamut support, cannot find matching config, error = EGL_SUCCESS
05-09 11:29:15.915 18632 18654 W OpenGLRenderer: Failed to initialize 101010-2 format, error = EGL_SUCCESS
05-09 11:29:15.921  1026  2634 E HWComposer: getSupportedContentTypes: getSupportedContentTypes failed for display 0: Unsupported (8)
05-09 11:29:15.921 18632 18654 E OpenGLRenderer: Unable to match the desired swap behavior.
05-09 11:29:15.926 18632 18719 E ion     : ioctl c0044901 failed with code -1: Invalid argument
05-09 11:29:15.930 18632 18632 D vulkan  : searching for layers in '/data/app/~~snErJ3Kki5HCKpd6P1uIJw==/com.nw5w.graywolf-jtNwODAjMdqYHW_kO7__2Q==/lib/arm64'
05-09 11:29:15.930 18632 18632 D vulkan  : searching for layers in '/data/app/~~snErJ3Kki5HCKpd6P1uIJw==/com.nw5w.graywolf-jtNwODAjMdqYHW_kO7__2Q==/base.apk!/lib/arm64-v8a'
05-09 11:29:15.930 18632 18632 W libc    : Access denied finding property "vendor.debug.forcibly_enable_mtk_ray_tracing"
05-09 11:29:15.938  2399  2399 E m.android.phone: checking suspend fail; inst: b9400020 checkinst: f94002b5
05-09 11:29:15.956 18632 18654 D hw-ProcessState: Binder ioctl to enable oneway spam detection failed: Invalid argument
05-09 11:29:15.967 18632 18654 D BLASTBufferQueue: [VRI[MainActivity]#0](f:0,a:1) acquireNextBufferLocked size=1280x800 mFrameNumber=1 applyTransaction=true mTimestamp=648834097615288(auto) mPendingTransactions.size=0 graphicBufferId=80023830659076 transform=7
05-09 11:29:15.969  1678  8061 W WindowManager: finishDrawingWindow: Window{288c1cc u0 com.nw5w.graywolf/com.nw5w.graywolf.MainActivity} mDrawState=DRAW_PENDING
05-09 11:29:15.970  1026  2634 E BufferQueueDebug: [Surface(name=288c1cc com.nw5w.graywolf/com.nw5w.graywolf.MainActivity)/@0x2ab7e64 - animation-leash of starting_reveal#3941](this:0xb400006d831a8a98,id:-1,api:0,p:-1,c:-1) id info cannot be read from 'Surface(name=288c1cc com.nw5w.graywolf/com.nw5w.graywolf.MainActivity)/@0x2ab7e64 - animation-leash of starting_reveal#3941'
05-09 11:29:15.970  1026  2634 I BufferQueueDebug: [Surface(name=288c1cc com.nw5w.graywolf/com.nw5w.graywolf.MainActivity)/@0x2ab7e64 - animation-leash of starting_reveal#3941](this:0xb400006d831a8a98,id:-1,api:0,p:-1,c:-1) BufferQueue core=(1026:/system/bin/surfaceflinger)
05-09 11:29:15.972  1678  1706 W WindowManager: real show surface:Surface(name=com.nw5w.graywolf/com.nw5w.graywolf.MainActivity)/@0x8df78cd
05-09 11:29:15.972  1678  1702 W ziparchive: Unable to open '/data/app/~~snErJ3Kki5HCKpd6P1uIJw==/com.nw5w.graywolf-jtNwODAjMdqYHW_kO7__2Q==/base.dm': No such file or directory
05-09 11:29:15.975  1678  1702 I ActivityTaskManager: Displayed com.nw5w.graywolf/.MainActivity for user 0: +813ms
05-09 11:29:15.981  1678  8061 D CompatibilityChangeReporter: Compat change id reported: 170668199; UID 10165; state: ENABLED
05-09 11:29:15.984 18632 18632 I graywolfmodem: graywolfmodem::android: JNI_OnLoad: v0.13.3-6b6cef7-dirty
05-09 11:29:15.984 18632 18632 I GraywolfService: modem cdylib version=v0.13.3-6b6cef7-dirty
05-09 11:29:15.987 18632 18632 I PlatformServer: PlatformServer bound at /data/user/0/com.nw5w.graywolf/cache/platform.sock
05-09 11:29:15.988 18632 18724 I graywolfmodem: graywolfmodem::android: ipc server bound at /data/user/0/com.nw5w.graywolf/cache/graywolf-modem.sock
05-09 11:29:15.991  1678  1703 E ApplicationHelper: Fail to get PackageManager
05-09 11:29:16.002  1678  1703 E ApplicationHelper: Fail to get PackageManager
05-09 11:29:16.004  1678  4443 D CompatibilityChangeReporter: Compat change id reported: 261072174; UID 1000; state: ENABLED
05-09 11:29:16.005  1678  1703 E ApplicationHelper: Fail to get PackageManager
05-09 11:29:16.036  1019  1100 I libPowerHal: [updateFPS] pid(18632) : 90 => -1
05-09 11:29:16.036  1019  1121 I libPowerHal: [perfNotifyAppState] pack:com.nw5w.graywolf, act:com.nw5w.graywolf.MainActivity, state:5, pid:18632, uid:10165, fps:-1
05-09 11:29:16.036  1019  1121 I UxUtility: notifyForegroundApp pack:com.nw5w.graywolf, uid:10165
05-09 11:29:16.036  1019  1121 I TouchUtility: notifyAppState error = NULL
05-09 11:29:16.038 18632 18632 I GraywolfService: modemAwaitReady=true
05-09 11:29:16.039   996 15152 D AudioALSAStreamManager: getInputBufferSize(), sampleRate = 22050, format = 0x1, channelCount = 1, bufferSize = 882
05-09 11:29:16.041 18632 18632 D AudioRecord: set(): 0xb40000759ef52320, inputSource 1, sampleRate 22050, format 0x1, channelMask 0x10, frameCount 3528, notificationFrames 0, sessionId 0, transferType 0, flags 0, attributionSource AttributionSourceState{pid: 18632, uid: 10165, packageName: com.nw5w.graywolf, attributionTag: (null), token: binder:0xb40000753ef1e230, renouncedPermissions: [], next: []} uid -1, pid -1
05-09 11:29:16.044  1023 25640 D AudioUtilmtk: checkWhiteList(): Not find packageName com.nw5w.graywolf in scenarioName RecordScreenOff_Irq 
05-09 11:29:16.046  1023 25640 D APM_AudioPolicyManager: [MTK_APM_Input]getInputForAttr() source 1, sampling rate 22050, format 0x1, channel mask 0x10, session 1649, flags 0 attributes={ Content type: AUDIO_CONTENT_TYPE_UNKNOWN Usage: AUDIO_USAGE_UNKNOWN Source: AUDIO_SOURCE_MIC Flags: 0x800 Tags:  } requested device ID 0
05-09 11:29:16.046  1023 25640 D APM::AudioPolicyEngine: getDeviceForInputSource()input source 1, device 82000000
05-09 11:29:16.046  1023 25640 D APM::AudioPolicyEngine: getDeviceForInputSource()input source 1, device 82000000 avadevice 0x80000004, 0x80000040, 0x80000100, 0x80002000, 0x82000000, 0x90000000 sfu [0]:0, [2]:0
05-09 11:29:16.046   996 15152 D AudioALSAStreamManager: openInputStream(), devices = 0x82000000, format = 0x1, channels = 0x10, sampleRate = 32000, status = 1014, acoustics = 0x0, input_flag 0x0
05-09 11:29:16.046   996 15152 D AudioALSAStreamIn: AudioALSAStreamIn()
05-09 11:29:16.046   996 15152 D AudioUtility: AudioThrottleTimeControl(), mIsOutput = 0, mBytesSum = 0, mThrottleControlStartTime = 0
05-09 11:29:16.046   996 15152 D AudioSpeechEnhanceInfo: IsBesRecTuningEnable()- 0
05-09 11:29:16.046   996 15152 D AudioSpeechEnhanceInfo: IsAPDMNRTuningEnable(), 0
05-09 11:29:16.047   996 15152 D AudioALSAStreamIn: set() done, devices: 0x82000000, flags: 0, acoustics: 0x0, format: 0x1, sampleRate: 32000/32000, num_channels: 16/1, buffer_size: 1280, tempDebugflag: 0
05-09 11:29:16.047   996 15152 D AudioALSAStreamIn: setParameters() InputSource: 0 => 1, reopen
05-09 11:29:16.047   996 15152 D DeviceHAL: openInputStreamImpl, flags: 0, open_input_stream success, mOpenedStreamsCount 6
05-09 11:29:16.047   996 15152 D AudioALSAStreamIn: updateSinkMetadataV7(), sink_metadata = 0xf16688b0, Project config MTK_BT_HEARING_AID_SUPPORT is not support, return
05-09 11:29:16.048  1023 18728 I AudioFlinger_Threads: AudioFlinger's thread 0xb40000708d8a6b60 tid=18728 ready to run
05-09 11:29:16.048   996 15152 D AudioALSAStreamIn: standby(), halRequest 0, mDestroy 0, flag 0
05-09 11:29:16.049   996 15152 D AudioALSAStreamIn: standby(), halRequest 0, mDestroy 0, flag 0
05-09 11:29:16.050  1023 25640 D AudioFlinger_Threads: createRecordTrack_l, notificationFrameCount 441, maxNotificationFrames 441
05-09 11:29:16.050  1023 26104 D APM_AudioPolicyManager: listAudioPorts mAvailableInputDevices 0x80000004, 0x80000040, 0x80000100, 0x80002000, 0x82000000, 0x90000000
05-09 11:29:16.051  1023 25640 D AF::RecordTrack: RecordTrack, track(0xb400006e07dd3420): mId(181), mFrameCount 4410, mSampleRate 22050, mFormat 1, mChannelCount 1, mTrackCount 126, thread 0xb40000708d8a6b60, sessionId 1649, AudioIn_3F6, primary-0
05-09 11:29:16.051 18632 18632 D AudioRecord: openRecord_l: 0xb40000759ef52320, mCblk = 0x7723c8e000
05-09 11:29:16.052  1023  1140 D APM_AudioPolicyManager: listAudioPorts mAvailableInputDevices 0x80000004, 0x80000040, 0x80000100, 0x80002000, 0x82000000, 0x90000000
05-09 11:29:16.053 18632 18632 I AudioPump: AudioRecord init rate=22050 bufBytes=7056 (min=1764)
05-09 11:29:16.053 18632 18632 D AudioRecord: start(386): 0xb40000759ef52320, sync event 0 trigger session 0
05-09 11:29:16.053  1023 26104 D AudioFlinger_Threads: RecordThread::start event 0, triggerSession 0
05-09 11:29:16.053  1023 25372 D APM_AudioPolicyManager: listAudioPorts mAvailableInputDevices 0x80000004, 0x80000040, 0x80000100, 0x80002000, 0x82000000, 0x90000000
05-09 11:29:16.053  1023  2757 D APM_AudioPolicyManager: listAudioPorts mAvailableInputDevices 0x80000004, 0x80000040, 0x80000100, 0x80002000, 0x82000000, 0x90000000
05-09 11:29:16.055  1023 25640 D APM_AudioPolicyManager: listAudioPorts mAvailableInputDevices 0x80000004, 0x80000040, 0x80000100, 0x80002000, 0x82000000, 0x90000000
05-09 11:29:16.057  1023 25372 D APM_AudioPolicyManager: listAudioPorts mAvailableInputDevices 0x80000004, 0x80000040, 0x80000100, 0x80002000, 0x82000000, 0x90000000
05-09 11:29:16.059  1023  1140 D APM_AudioPolicyManager: listAudioPorts mAvailableInputDevices 0x80000004, 0x80000040, 0x80000100, 0x80002000, 0x82000000, 0x90000000
05-09 11:29:16.060  1023  2757 D APM_AudioPolicyManager: listAudioPorts mAvailableInputDevices 0x80000004, 0x80000040, 0x80000100, 0x80002000, 0x82000000, 0x90000000
05-09 11:29:16.062  1023 26104 I APM_AudioPolicyManager: [MTK_APM_Input]startInput input 1014 portId 386 session:1649)
05-09 11:29:16.062  1023 26104 D APM::AudioPolicyEngine: getDeviceForInputSource()input source 1, device 82000000
05-09 11:29:16.062  1023 26104 D APM::AudioPolicyEngine: getDeviceForInputSource()input source 1, device 82000000 avadevice 0x80000004, 0x80000040, 0x80000100, 0x80002000, 0x82000000, 0x90000000 sfu [0]:0, [2]:0
05-09 11:29:16.064   996 15152 D AudioALSAHardware: +createAudioPatch() num_sources [1] , num_sinks [1], handle [0x0], current mAudioHalPatchVector size 3
05-09 11:29:16.064   996 15152 D AudioALSAStreamManager: +setParameters(), IOport = 1014, keyValuePairs = input_source=1;routing=-2113929216
05-09 11:29:16.064   996 15152 D AudioALSAStreamManager: +routingInputDevice(), input_device: 0x82000000 => 0x82000000
05-09 11:29:16.064   996 15152 W AudioALSAStreamManager: -routingInputDevice(), input_device(0x82000000) is AUDIO_DEVICE_NONE(0x0) or current_input_device(0x82000000), return
05-09 11:29:16.064   996 15152 D AudioALSAHardware: -createAudioPatch() num_sources [1] , num_sinks [1], handle [0x6e]
05-09 11:29:16.064  1023 18728 D audioserver: FGS Logger Transaction failed
05-09 11:29:16.064  1023 18728 D audioserver: -129
05-09 11:29:16.064  1023 18728 D audioserver: FGS Logger Transaction failed
05-09 11:29:16.064  1023 18728 D audioserver: -129
05-09 11:29:16.065   996 15152 D AudioALSAStreamIn: updateSinkMetadataV7(), sink_metadata = 0xf1668c20, Project config MTK_BT_HEARING_AID_SUPPORT is not support, return
05-09 11:29:16.066  1023 26104 W AudioPolicyClientImpl: setSoundTriggerCaptureState active 1
05-09 11:29:16.066  1023 26104 D audioserver: FGS Logger Transaction failed
05-09 11:29:16.066  1023 26104 D audioserver: -129
05-09 11:29:16.066  1023 26104 D AudioResamplerDyn: AudioResamplerDyn reset
05-09 11:29:16.066   996   996 W StreamHAL: Error from HAL stream in function set_microphone_direction: Function not implemented
05-09 11:29:16.066   996   996 W StreamHAL: Error from HAL stream in function set_microphone_field_dimension: Function not implemented
05-09 11:29:16.067 18632 18632 D AudioRecord: start(386): return status 0
05-09 11:29:16.067  1678  8061 D AudioService.RecordingActivityMonitor: recorderEvent, event = 0
05-09 11:29:16.068   996 18729 D AudioALSAStreamIn: open(), flag 0x0
05-09 11:29:16.068   996 18729 D AudioALSAStreamManager: +createCaptureHandler(), mAudioMode = 0, input_source = 1, input_device = 0x82000000, mBypassDualMICProcessUL=0, rate=32000, flag=0x0
05-09 11:29:16.068   996 18729 D AudioALSACaptureHandlerUsb: open(), input_device 0x82000000, input_source 0x1, sample_rate 32000, num_channels 1, audio_format 1, flag 0x0
05-09 11:29:16.068   996 18729 D AudioALSACaptureDataClientAurisysNormal: AudioALSACaptureDataClientAurisysNormal(+)
05-09 11:29:16.068   996 18729 D AudioALSACaptureDataProviderBase: configStreamAttribute(), audio_mode: 0 => 0, input_device: 0x82000000 => 0x82000000, flag: 0x0 => 0x0, input_source: 1->1, output_device: 0x4000000 => 0x4000000, sample_rate: 48000 => 32000, period_us: 20000 => 0, DSP out sample_rate: 32000 => 32000
05-09 11:29:16.068   996 18729 D AudioALSACaptureDataProviderBase: attach(), 0xf53414d0, mCaptureDataClientVector.size()=0, Identity=0xf41425b0, mCaptureDataProviderType = 15
05-09 11:29:16.068   996 18729 D AudioALSACaptureDataProviderUsb: open()
05-09 11:29:16.068   996 18729 D AudioUSBCenter: card 1 device 0 direction 0x10000000, rate 48000|44100|16000|12000|11025|8000(=>48000), fmt AUDIO_FORMAT_PCM_16_BIT(=>AUDIO_FORMAT_PCM_16_BIT), ch AUDIO_CHANNEL_IN_STEREO|AUDIO_CHANNEL_IN_MONO|AUDIO_CHANNEL_INDEX_MASK_1(=>1 (min 1/max 1)), period size (min 45/max 262144)
05-09 11:29:16.069   996 18729 D AudioUSBCenter: prepareUsb(), alsa proxy: rate 48000 format AUDIO_FORMAT_PCM_16_BIT channels 1 period size 768 => 960, period_count 2 => 2
05-09 11:29:16.069   996 18729 D AudioALSACaptureDataProviderUsb: prepareUsb(), mStreamAttributeSource, rate 48000, format 1, channels 1, buffer_size 3840, period_us 20000, kReadBufferSize 1920, mlatency 20
05-09 11:29:16.070   996 18729 D AudioALSACaptureDataClientAurisysNormal: mLatency 20, mRawDataPeriodBufSize 1920, mProcessedDataPeriodBufSize 1280, mEchoRefDataPeriodBufSize 0, stream_attribute_target->audio_format = 1 mStreamAttributeSource->audio_format = 1
05-09 11:29:16.070   996 18729 D AudioMTKGainController: +SetCaptureGain(), mode=0, source=1, input device=0x82000000, output device=0x4000000
05-09 11:29:16.070   996 18729 D AudioSpeechEnhanceInfo: IsAPDMNRTuningEnable(), 0
05-09 11:29:16.070   996 18729 E AudioParamParser-vnd: audioTypeGetCategoryNameByAlias(), categoryAlias is NULL
05-09 11:29:16.070   996 18729 D AudioALSACaptureDataClientAurisysNormal: CreateAurisysLibManager(), voip: 0, HDR record: 0,low_latency: 0, aec: 0, input_source: 1, flag: 0x0 => mAurisysScenario: 3
05-09 11:29:16.070   996 18729 D aurisys_utility: input dev: 0x82000000, fmt = 0x1, fs: 48000, max fs: 48000, ch: 1, max ch: 2, ch maks: 0x10, hw_info_mask: 0x0; output dev: 0x4000000, fmt = 0x0, fs: 0, max fs: 48000, ch: 0, max ch: 2, ch maks: 0x0, hw_info_mask: 0x0; task_scene: 3, audio_mode: 0, stream_type: 0, output_flags: 0x0, input_source: 1, input_flags: 0x0; network_info: 0, enhancement_feature_mask: 0x0
05-09 11:29:16.070   996 18729 D AudioUtility: setupCustomInfoStr(), custom_info = "SetAudioCustomScene=;", (scene = , vol_level = -1, bt_codec = -1)
05-09 11:29:16.070   996 18729 D aurisys_utility: lib, working fs: 48000, fmt: 0x4, frame = 20, b_interleave = 0, num_ul_ref_buf_array = 0, num_dl_ref_buf_array = 0
05-09 11:29:16.070   996 18729 D aurisys_utility: ul in[type:0], ch: 1, ch_mask: 0x10, buf fs: 48000, buf content fs: 48000, fmt: 0x4; ul out[type:1], ch: 1, ch_mask: 0x10, buf fs: 48000, buf content fs: 48000, fmt: 0x4
05-09 11:29:16.070   996 18729 D android.hardware.audio.service.mediatek: get_custom_info_value(), cusom_info = SetAudioCustomScene=;, key= SetAudioCustomScene, ret = 0, ptr = 0xf2163cd0, value_str = , max_value_str_leng = 64
05-09 11:29:16.071   996 18729 D android.hardware.audio.service.mediatek: categoryPath = Scene,Default,Application,SndRecNormal,Profile,USB, custom_scene = Default
05-09 11:29:16.071   996 18731 D AudioALSACaptureDataProviderUsb: +readThread1(), kReadBufferSize = 1920
05-09 11:29:16.071   996 18731 D AudioALSACaptureDataProviderUsb: +readThread2(), pid: 996, tid: 18731, kReadBufferSize = 1920, open_index=67
05-09 11:29:16.071   996 18729 D android.hardware.audio.service.mediatek: parm_WB[ 0]=682, 0, 0, 0, 0, 0, 0, 43522, 0, 0
05-09 11:29:16.071   996 18729 D android.hardware.audio.service.mediatek: ,parm_WB[10]=0, 0, 0, 0, 0, 43520, 0, 0, 0
05-09 11:29:16.071   996 18729 D android.hardware.audio.service.mediatek: ,parm_WB[32]=0, parm_WB[47]=0
05-09 11:29:16.071   996 18729 D android.hardware.audio.service.mediatek: comm_parm[ 0]=0, 55997, 31000, 10752, 32769, 0, 0, 0, 0, 0, 0, 0
05-09 11:29:16.071   996 18729 D android.hardware.audio.service.mediatek: [=coef=]Compen_filter_WB: p[0]=32767, p[1]=0, p[2]=0, p[3]=0, p[4]=0
05-09 11:29:16.071   996 18729 D android.hardware.audio.service.mediatek: [=coef=]MIC1_IIR_COEF_UL_WB: p[0]=58178, p[1]=15521, p[2]=7644, p[3]=50248, p[4]=7644
05-09 11:29:16.071   996 18729 D android.hardware.audio.service.mediatek: [=coef=]MIC2_IIR_COEF_UL_WB: p[0]=57527, p[1]=16194, p[2]=7884, p[3]=49768, p[4]=7884
05-09 11:29:16.071   996 18729 D android.hardware.audio.service.mediatek: [=coef=]ENH_IIR_COEF_UL_WB: p[0]=0, p[1]=0, p[2]=0, p[3]=0, p[4]=0
05-09 11:29:16.071   996 18729 D android.hardware.audio.service.mediatek: [=coef=]ENH_IIR_COEF_DL_WB: p[0]=0, p[1]=0, p[2]=0, p[3]=0, p[4]=0
05-09 11:29:16.071   996 18729 D aurisys_lib_handler: aurisys_arsi_parsing_param_file(), gProductInfo "platform=MT6768,device=mdt865,model=T865", file_path "/vendor/etc/audio_param", enhancement_mode 0, param_buf_size 15260, data_size 15260, custom_info SetAudioCustomScene=;
05-09 11:29:16.072   996 18729 D android.hardware.audio.service.mediatek: MTK_SP1 Soft. Version 1.1.17, 2019-03-04
05-09 11:29:16.072   996 18729 D android.hardware.audio.service.mediatek: Current sample rate, 48000 
05-09 11:29:16.072   996 18729 D aurisys_lib_handler: aurisys_arsi_create_handler(), lib_name mtk_speech_enh, 0xf4d845d0, memory_size 2731328, arsi_handler 0xf19712c0, retval 0x0
05-09 11:29:16.072   996 18729 D aurisys_lib_manager: UL Lib, lib_name mtk_speech_enh, 0xf4d845d0, sample_rate: 48000 => 48000, num_channels: 1 => 1, audio_format: 0x1 => 0x4, interleave: 1 => 0, frame: 0 => 20
05-09 11:29:16.072   996 18729 D aurisys_lib_manager: UL out, sample_rate: 48000 => 32000, num_channels: 1 => 1, audio_format: 0x4 => 0x1, interleave: 0 => 1, frame: 20 => 0
05-09 11:29:16.072   996 18729 D AudioALSACaptureDataClientAurisysNormal: USB path set analog MIC gain = 0
05-09 11:29:16.072   996 18729 D aurisys_lib_handler: lib_name mtk_speech_enh, 0xf4d845d0, set ul_analog_gain_ref_only 0, ul_digital_gain 0, retval 0
05-09 11:29:16.073   996 18729 D AudioALSACaptureDataClientAurisysNormal: AudioALSACaptureDataClientAurisysNormal(-), drop_ms = 0, mDropPopSize = 0
05-09 11:29:16.073   996 18729 D AudioALSAStreamIn: open(), Set RawStartFrameCount = 0
05-09 11:29:16.073   996 18729 D AudioALSAStreamIn: openWavDump(), mDumpFile is NULL
05-09 11:29:16.077  1023  1140 D APM_AudioPolicyManager: listAudioPorts mAvailableInputDevices 0x80000004, 0x80000040, 0x80000100, 0x80002000, 0x82000000, 0x90000000
05-09 11:29:16.076 18733 18733 W libgraywolf.so: type=1400 audit(0.0:861114): avc:  denied  { search } for  name="tests" dev="dm-51" ino=1302532 scontext=u:r:untrusted_app:s0:c165,c256,c512,c768 tcontext=u:object_r:shell_test_data_file:s0 tclass=dir permissive=0 app=com.nw5w.graywolf
05-09 11:29:16.076 18733 18733 W libgraywolf.so: type=1400 audit(0.0:861115): avc:  denied  { search } for  name="tests" dev="dm-51" ino=1302532 scontext=u:r:untrusted_app:s0:c165,c256,c512,c768 tcontext=u:object_r:shell_test_data_file:s0 tclass=dir permissive=0 app=com.nw5w.graywolf
05-09 11:29:16.076 18733 18733 W libgraywolf.so: type=1400 audit(0.0:861116): avc:  denied  { search } for  name="tests" dev="dm-51" ino=1302532 scontext=u:r:untrusted_app:s0:c165,c256,c512,c768 tcontext=u:object_r:shell_test_data_file:s0 tclass=dir permissive=0 app=com.nw5w.graywolf
05-09 11:29:16.076 18733 18733 W libgraywolf.so: type=1400 audit(0.0:861117): avc:  denied  { search } for  name="tests" dev="dm-51" ino=1302532 scontext=u:r:untrusted_app:s0:c165,c256,c512,c768 tcontext=u:object_r:shell_test_data_file:s0 tclass=dir permissive=0 app=com.nw5w.graywolf
05-09 11:29:16.079  1023 25372 D APM_AudioPolicyManager: listAudioPorts mAvailableInputDevices 0x80000004, 0x80000040, 0x80000100, 0x80002000, 0x82000000, 0x90000000
05-09 11:29:16.079  1023  2757 D APM_AudioPolicyManager: listAudioPorts mAvailableInputDevices 0x80000004, 0x80000040, 0x80000100, 0x80002000, 0x82000000, 0x90000000
05-09 11:29:16.082  1023 25640 D APM_AudioPolicyManager: listAudioPorts mAvailableInputDevices 0x80000004, 0x80000040, 0x80000100, 0x80002000, 0x82000000, 0x90000000
05-09 11:29:16.084  1023 25372 D APM_AudioPolicyManager: listAudioPorts mAvailableInputDevices 0x80000004, 0x80000040, 0x80000100, 0x80002000, 0x82000000, 0x90000000
