05-09 11:29:14.714  1014  2062 I android.hardware.usb@1.2-service-mediatekv2: uevent_event bind@/devices/platform/mt_usb/musb-hdrc/usb1/1-1/1-1.2/1-1.2.2
05-09 11:29:14.714  1014  2062 I android.hardware.usb@1.2-service-mediatekv2: uevent_event bind@/devices/platform/mt_usb/musb-hdrc/usb1/1-1/1-1.2/1-1.2.2
05-09 11:29:14.715  1014  2062 I android.hardware.usb@1.2-service-mediatekv2: uevent_event bind@/devices/platform/mt_usb/musb-hdrc/usb1/1-1/1-1.2/1-1.2.2
05-09 11:29:14.716  1014  2062 I android.hardware.usb@1.2-service-mediatekv2: uevent_event bind@/devices/platform/mt_usb/musb-hdrc/usb1/1-1/1-1.2/1-1.2.2
05-09 11:29:14.716  1014  2062 I android.hardware.usb@1.2-service-mediatekv2: uevent_event bind@/devices/platform/mt_usb/musb-hdrc/usb1/1-1/1-1.2/1-1.2.2
05-09 11:29:14.716  3723  3723 I aajr    : onReceive
05-09 11:29:14.716  1014  2062 I android.hardware.usb@1.2-service-mediatekv2: uevent_event bind@/devices/platform/mt_usb/musb-hdrc/usb1/1-1/1-1.2/1-1.2.2
05-09 11:29:14.716  1014  2062 I android.hardware.usb@1.2-service-mediatekv2: uevent_event bind@/devices/platform/mt_usb/musb-hdrc/usb1/1-1/1-1.2/1-1.2.2
05-09 11:29:14.716  1014  2062 I android.hardware.usb@1.2-service-mediatekv2: uevent_event bind@/devices/platform/mt_usb/musb-hdrc/usb1/1-1/1-1.2/1-1.2.2
05-09 11:29:14.717  1014  2062 I android.hardware.usb@1.2-service-mediatekv2: uevent_event bind@/devices/platform/mt_usb/musb-hdrc/usb1/1-1/1-1.2/1-1.2.2
05-09 11:29:14.718  1678  1703 E ApplicationHelper: Fail to get PackageManager
05-09 11:29:14.721  1678  2153 I UsbAlsaManager: waitForAlsaDevice for device card=1, isAdded=true, found=true
05-09 11:29:14.722  1678  2153 I UsbAlsaDevice: OUTPUT JACK connected: true
05-09 11:29:14.723  1678  2153 I AS.AudioDeviceInventory: not sending NOISY: state=1
05-09 11:29:14.723  1678  2153 I AS.AudioDeviceInventory: setWiredDeviceConnectionState(), false
05-09 11:29:14.724  1678  2153 I UsbAlsaDevice: INPUT JACK connected: true
05-09 11:29:14.724  1678  1703 E ApplicationHelper: Fail to get PackageManager
05-09 11:29:14.725  1026  1026 I BufferQueueProducer: [Taskbar#103](this:0xb400006d8313c738,id:-1,api:0,p:-1,c:1026) queueBuffer: fps=21.00 dur=1000.07 max=583.41 min=16.13
05-09 11:29:14.725  1023 25640 D APM_AudioPolicyManager: [MTK_APM_Route]setDeviceConnectionStateInt() device: 0x4000000, state 1, name USB-Audio - USB Audio Device format 0x0
05-09 11:29:14.726  1023 25640 D APM::HwModule: createDevice: adding dynamic device AUDIO_DEVICE_OUT_USB_HEADSET, @:card=1;device=0 to module primary
05-09 11:29:14.726  1023 25640 D APM_Config: +addSupportedDevice AUDIO_DEVICE_OUT_USB_HEADSET, @:card=1;device=0
05-09 11:29:14.726  1678  1703 E ApplicationHelper: Fail to get PackageManager
05-09 11:29:14.726  1023 25640 D APM_Config: +addSupportedDevice AUDIO_DEVICE_OUT_USB_HEADSET, @:card=1;device=0
05-09 11:29:14.726  1023 25640 D APM_Config: +addSupportedDevice AUDIO_DEVICE_OUT_USB_HEADSET, @:card=1;device=0
05-09 11:29:14.726  1023 25640 D APM_Config: +addSupportedDevice AUDIO_DEVICE_OUT_USB_HEADSET, @:card=1;device=0
05-09 11:29:14.727   996 15152 D AudioALSAHardware: +setParameters(): card=1;connect=67108864;device=0
05-09 11:29:14.727   996 15152 D AudioUSBCenter: setUSBOutConnectionState(), devices 0x4000000, connect 1, card 1, device 0
05-09 11:29:14.727  2474  2474 D b/260135164: updateIconAlphaForHome - setIconsAlpha(0), isTaskbarPresent: true
05-09 11:29:14.732   996 15152 D AudioUSBCenter: set_hifi_config(), hifi rate 48000 fmt AUDIO_FORMAT_PCM_16_BIT ch 2
05-09 11:29:14.732   996 15152 D AudioUSBCenter: card 1 device 0 direction 0x0, rate 48000|44100|16000|12000|11025|8000(=>48000), fmt AUDIO_FORMAT_PCM_16_BIT(=>AUDIO_FORMAT_PCM_16_BIT), ch AUDIO_CHANNEL_OUT_STEREO|AUDIO_CHANNEL_INDEX_MASK_2(=>2 (min 2/max 2)), period size (min 45/max 131072)
05-09 11:29:14.732   996 15152 D AudioUSBPhoneCallController: setUSBOutConnectionState(), devices 0x4000000, connect 1, mUSBOutConnected 0, card 1, device 0
05-09 11:29:14.733   996 15152 D AudioUSBPhoneCallController: getDeviceParam(), dir 0, use default param for deviceId 0d8c:0012
05-09 11:29:14.733   996 15152 D AudioALSAHardware: -setParameters(): card=1;connect=67108864;device=0
05-09 11:29:14.735   996 15152 W AudioALSAHardware: -getAudioPortV7 Unsupport
05-09 11:29:14.735   996 15152 W DeviceHAL: Error from HAL Device in function get_audio_port_v7: Function not implemented
05-09 11:29:14.735  1023 25640 I AudioFlinger: openOutput() this 0xb400006fe7dd28a0, module 10 Device AUDIO_DEVICE_OUT_USB_HEADSET, @:card=1;device=0, SamplingRate 0, Format 00000000, Channels 0, flags 0
05-09 11:29:14.735  1023 25640 D AudioUtilmtk: MTK_AUDIOMIXER_ENABLE_DRC: 0
05-09 11:29:14.735  1023 25640 D AudioUtilmtk: MTK_ENABLE_STEREO_SPEAKER: 0
05-09 11:29:14.735  1023 25640 D AudioUtilmtk: foValue_MTK_USB_PHONECALL , MTK_USB_PHONECALL: 1
05-09 11:29:14.735  1023 25640 D AudioUtilmtk: MTK_TTY_SUPPORT 1
05-09 11:29:14.735  1023 25640 D AudioUtilmtk: MTK_HIFIAUDIO_SUPPORT: 0
05-09 11:29:14.735  1023 25640 D AudioUtilmtk: MTK_BESLOUDNESS_ENABLE : 0
05-09 11:29:14.735  1023 25640 D AudioUtilmtk: MTK_AUDIO_GAIN_TABLE: 1
05-09 11:29:14.735  1023 25640 D AudioUtilmtk: MTK_FM_ENABLE : 1
05-09 11:29:14.735  1023 25640 D AudioUtilmtk: MTK_AURISYS_FRAMEWORK_SUPPORT : 1
05-09 11:29:14.735  1023 25640 D AudioUtilmtk: MTK_BT_HEARING_AID_SUPPORT : 0
05-09 11:29:14.735  1023 25640 D AudioUtilmtk: MTK_BT_HEARING_AID_USING_AOSP_FMW : 0
05-09 11:29:14.735  1023 25640 D AudioUtilmtk: MTK_TC10_FEATURE : 0
05-09 11:29:14.735  1023 25640 D AudioUtilmtk: MTK_TC10_IN_HOUSE : 0
05-09 11:29:14.735  1023 25640 D AudioUtilmtk: MTK_AUDIO_A2DP_LATENCY_IMPROVE : 0
05-09 11:29:14.735  1023 25640 D AudioUtilmtk: foValue_MTK_MUSIC_ROUTE_TO_BTSCO_DURING_BTSCO_ON , MTK_MUSIC_ROUTE_TO_BTSCO_DURING_BTSCO_ON : 1
05-09 11:29:14.735  1023 25640 D AudioUtilmtk: MTK_BLE_PHONECALL : 0
05-09 11:29:14.735  1023 25640 D AudioUtilmtk: MTK_USING_VENDOR_S: 1
05-09 11:29:14.735  1023 25640 D AudioUtilmtk: MTK_USING_VENDOR_T: 0
05-09 11:29:14.736  1023 25640 W libc    : Access denied finding property "ro.vendor.mtk.audio.spatializer_enable_stereo"
05-09 11:29:14.736  1023 25640 D AudioUtilmtk: MTK_SPATIALIZER_SUPPORT_STEREO: 0
05-09 11:29:14.736  1023 25640 D AudioUtilmtk: MTK_SPATIALIZER_SUPPORT_STEREO: 0
05-09 11:29:14.732  1023  1023 W binder:1023_B: type=1400 audit(0.0:861107): avc:  denied  { read } for  name="u:object_r:vendor_default_prop:s0" dev="tmpfs" ino=10653 scontext=u:r:audioserver:s0 tcontext=u:object_r:vendor_default_prop:s0 tclass=file permissive=0
05-09 11:29:14.736  1023 25640 W libc    : Access denied finding property "ro.vendor.mbrain.mode"
05-09 11:29:14.732  1023  1023 W binder:1023_B: type=1400 audit(0.0:861108): avc:  denied  { read } for  name="u:object_r:vendor_default_prop:s0" dev="tmpfs" ino=10653 scontext=u:r:audioserver:s0 tcontext=u:object_r:vendor_default_prop:s0 tclass=file permissive=0
05-09 11:29:14.736  1023 25640 D AudioUtilmtk: MTK_MBRAIN_MODE: 0
05-09 11:29:14.736   996 15152 D AudioALSAStreamOut: set(), get default USB format 0 => 0x3.
05-09 11:29:14.736   996 15152 D AudioALSAStreamOut: set(), get default USB channels 0 => 0x3.
05-09 11:29:14.736   996 15152 D AudioALSAStreamOut: set(), get default USB sampleRate 0 => 48000.
05-09 11:29:14.736   996 15152 D AudioALSAStreamOut: set(), devices: 0x4000000, format: 0x3/0x3, channels: 0x3/0x2, sampleRate: 48000/48000, flags: 0x0, latency: 85, buffer_size: 8192
05-09 11:29:14.736   996 15152 D DeviceHAL: openOutputStreamImpl, flags: 0, open_output_stream success, mOpenedStreamsCount 5
05-09 11:29:14.736   996 15152 I AudioALSAStreamOut: updateSourceMetadata(), do nothing source_metadata = 0xf16688b8
05-09 11:29:14.738  1023 25640 I AudioFlinger_Threads: HAL output buffer size 1024 frames, normal sink buffer size 1024 frames
05-09 11:29:14.739  1023 25640 D AudioFlinger_Threads: Failed to add event callback
05-09 11:29:14.739  1023 18605 I AudioFlinger_Threads: AudioFlinger's thread 0xb40000708882c890 tid=18605 ready to run
05-09 11:29:14.740  2474  2474 D b/260135164: updateIconAlphaForHome - setIconsAlpha(0), isTaskbarPresent: true
05-09 11:29:14.740  1023 18605 D AudioFlinger_Threads: ro.audio.silent is ignored since no output device is set
05-09 11:29:14.741   996 15152 D AudioALSAStreamOut: updatePolicyDevice(), flag: 0x0, device: 0x4000000
05-09 11:29:14.741   996 15152 W AudioALSAStreamManager: routingOutputDevice(), flag: 0x0, output_devices == current_output_devices(0x04000000), return
05-09 11:29:14.742   996 15152 D AudioALSAStreamOut: +setParameters(): flag 0, NoAudioTrack=1
05-09 11:29:14.742   996 15152 W AudioALSAStreamOut: setParameters(), still have param.size() = 1, remain param = "NoAudioTrack=1"
05-09 11:29:14.742  1678  8061 W libprocessgroup: SetCgroup::ExecuteForTask: failed to open /dev/blkio/tasks: No such file or directory
05-09 11:29:14.743   996 15152 D AudioALSAStreamOut: standby(), flag 0
05-09 11:29:14.743   996 15152 D AudioALSAStreamOut: standbyStreamOut(), halRequest 0, mDestroy 0, flag 0
05-09 11:29:14.744  1023  1354 D AudioSystem: +setParameters(): card=1;device=0 
05-09 11:29:14.745  1023 18605 D AudioFlinger_Threads: ro.audio.silent is ignored since no output device is set
05-09 11:29:14.746   996 15152 D AudioALSAStreamOut: +setParameters(): flag 0, card=1;device=0
05-09 11:29:14.746   996 15152 D AudioUSBCenter: setParameter(), direction 0x0, card 1, device 0
05-09 11:29:14.746   996 15152 W AudioALSAStreamOut: setParameters(), still have param.size() = 2, remain param = "card=1;device=0"
05-09 11:29:14.746   996 15152 D AudioALSAStreamOut: getParameters, keyvalue sup_formats
05-09 11:29:14.746   996 15152 D AudioUSBCenter: usb:audio_hal::getParameter() keys:sup_formats
05-09 11:29:14.746   996 15152 D AudioUSBCenter: usb:audio_hal::device_get_parameters() keys:sup_formats
05-09 11:29:14.747   996 15152 D AudioUSBCenter: USB Name:                       C-Media Electronics Inc. USB Audio Device at usb-musb-hdrc-1.2.2, full speed, open path /proc/asound/cards , isCTSDevice : 0, CTSkeyword: 
05-09 11:29:14.747   996 15152 D AudioUSBCenter: format_params: AUDIO_FORMAT_PCM_16_BIT|AUDIO_FORMAT_PCM_32_BIT|AUDIO_FORMAT_PCM_8_BIT|AUDIO_FORMAT_PCM_8_24_BIT|AUDIO_FORMAT_PCM_24_BIT_PACKED, format_params_device: AUDIO_FORMAT_PCM_16_BIT
05-09 11:29:14.747   996 15152 D AudioALSAStreamOut: -getParameters(), return "sup_formats=AUDIO_FORMAT_PCM_16_BIT|AUDIO_FORMAT_PCM_32_BIT|AUDIO_FORMAT_PCM_8_BIT|AUDIO_FORMAT_PCM_8_24_BIT|AUDIO_FORMAT_PCM_24_BIT_PACKED"
05-09 11:29:14.747   996 15152 D AudioALSAStreamOut: getParameters, keyvalue format=2;sup_sampling_rates
05-09 11:29:14.748   996 15152 D AudioUSBCenter: usb:audio_hal::getParameter() keys:format=2;sup_sampling_rates
05-09 11:29:14.748   996 15152 D AudioUSBCenter: usb:audio_hal::device_get_parameters() keys:format=2;sup_sampling_rates
05-09 11:29:14.748   996 15152 D AudioUSBCenter: USB Name:                       C-Media Electronics Inc. USB Audio Device at usb-musb-hdrc-1.2.2, full speed, open path /proc/asound/cards , isCTSDevice : 0, CTSkeyword: 
05-09 11:29:14.748   996 15152 D AudioUSBCenter: rates_list_device: 48000|44100|16000|12000|11025|8000
05-09 11:29:14.748   996 15152 D AudioALSAStreamOut: -getParameters(), return "sup_sampling_rates=48000|44100|16000|12000|11025|8000"
05-09 11:29:14.749   996 15152 D AudioALSAStreamOut: getParameters, keyvalue format=2;sup_channels
05-09 11:29:14.749   996 15152 D AudioUSBCenter: usb:audio_hal::getParameter() keys:format=2;sup_channels
05-09 11:29:14.749   996 15152 D AudioUSBCenter: usb:audio_hal::device_get_parameters() keys:format=2;sup_channels
05-09 11:29:14.750   996 15152 D AudioUSBCenter: USB Name:                       C-Media Electronics Inc. USB Audio Device at usb-musb-hdrc-1.2.2, full speed, open path /proc/asound/cards , isCTSDevice : 0, CTSkeyword: 
05-09 11:29:14.750   996 15152 D AudioUSBCenter: channels_list_device: AUDIO_CHANNEL_OUT_STEREO|AUDIO_CHANNEL_INDEX_MASK_2
05-09 11:29:14.750   996 15152 D AudioALSAStreamOut: -getParameters(), return "sup_channels=AUDIO_CHANNEL_OUT_STEREO|AUDIO_CHANNEL_INDEX_MASK_2"
05-09 11:29:14.751   996 15152 D AudioALSAStreamOut: getParameters, keyvalue format=1;sup_sampling_rates
05-09 11:29:14.751   996 15152 D AudioUSBCenter: usb:audio_hal::getParameter() keys:format=1;sup_sampling_rates
05-09 11:29:14.751   996 15152 D AudioUSBCenter: usb:audio_hal::device_get_parameters() keys:format=1;sup_sampling_rates
05-09 11:29:14.751   996 15152 D AudioUSBCenter: USB Name:                       C-Media Electronics Inc. USB Audio Device at usb-musb-hdrc-1.2.2, full speed, open path /proc/asound/cards , isCTSDevice : 0, CTSkeyword: 
05-09 11:29:14.751   996 15152 D AudioUSBCenter: rates_list_device: 48000|44100|16000|12000|11025|8000
05-09 11:29:14.751   996 15152 D AudioALSAStreamOut: -getParameters(), return "sup_sampling_rates=48000|44100|16000|12000|11025|8000"
05-09 11:29:14.752   996 15152 D AudioALSAStreamOut: getParameters, keyvalue format=1;sup_channels
05-09 11:29:14.752   996 15152 D AudioUSBCenter: usb:audio_hal::getParameter() keys:format=1;sup_channels
05-09 11:29:14.752   996 15152 D AudioUSBCenter: usb:audio_hal::device_get_parameters() keys:format=1;sup_channels
05-09 11:29:14.752   996 15152 D AudioUSBCenter: USB Name:                       C-Media Electronics Inc. USB Audio Device at usb-musb-hdrc-1.2.2, full speed, open path /proc/asound/cards , isCTSDevice : 0, CTSkeyword: 
05-09 11:29:14.752   996 15152 D AudioUSBCenter: channels_list_device: AUDIO_CHANNEL_OUT_STEREO|AUDIO_CHANNEL_INDEX_MASK_2
05-09 11:29:14.752   996 15152 D AudioALSAStreamOut: -getParameters(), return "sup_channels=AUDIO_CHANNEL_OUT_STEREO|AUDIO_CHANNEL_INDEX_MASK_2"
05-09 11:29:14.752   996 15152 D AudioALSAStreamOut: getParameters, keyvalue format=4;sup_sampling_rates
05-09 11:29:14.752   996 15152 D AudioUSBCenter: usb:audio_hal::getParameter() keys:format=4;sup_sampling_rates
05-09 11:29:14.752   996 15152 D AudioUSBCenter: usb:audio_hal::device_get_parameters() keys:format=4;sup_sampling_rates
05-09 11:29:14.752   996 15152 D AudioUSBCenter: USB Name:                       C-Media Electronics Inc. USB Audio Device at usb-musb-hdrc-1.2.2, full speed, open path /proc/asound/cards , isCTSDevice : 0, CTSkeyword: 
05-09 11:29:14.752   996 15152 D AudioUSBCenter: rates_list_device: 48000|44100|16000|12000|11025|8000
05-09 11:29:14.753   996 15152 D AudioALSAStreamOut: -getParameters(), return "sup_sampling_rates=48000|44100|16000|12000|11025|8000"
05-09 11:29:14.753   996 15152 D AudioALSAStreamOut: getParameters, keyvalue format=4;sup_channels
05-09 11:29:14.753   996 15152 D AudioUSBCenter: usb:audio_hal::getParameter() keys:format=4;sup_channels
05-09 11:29:14.753   996 15152 D AudioUSBCenter: usb:audio_hal::device_get_parameters() keys:format=4;sup_channels
05-09 11:29:14.753   996 15152 D AudioUSBCenter: USB Name:                       C-Media Electronics Inc. USB Audio Device at usb-musb-hdrc-1.2.2, full speed, open path /proc/asound/cards , isCTSDevice : 0, CTSkeyword: 
05-09 11:29:14.753   996 15152 D AudioUSBCenter: channels_list_device: AUDIO_CHANNEL_OUT_STEREO|AUDIO_CHANNEL_INDEX_MASK_2
05-09 11:29:14.753   996 15152 D AudioALSAStreamOut: -getParameters(), return "sup_channels=AUDIO_CHANNEL_OUT_STEREO|AUDIO_CHANNEL_INDEX_MASK_2"
05-09 11:29:14.754   996 15152 D AudioALSAStreamOut: getParameters, keyvalue format=6;sup_sampling_rates
05-09 11:29:14.754   996 15152 D AudioUSBCenter: usb:audio_hal::getParameter() keys:format=6;sup_sampling_rates
05-09 11:29:14.754   996 15152 D AudioUSBCenter: usb:audio_hal::device_get_parameters() keys:format=6;sup_sampling_rates
05-09 11:29:14.755   996 15152 D AudioUSBCenter: USB Name:                       C-Media Electronics Inc. USB Audio Device at usb-musb-hdrc-1.2.2, full speed, open path /proc/asound/cards , isCTSDevice : 0, CTSkeyword: 
05-09 11:29:14.755   996 15152 D AudioUSBCenter: rates_list_device: 48000|44100|16000|12000|11025|8000
05-09 11:29:14.755   996 15152 D AudioALSAStreamOut: -getParameters(), return "sup_sampling_rates=48000|44100|16000|12000|11025|8000"
05-09 11:29:14.755  2474  2474 D b/260135164: updateIconAlphaForHome - setIconsAlpha(0), isTaskbarPresent: true
05-09 11:29:14.755   996 15152 D AudioALSAStreamOut: getParameters, keyvalue format=6;sup_channels
05-09 11:29:14.755   996 15152 D AudioUSBCenter: usb:audio_hal::getParameter() keys:format=6;sup_channels
05-09 11:29:14.755   996 15152 D AudioUSBCenter: usb:audio_hal::device_get_parameters() keys:format=6;sup_channels
05-09 11:29:14.756   996 15152 D AudioUSBCenter: USB Name:                       C-Media Electronics Inc. USB Audio Device at usb-musb-hdrc-1.2.2, full speed, open path /proc/asound/cards , isCTSDevice : 0, CTSkeyword: 
05-09 11:29:14.756   996 15152 D AudioUSBCenter: channels_list_device: AUDIO_CHANNEL_OUT_STEREO|AUDIO_CHANNEL_INDEX_MASK_2
05-09 11:29:14.756   996 15152 D AudioALSAStreamOut: -getParameters(), return "sup_channels=AUDIO_CHANNEL_OUT_STEREO|AUDIO_CHANNEL_INDEX_MASK_2"
05-09 11:29:14.756   996 15152 D AudioALSAStreamOut: getParameters, keyvalue format=3;sup_sampling_rates
05-09 11:29:14.757   996 15152 D AudioUSBCenter: usb:audio_hal::getParameter() keys:format=3;sup_sampling_rates
05-09 11:29:14.757   996 15152 D AudioUSBCenter: usb:audio_hal::device_get_parameters() keys:format=3;sup_sampling_rates
05-09 11:29:14.757   996 15152 D AudioUSBCenter: USB Name:                       C-Media Electronics Inc. USB Audio Device at usb-musb-hdrc-1.2.2, full speed, open path /proc/asound/cards , isCTSDevice : 0, CTSkeyword: 
05-09 11:29:14.757   996 15152 D AudioUSBCenter: rates_list_device: 48000|44100|16000|12000|11025|8000
05-09 11:29:14.757   996 15152 D AudioALSAStreamOut: -getParameters(), return "sup_sampling_rates=48000|44100|16000|12000|11025|8000"
05-09 11:29:14.757   996 15152 D AudioALSAStreamOut: getParameters, keyvalue format=3;sup_channels
05-09 11:29:14.757   996 15152 D AudioUSBCenter: usb:audio_hal::getParameter() keys:format=3;sup_channels
05-09 11:29:14.757   996 15152 D AudioUSBCenter: usb:audio_hal::device_get_parameters() keys:format=3;sup_channels
05-09 11:29:14.758   996 15152 D AudioUSBCenter: USB Name:                       C-Media Electronics Inc. USB Audio Device at usb-musb-hdrc-1.2.2, full speed, open path /proc/asound/cards , isCTSDevice : 0, CTSkeyword: 
05-09 11:29:14.758   996 15152 D AudioUSBCenter: channels_list_device: AUDIO_CHANNEL_OUT_STEREO|AUDIO_CHANNEL_INDEX_MASK_2
05-09 11:29:14.759   996 15152 D AudioALSAStreamOut: -getParameters(), return "sup_channels=AUDIO_CHANNEL_OUT_STEREO|AUDIO_CHANNEL_INDEX_MASK_2"
05-09 11:29:14.759  1023  1354 D AudioSystem: +setParameters(): closing=true 
05-09 11:29:14.760   996 15152 D AudioALSAStreamOut: +setParameters(): flag 0, closing=true
05-09 11:29:14.760   996 15152 W AudioALSAStreamOut: setParameters(), still have param.size() = 1, remain param = "closing=true"
05-09 11:29:14.762   996 15152 D AudioALSAStreamOut: +setParameters(): flag 0, exiting=1
05-09 11:29:14.762   996 15152 W AudioALSAStreamOut: setParameters(), still have param.size() = 1, remain param = "exiting=1"
05-09 11:29:14.762  1023 25640 E AudioFlinger_Threads: Error when calling exit(): -22
05-09 11:29:14.763   996   996 D DeviceHAL: closeOutputStream mOpenedStreamsCount 5
05-09 11:29:14.763   996   996 D AudioALSAStreamManager: +closeOutputStream(), out = 0xf3d05170, mStreamOutVector.size() = 5
05-09 11:29:14.763   996   996 D AudioALSAStreamOut: ~AudioALSAStreamOut(), flag 0, mStreamOutHDMIStereoCount 0
05-09 11:29:14.763  1023 25640 I AudioFlinger: openOutput() this 0xb400006fe7dd28a0, module 10 Device AUDIO_DEVICE_OUT_USB_HEADSET, @:card=1;device=0, SamplingRate 48000, Format 0x000003, Channels 0x3, flags 0
05-09 11:29:14.763  1023 25640 D AudioUtilmtk: MTK_AUDIOMIXER_ENABLE_DRC: 0
05-09 11:29:14.763  1023 25640 D AudioUtilmtk: MTK_ENABLE_STEREO_SPEAKER: 0
05-09 11:29:14.763  1023 25640 D AudioUtilmtk: foValue_MTK_USB_PHONECALL , MTK_USB_PHONECALL: 1
05-09 11:29:14.763  1023 25640 D AudioUtilmtk: MTK_TTY_SUPPORT 1
05-09 11:29:14.763  1023 25640 D AudioUtilmtk: MTK_HIFIAUDIO_SUPPORT: 0
05-09 11:29:14.763  1023 25640 D AudioUtilmtk: MTK_BESLOUDNESS_ENABLE : 0
05-09 11:29:14.763  1023 25640 D AudioUtilmtk: MTK_AUDIO_GAIN_TABLE: 1
05-09 11:29:14.763  1023 25640 D AudioUtilmtk: MTK_FM_ENABLE : 1
05-09 11:29:14.763  1023 25640 D AudioUtilmtk: MTK_AURISYS_FRAMEWORK_SUPPORT : 1
05-09 11:29:14.763  1023 25640 D AudioUtilmtk: MTK_BT_HEARING_AID_SUPPORT : 0
05-09 11:29:14.764  1023 25640 D AudioUtilmtk: MTK_BT_HEARING_AID_USING_AOSP_FMW : 0
05-09 11:29:14.764  1023 25640 D AudioUtilmtk: MTK_TC10_FEATURE : 0
05-09 11:29:14.764  1023 25640 D AudioUtilmtk: MTK_TC10_IN_HOUSE : 0
05-09 11:29:14.764  1023 25640 D AudioUtilmtk: MTK_AUDIO_A2DP_LATENCY_IMPROVE : 0
05-09 11:29:14.764  1023 25640 D AudioUtilmtk: foValue_MTK_MUSIC_ROUTE_TO_BTSCO_DURING_BTSCO_ON , MTK_MUSIC_ROUTE_TO_BTSCO_DURING_BTSCO_ON : 1
05-09 11:29:14.764  1023 25640 D AudioUtilmtk: MTK_BLE_PHONECALL : 0
05-09 11:29:14.764  1023 25640 D AudioUtilmtk: MTK_USING_VENDOR_S: 1
05-09 11:29:14.764  1023 25640 D AudioUtilmtk: MTK_USING_VENDOR_T: 0
05-09 11:29:14.764  1023 25640 W libc    : Access denied finding property "ro.vendor.mtk.audio.spatializer_enable_stereo"
05-09 11:29:14.764  1023 25640 D AudioUtilmtk: MTK_SPATIALIZER_SUPPORT_STEREO: 0
05-09 11:29:14.764  1023 25640 D AudioUtilmtk: MTK_SPATIALIZER_SUPPORT_STEREO: 0
05-09 11:29:14.764  1023 25640 W libc    : Access denied finding property "ro.vendor.mbrain.mode"
05-09 11:29:14.764  1023 25640 D AudioUtilmtk: MTK_MBRAIN_MODE: 0
05-09 11:29:14.760  1023  1023 W binder:1023_B: type=1400 audit(0.0:861109): avc:  denied  { read } for  name="u:object_r:vendor_default_prop:s0" dev="tmpfs" ino=10653 scontext=u:r:audioserver:s0 tcontext=u:object_r:vendor_default_prop:s0 tclass=file permissive=0
05-09 11:29:14.760  1023  1023 W binder:1023_B: type=1400 audit(0.0:861110): avc:  denied  { read } for  name="u:object_r:vendor_default_prop:s0" dev="tmpfs" ino=10653 scontext=u:r:audioserver:s0 tcontext=u:object_r:vendor_default_prop:s0 tclass=file permissive=0
05-09 11:29:14.764   996   996 D AudioALSAStreamOut: set(), devices: 0x4000000, format: 0x3/0x3, channels: 0x3/0x2, sampleRate: 48000/48000, flags: 0x0, latency: 85, buffer_size: 8192
05-09 11:29:14.764   996   996 D DeviceHAL: openOutputStreamImpl, flags: 0, open_output_stream success, mOpenedStreamsCount 5
05-09 11:29:14.764   996   996 I AudioALSAStreamOut: updateSourceMetadata(), do nothing source_metadata = 0xff903270
05-09 11:29:14.766  1023 25640 I AudioFlinger_Threads: HAL output buffer size 1024 frames, normal sink buffer size 1024 frames
05-09 11:29:14.767  1023 25640 D AudioFlinger_Threads: Failed to add event callback
05-09 11:29:14.767  1023 18607 I AudioFlinger_Threads: AudioFlinger's thread 0xb40000708882c890 tid=18607 ready to run
05-09 11:29:14.768  1023 18607 D AudioFlinger_Threads: ro.audio.silent is ignored since no output device is set
05-09 11:29:14.768   996   996 D AudioALSAStreamOut: updatePolicyDevice(), flag: 0x0, device: 0x4000000
05-09 11:29:14.768   996   996 W AudioALSAStreamManager: routingOutputDevice(), flag: 0x0, output_devices == current_output_devices(0x04000000), return
05-09 11:29:14.769  1678  1696 W libprocessgroup: SetCgroup::ExecuteForTask: failed to open /dev/blkio/tasks: No such file or directory
05-09 11:29:14.769   996   996 D AudioALSAStreamOut: +setParameters(): flag 0, NoAudioTrack=1
05-09 11:29:14.769   996   996 W AudioALSAStreamOut: setParameters(), still have param.size() = 1, remain param = "NoAudioTrack=1"
05-09 11:29:14.769   996   996 D AudioALSAStreamOut: standby(), flag 0
05-09 11:29:14.769   996   996 D AudioALSAStreamOut: standbyStreamOut(), halRequest 0, mDestroy 0, flag 0
05-09 11:29:14.771  1023 25640 D APM::AudioOutputDescriptor: setVolume output 509 for volumeSource 1, volume -9.000001, delay 0 stream=AUDIO_STREAM_VOICE_CALL
05-09 11:29:14.772  1023 25640 D APM::AudioOutputDescriptor: setVolume output 509 for volumeSource 2, volume -764.000000, delay 0 stream=AUDIO_STREAM_SYSTEM
05-09 11:29:14.772  2474  2474 D b/260135164: updateIconAlphaForHome - setIconsAlpha(0), isTaskbarPresent: true
05-09 11:29:14.772  1023 18607 D AudioFlinger_Threads: ro.audio.silent is ignored since no output device is set
05-09 11:29:14.772  1023 25640 D APM::AudioOutputDescriptor: setVolume output 509 for volumeSource 3, volume -764.000000, delay 0 stream=AUDIO_STREAM_RING
05-09 11:29:14.773  1023 25640 D APM::AudioOutputDescriptor: setVolume output 509 for volumeSource 4, volume -39.000000, delay 0 stream=AUDIO_STREAM_MUSIC
05-09 11:29:14.774  1023 25640 D APM::AudioOutputDescriptor: setVolume output 509 for volumeSource 5, volume -21.000000, delay 0 stream=AUDIO_STREAM_ALARM
05-09 11:29:14.775  1023 25640 D APM::AudioOutputDescriptor: setVolume output 509 for volumeSource 6, volume -764.000000, delay 0 stream=AUDIO_STREAM_NOTIFICATION
05-09 11:29:14.777  1023 25640 D APM::AudioOutputDescriptor: setVolume output 509 for volumeSource 8, volume -39.000000, delay 0 stream=AUDIO_STREAM_ENFORCED_AUDIBLE
05-09 11:29:14.778  1023 25640 D APM::AudioOutputDescriptor: setVolume output 509 for volumeSource 9, volume -21.000002, delay 0 stream=AUDIO_STREAM_DTMF
05-09 11:29:14.779  1023 25640 D APM::AudioOutputDescriptor: setVolume output 509 for volumeSource 10, volume -33.000000, delay 0 stream=AUDIO_STREAM_TTS
05-09 11:29:14.779  1678  1787 D EventHub: No input device configuration file found for device 'C-Media Electronics Inc. USB Audio Device'.
05-09 11:29:14.779  1023 25640 D APM::AudioOutputDescriptor: setVolume output 509 for volumeSource 11, volume -36.000000, delay 0 stream=AUDIO_STREAM_ACCESSIBILITY
05-09 11:29:14.780  1023 25640 D APM::AudioOutputDescriptor: setVolume output 509 for volumeSource 12, volume -39.000000, delay 0 stream=AUDIO_STREAM_ASSISTANT
05-09 11:29:14.781  1023 25640 D APM::AudioOutputDescriptor: setVolume output 509 for volumeSource 13, volume 0.000000, delay 0 stream=AUDIO_STREAM_REROUTING
05-09 11:29:14.782  1023 25640 D APM::AudioOutputDescriptor: setVolume output 509 for volumeSource 14, volume 0.000000, delay 0 stream=AUDIO_STREAM_PATCH
05-09 11:29:14.782  1014  2062 I android.hardware.usb@1.2-service-mediatekv2: uevent_event add@/devices/virtual/wakeup/wakeup58
05-09 11:29:14.782  1678  1787 W EventHub: Unable to disable kernel key repeat for /dev/input/event4: Function not implemented
05-09 11:29:14.782  1678  1787 I EventHub: usingClockIoctl=true
05-09 11:29:14.782  1678  1787 I EventHub: New device: id=24, fd=602, path='/dev/input/event4', name='C-Media Electronics Inc. USB Audio Device', classes=KEYBOARD | EXTERNAL, configuration='', keyLayout='/system/usr/keylayout/Generic.kl', keyCharacterMap='/system/usr/keychars/Generic.kcm', builtinKeyboard=false, 
05-09 11:29:14.782  1014  2062 I android.hardware.usb@1.2-service-mediatekv2: uevent_event add@/devices/virtual/wakeup/wakeup58
05-09 11:29:14.782  1014  2062 I android.hardware.usb@1.2-service-mediatekv2: uevent_event add@/devices/virtual/wakeup/wakeup58
05-09 11:29:14.783  1678  1787 I InputReader: Device added: id=21, eventHubId=24, name='C-Media Electronics Inc. USB Audio Device', descriptor='411caa43bd94cec3bfbaa01df6d250d985549232',sources=KEYBOARD
05-09 11:29:14.783  1023  1354 D AudioSystem: +setParameters(): mono_output=0 
05-09 11:29:14.783  1014  2062 I android.hardware.usb@1.2-service-mediatekv2: uevent_event add@/devices/virtual/wakeup/wakeup58
05-09 11:29:14.783  1014  2062 I android.hardware.usb@1.2-service-mediatekv2: uevent_event add@/devices/virtual/wakeup/wakeup58
05-09 11:29:14.784  1023 25640 I AudioFlinger_Threads: HAL output buffer size 1024 frames, normal sink buffer size 1024 frames
05-09 11:29:14.785  1023 25640 D AudioFlinger_Threads: addOutputTrack, latency 42, frameCount 4096, minFrameCount 2048
05-09 11:29:14.785  1023 25640 D AF::Track: Track, track(0xb400006fe7dd9310): mFastIndex -1, mStreamType 13, mId 179, mFrameCount 4096, mSampleRate 48000, mFormat 5, mChannelCount 2, mTrackCount 124, thread 0xb40000708882c890, sessionId 0, AudioOut_1FD, primary-0
05-09 11:29:14.785  1023 25640 D AudioFlinger_Threads: addOutputTrack, latency 42, frameCount 3072, minFrameCount 2048
05-09 11:29:14.786  1023 25640 D AF::Track: Track, track(0xb400006fe7dd4130): mFastIndex -1, mStreamType 13, mId 180, mFrameCount 3072, mSampleRate 48000, mFormat 5, mChannelCount 2, mTrackCount 125, thread 0xb40000708f1b3890, sessionId 0, AudioOut_D, primary-6
05-09 11:29:14.786  1023 25640 D AudioFlinger_Threads: Failed to add event callback
05-09 11:29:14.787  1023 18610 I AudioFlinger_Threads: AudioFlinger's thread 0xb40000708d802830 tid=18610 ready to run
05-09 11:29:14.787  3849  3849 I PkDeviceHelper: PkDeviceHelper.refreshDevices():87 refreshing devices
05-09 11:29:14.787  1023 25640 D APM::AudioOutputDescriptor: setVolume output 517 for volumeSource 1, volume -9.000001, delay 0 stream=AUDIO_STREAM_VOICE_CALL
05-09 11:29:14.788  1023 18610 D AudioFlinger_Threads: ro.audio.silent is ignored since no output device is set
05-09 11:29:14.788   996   996 D AudioALSAStreamOut: +setParameters(): flag 0, NoAudioTrack=1
05-09 11:29:14.788  1678  9607 W libprocessgroup: SetCgroup::ExecuteForTask: failed to open /dev/blkio/tasks: No such file or directory
05-09 11:29:14.788   996   996 W AudioALSAStreamOut: setParameters(), still have param.size() = 1, remain param = "NoAudioTrack=1"
05-09 11:29:14.789  2474  2474 D b/260135164: updateIconAlphaForHome - setIconsAlpha(0), isTaskbarPresent: true
05-09 11:29:14.789  1023 18610 D AudioFlinger_Threads: ro.audio.silent is ignored since no output device is set
05-09 11:29:14.790  1023 25640 D APM::AudioOutputDescriptor: setVolume output 517 for volumeSource 2, volume -764.000000, delay 0 stream=AUDIO_STREAM_SYSTEM
05-09 11:29:14.792  1023 25640 D APM::AudioOutputDescriptor: setVolume output 517 for volumeSource 3, volume -764.000000, delay 0 stream=AUDIO_STREAM_RING
05-09 11:29:14.794  1023 25640 D APM::AudioOutputDescriptor: setVolume output 517 for volumeSource 4, volume -39.000000, delay 0 stream=AUDIO_STREAM_MUSIC
05-09 11:29:14.795  1023 25640 D APM::AudioOutputDescriptor: setVolume output 517 for volumeSource 5, volume -21.000000, delay 0 stream=AUDIO_STREAM_ALARM
05-09 11:29:14.796  1023 25640 D APM::AudioOutputDescriptor: setVolume output 517 for volumeSource 6, volume -764.000000, delay 0 stream=AUDIO_STREAM_NOTIFICATION
05-09 11:29:14.798  1023 25640 D APM::AudioOutputDescriptor: setVolume output 517 for volumeSource 8, volume -39.000000, delay 0 stream=AUDIO_STREAM_ENFORCED_AUDIBLE
05-09 11:29:14.799  1023 25640 D APM::AudioOutputDescriptor: setVolume output 517 for volumeSource 9, volume -21.000002, delay 0 stream=AUDIO_STREAM_DTMF
05-09 11:29:14.800  1023 25640 D APM::AudioOutputDescriptor: setVolume output 517 for volumeSource 10, volume -33.000000, delay 0 stream=AUDIO_STREAM_TTS
05-09 11:29:14.801  1023 25640 D APM::AudioOutputDescriptor: setVolume output 517 for volumeSource 11, volume -36.000000, delay 0 stream=AUDIO_STREAM_ACCESSIBILITY
05-09 11:29:14.802  1023 25640 D APM::AudioOutputDescriptor: setVolume output 517 for volumeSource 12, volume -39.000000, delay 0 stream=AUDIO_STREAM_ASSISTANT
05-09 11:29:14.802  1023 25640 D APM::AudioOutputDescriptor: setVolume output 517 for volumeSource 13, volume 0.000000, delay 0 stream=AUDIO_STREAM_REROUTING
05-09 11:29:14.803  1023 25640 D APM::AudioOutputDescriptor: setVolume output 517 for volumeSource 14, volume 0.000000, delay 0 stream=AUDIO_STREAM_PATCH
05-09 11:29:14.803  1023  1354 D AudioSystem: +setParameters(): mono_output=0 
05-09 11:29:14.804   996   996 D AudioALSAHardware: -getParameters(), return ""
05-09 11:29:14.806  2474  2474 D b/260135164: updateIconAlphaForHome - setIconsAlpha(0), isTaskbarPresent: true
05-09 11:29:14.807  1023 25640 D AudioPolicyManagerCustomImpl: spatializer_checkVirtualizerClient found no client
05-09 11:29:14.811  1023 25640 D APM_AudioPolicyManager: listAudioPorts mAvailableInputDevices 0x80000004, 0x80000040, 0x80000100, 0x80002000, 0x90000000
05-09 11:29:14.813  1023 26104 D APM_AudioPolicyManager: listAudioPorts mAvailableInputDevices 0x80000004, 0x80000040, 0x80000100, 0x80002000, 0x90000000
05-09 11:29:14.816  1023 25372 D APM_AudioPolicyManager: listAudioPorts mAvailableInputDevices 0x80000004, 0x80000040, 0x80000100, 0x80002000, 0x90000000
05-09 11:29:14.818  1023  1138 D APM_AudioPolicyManager: [MTK_APM_Route]setForceUse() usage 1, config 10, mPhoneState 0
05-09 11:29:14.819  1023  1138 D APM::AudioPolicyEngine: getDevices ForStrategy() strategy 1, device 0x4000000 avadevice 0x2, 0x10000, 0x4000000 sfu [0]:0, [1]:10, [4]:0
05-09 11:29:14.820  1023  1138 D APM::AudioPolicyEngine: getDevices ForStrategy() strategy 0, device 0x4000000 avadevice 0x2, 0x10000, 0x4000000 sfu [0]:0, [1]:10, [4]:0
05-09 11:29:14.821  1023  1138 D APM::AudioPolicyEngine: getDevices ForStrategy() strategy 1, device 0x4000000 avadevice 0x2, 0x10000, 0x4000000 sfu [0]:0, [1]:10, [4]:0
05-09 11:29:14.822  1023  1138 D APM::AudioPolicyEngine: getDevices ForStrategy() strategy 0, device 0x4000000 avadevice 0x2, 0x10000, 0x4000000 sfu [0]:0, [1]:10, [4]:0
05-09 11:29:14.822  2474  2474 D b/260135164: updateIconAlphaForHome - setIconsAlpha(0), isTaskbarPresent: true
05-09 11:29:14.823  1023  1138 W AudioPolicyManagerCustomImpl: [MTK_APM_Route]setOutputDevices() mIoHandle 13 mId 1 device (0x4000000)(0x2, 0x4, 0x8, 0x10, 0x20, 0x40, 0x400, 0x800, 0x1000, 0x4000, 0x100000, 0x4000000) delayMs 0 force 0 size 6
05-09 11:29:14.823  1023  1138 D APM::AudioPolicyEngine: getDevices ForStrategy() strategy 1, device 0x4000000 avadevice 0x2, 0x10000, 0x4000000 sfu [0]:0, [1]:10, [4]:0
05-09 11:29:14.825  1023  1138 D APM::AudioPolicyEngine: getDevices ForStrategy() strategy 0, device 0x4000000 avadevice 0x2, 0x10000, 0x4000000 sfu [0]:0, [1]:10, [4]:0
05-09 11:29:14.825  1023  1138 D APM::AudioPolicyEngine: getDevices ForStrategy() strategy 1, device 0x4000000 avadevice 0x2, 0x10000, 0x4000000 sfu [0]:0, [1]:10, [4]:0
05-09 11:29:14.826  1023  1138 D APM::AudioPolicyEngine: getDevices ForStrategy() strategy 0, device 0x4000000 avadevice 0x2, 0x10000, 0x4000000 sfu [0]:0, [1]:10, [4]:0
05-09 11:29:14.826  1023  1138 I APM_AudioPolicyManager: [MTK_APM_Route]setOutputDevices mIoHandle 13 : changing device 0x4000000 to AUDIO_DEVICE_NONE, delayMs = 0, force = 0
05-09 11:29:14.827  1023  1138 W AudioPolicyManagerCustomImpl: [MTK_APM_Route]setOutputDevices() mIoHandle 21 mId 4 device (0x2)(0x2, 0x4, 0x8, 0x10, 0x20, 0x40, 0x4000, 0x4000000) delayMs 0 force 0 size 6
05-09 11:29:14.827  1023  1138 D APM::AudioPolicyEngine: getDevices ForStrategy() strategy 1, device 0x4000000 avadevice 0x2, 0x10000, 0x4000000 sfu [0]:0, [1]:10, [4]:0
05-09 11:29:14.828  1023  1138 D APM::AudioPolicyEngine: getDevices ForStrategy() strategy 0, device 0x4000000 avadevice 0x2, 0x10000, 0x4000000 sfu [0]:0, [1]:10, [4]:0
05-09 11:29:14.828  1023  1138 D APM::AudioPolicyEngine: getDevices ForStrategy() strategy 1, device 0x4000000 avadevice 0x2, 0x10000, 0x4000000 sfu [0]:0, [1]:10, [4]:0
05-09 11:29:14.828  1023  1138 D APM::AudioPolicyEngine: getDevices ForStrategy() strategy 0, device 0x4000000 avadevice 0x2, 0x10000, 0x4000000 sfu [0]:0, [1]:10, [4]:0
05-09 11:29:14.829  1023  1138 W AudioPolicyManagerCustomImpl: [MTK_APM_Route]setOutputDevices() mIoHandle 29 mId 6 device (0x2)(0x2, 0x4, 0x8, 0x10, 0x20, 0x40, 0x4000, 0x4000000) delayMs 0 force 0 size 6
05-09 11:29:14.829  1023  1138 D APM::AudioPolicyEngine: getDevices ForStrategy() strategy 1, device 0x4000000 avadevice 0x2, 0x10000, 0x4000000 sfu [0]:0, [1]:10, [4]:0
05-09 11:29:14.830  1023  1138 D APM::AudioPolicyEngine: getDevices ForStrategy() strategy 0, device 0x4000000 avadevice 0x2, 0x10000, 0x4000000 sfu [0]:0, [1]:10, [4]:0
05-09 11:29:14.830  1023  1138 D APM::AudioPolicyEngine: getDevices ForStrategy() strategy 1, device 0x4000000 avadevice 0x2, 0x10000, 0x4000000 sfu [0]:0, [1]:10, [4]:0
05-09 11:29:14.830  1023  1138 D APM::AudioPolicyEngine: getDevices ForStrategy() strategy 0, device 0x4000000 avadevice 0x2, 0x10000, 0x4000000 sfu [0]:0, [1]:10, [4]:0
05-09 11:29:14.831  1023  1138 W AudioPolicyManagerCustomImpl: [MTK_APM_Route]setOutputDevices() mIoHandle 37 mId 8 device (0x10000)(0x10000) delayMs 0 force 0 size 6
05-09 11:29:14.831  1023  1138 D APM::AudioPolicyEngine: getDevices ForStrategy() strategy 1, device 0x4000000 avadevice 0x2, 0x10000, 0x4000000 sfu [0]:0, [1]:10, [4]:0
05-09 11:29:14.831  1023  1138 D APM::AudioPolicyEngine: getDevices ForStrategy() strategy 0, device 0x4000000 avadevice 0x2, 0x10000, 0x4000000 sfu [0]:0, [1]:10, [4]:0
05-09 11:29:14.832  1023  1138 D APM::AudioPolicyEngine: getDevices ForStrategy() strategy 1, device 0x4000000 avadevice 0x2, 0x10000, 0x4000000 sfu [0]:0, [1]:10, [4]:0
05-09 11:29:14.832  1023  1138 D APM::AudioPolicyEngine: getDevices ForStrategy() strategy 0, device 0x4000000 avadevice 0x2, 0x10000, 0x4000000 sfu [0]:0, [1]:10, [4]:0
05-09 11:29:14.833  1023  1138 W AudioPolicyManagerCustomImpl: [MTK_APM_Route]setOutputDevices() mIoHandle 509 mId 378 device (0x4000000)(0x4000, 0x4000000) delayMs 0 force 0 size 6
05-09 11:29:14.833  1023  1138 D APM::AudioPolicyEngine: getDevices ForStrategy() strategy 1, device 0x4000000 avadevice 0x2, 0x10000, 0x4000000 sfu [0]:0, [1]:10, [4]:0
05-09 11:29:14.833  1023  1138 D APM::AudioPolicyEngine: getDevices ForStrategy() strategy 0, device 0x4000000 avadevice 0x2, 0x10000, 0x4000000 sfu [0]:0, [1]:10, [4]:0
05-09 11:29:14.833  1023  1138 D APM::AudioPolicyEngine: getDevices ForStrategy() strategy 1, device 0x4000000 avadevice 0x2, 0x10000, 0x4000000 sfu [0]:0, [1]:10, [4]:0
05-09 11:29:14.834  1023  1138 D APM::AudioPolicyEngine: getDevices ForStrategy() strategy 0, device 0x4000000 avadevice 0x2, 0x10000, 0x4000000 sfu [0]:0, [1]:10, [4]:0
05-09 11:29:14.834  1023  1138 I APM_AudioPolicyManager: [MTK_APM_Route]setOutputDevices mIoHandle 509 : changing device 0x4000000 to AUDIO_DEVICE_NONE, delayMs = 0, force = 0
05-09 11:29:14.835  1023  1138 W AudioPolicyManagerCustomImpl: [MTK_APM_Route]setOutputDevices() mIoHandle 517 mId 379 device ()(0x2, 0x4, 0x8, 0x10, 0x20, 0x40, 0x400, 0x800, 0x1000, 0x4000, 0x100000, 0x4000000) delayMs 0 force 0 size 6
05-09 11:29:14.835  1023  1138 W AudioPolicyManagerCustomImpl: [MTK_APM_Route]setOutputDevices() mIoHandle 13 mId 1 device (0x4000000)(0x2, 0x4, 0x8, 0x10, 0x20, 0x40, 0x400, 0x800, 0x1000, 0x4000, 0x100000, 0x4000000) delayMs 0 force 0 size 6
05-09 11:29:14.835  1023  1138 D APM::AudioPolicyEngine: getDevices ForStrategy() strategy 1, device 0x4000000 avadevice 0x2, 0x10000, 0x4000000 sfu [0]:0, [1]:10, [4]:0
05-09 11:29:14.836  1023  1138 D APM::AudioPolicyEngine: getDevices ForStrategy() strategy 0, device 0x4000000 avadevice 0x2, 0x10000, 0x4000000 sfu [0]:0, [1]:10, [4]:0
05-09 11:29:14.836  1023  1138 D APM::AudioPolicyEngine: getDevices ForStrategy() strategy 1, device 0x4000000 avadevice 0x2, 0x10000, 0x4000000 sfu [0]:0, [1]:10, [4]:0
05-09 11:29:14.836  1023  1138 D APM::AudioPolicyEngine: getDevices ForStrategy() strategy 0, device 0x4000000 avadevice 0x2, 0x10000, 0x4000000 sfu [0]:0, [1]:10, [4]:0
05-09 11:29:14.837  1023  1138 I APM_AudioPolicyManager: [MTK_APM_Route]setOutputDevices mIoHandle 13 : changing device 0x4000000 to AUDIO_DEVICE_NONE, delayMs = 0, force = 0
05-09 11:29:14.837  1023  1138 W AudioPolicyManagerCustomImpl: [MTK_APM_Route]setOutputDevices() mIoHandle 509 mId 378 device (0x4000000)(0x4000, 0x4000000) delayMs 0 force 0 size 6
05-09 11:29:14.838  1023  1138 D APM::AudioPolicyEngine: getDevices ForStrategy() strategy 1, device 0x4000000 avadevice 0x2, 0x10000, 0x4000000 sfu [0]:0, [1]:10, [4]:0
05-09 11:29:14.838  1023  1138 D APM::AudioPolicyEngine: getDevices ForStrategy() strategy 0, device 0x4000000 avadevice 0x2, 0x10000, 0x4000000 sfu [0]:0, [1]:10, [4]:0
05-09 11:29:14.838  2474  2474 D b/260135164: updateIconAlphaForHome - setIconsAlpha(0), isTaskbarPresent: true
05-09 11:29:14.838  1023  1138 D APM::AudioPolicyEngine: getDevices ForStrategy() strategy 1, device 0x4000000 avadevice 0x2, 0x10000, 0x4000000 sfu [0]:0, [1]:10, [4]:0
05-09 11:29:14.839  1023  1138 D APM::AudioPolicyEngine: getDevices ForStrategy() strategy 0, device 0x4000000 avadevice 0x2, 0x10000, 0x4000000 sfu [0]:0, [1]:10, [4]:0
05-09 11:29:14.839  1023  1138 I APM_AudioPolicyManager: [MTK_APM_Route]setOutputDevices mIoHandle 509 : changing device 0x4000000 to AUDIO_DEVICE_NONE, delayMs = 0, force = 0
05-09 11:29:14.840  1023  2757 D APM_AudioPolicyManager: listAudioPorts mAvailableInputDevices 0x80000004, 0x80000040, 0x80000100, 0x80002000, 0x90000000
05-09 11:29:14.840  1023 25640 D APM_AudioPolicyManager: listAudioPorts mAvailableInputDevices 0x80000004, 0x80000040, 0x80000100, 0x80002000, 0x90000000
05-09 11:29:14.843  1023 26104 D APM_AudioPolicyManager: listAudioPorts mAvailableInputDevices 0x80000004, 0x80000040, 0x80000100, 0x80002000, 0x90000000
05-09 11:29:14.847  1023 25372 D APM_AudioPolicyManager: listAudioPorts mAvailableInputDevices 0x80000004, 0x80000040, 0x80000100, 0x80002000, 0x90000000
05-09 11:29:14.851  1023  1140 D APM::AudioPolicyEngine: getDevices ForStrategy() strategy 0, device 0x4000000 avadevice 0x2, 0x10000, 0x4000000 sfu [0]:0, [1]:10, [4]:0
05-09 11:29:14.851  1023  2757 D APM_AudioPolicyManager: listAudioPorts mAvailableInputDevices 0x80000004, 0x80000040, 0x80000100, 0x80002000, 0x90000000
05-09 11:29:14.853  1678  2153 I AS.AudioDeviceInventory: not sending NOISY: state=1
05-09 11:29:14.853  1678  2153 I AS.AudioDeviceInventory: setWiredDeviceConnectionState(), false
05-09 11:29:14.854  2154  2154 D PhoneStatusBarPolicy: updateHeadsetPlug connected:true,hasMic:false
05-09 11:29:14.854  1678  1678 E UsbService: Error while filtering device list for android.uid.system:1000, android.content.pm.PackageManager$NameNotFoundException: android.uid.system:1000
05-09 11:29:14.854  1678  2713 E UsbService: Error while filtering device list for com.google.uid.shared:10094, android.content.pm.PackageManager$NameNotFoundException: com.google.uid.shared:10094
05-09 11:29:14.855  1678  1678 W Looper  : Slow dispatch took 148ms main h=android.app.ActivityThread$H c=android.app.LoadedApk$ReceiverDispatcher$Args$$ExternalSyntheticLambda0@611d3c0 m=0
05-09 11:29:14.855  1678  2217 E UsbService: Error while filtering device list for android.media:10034, android.content.pm.PackageManager$NameNotFoundException: android.media:10034
05-09 11:29:14.855  1678  1678 D MBrainLocalService: isVendorFreezeConditionPass is false
05-09 11:29:14.855  1678  1678 D MBrainLocalService: notifyAudioRouteChange failed
05-09 11:29:14.855  1678  1678 V MediaRouter: Audio routes updated: AudioRoutesInfo{ type=USB }, a2dp=false
05-09 11:29:14.855  2474  2474 D b/260135164: updateIconAlphaForHome - setIconsAlpha(0), isTaskbarPresent: true
05-09 11:29:14.856  1678  1678 V MediaRouter: Selecting route: RouteInfo{ name=USB, description=null, status=null, category=RouteCategory{ name=System types=ROUTE_TYPE_LIVE_AUDIO ROUTE_TYPE_LIVE_VIDEO  groupable=false }, supportedTypes=ROUTE_TYPE_LIVE_AUDIO ROUTE_TYPE_LIVE_VIDEO , presentationDisplay=null }
05-09 11:29:14.856  1678  1678 W MR2SystemProvider: Unknown audio attributes: AudioDeviceAttributes: role:output type:usb_headset addr:null name: profiles:[] descriptors:[]
05-09 11:29:14.860  1023 25372 D APM::AudioPolicyEngine: getDevices ForStrategy() strategy 0, device 0x4000000 avadevice 0x2, 0x10000, 0x4000000 sfu [0]:0, [1]:10, [4]:0
05-09 11:29:14.863  2676  9718 W LocalMediaManager: BluetoothAdapter is null or muting expected device not exist
05-09 11:29:14.867  1023 25372 D APM::AudioPolicyEngine: getDevices ForStrategy() strategy 1, device 0x4000000 avadevice 0x2, 0x10000, 0x4000000 sfu [0]:0, [1]:10, [4]:0
05-09 11:29:14.868  1678  1678 I Telecom-WiredHeadsetManager: ACTION_HEADSET_PLUG event, plugged in: true, : WHC.oADA@A/U
05-09 11:29:14.868  3723  4635 I aigw    : (REDACTED) #onAudioDevicesAdded count: %s
05-09 11:29:14.868  3723  4635 I aigq    : (REDACTED) Headset device detected of type: %s
05-09 11:29:14.868  1678  2583 I Telecom-CallAudioRouteStateMachine: Message received: CONNECT_WIRED_HEADSET=1, arg1=0: WHC.oADA->CARSM.pM_CONNECT_WIRED_HEADSET@A/U
05-09 11:29:14.868  3723  4635 I aigw    : (REDACTED) #onChange eventType: %s
05-09 11:29:14.869  1678  2583 I Telecom-QuiescentSpeakerRoute: Processing message CONNECT_WIRED_HEADSET: WHC.oADA->CARSM.pM_CONNECT_WIRED_HEADSET@A/U
05-09 11:29:14.869  1023 25372 D APM::AudioPolicyEngine: getDevices ForStrategy() strategy 1, device 0x4000000 avadevice 0x2, 0x10000, 0x4000000 sfu [0]:0, [1]:10, [4]:0
05-09 11:29:14.869  3723  4635 I agzl    : (REDACTED) #onHeadsetConnectionEvent: %s
05-09 11:29:14.869  1678  2583 I Telecom : Logging.Events: Non-call EVENT: AUDIO_ROUTE, Wired headset connected: WHC.oADA->CARSM.pM_CONNECT_WIRED_HEADSET@A/U
05-09 11:29:14.869  1678  2583 I Telecom-BluetoothRouteManager: getBluetoothAudioConnectedDevice: no service available.: WHC.oADA->CARSM.pM_CONNECT_WIRED_HEADSET@A/U
05-09 11:29:14.869  1678  2583 I Telecom-CallAudioRouteStateMachine: Message received: SWITCH_HEADSET=1003, arg1=0: WHC.oADA->CARSM.pM_CONNECT_WIRED_HEADSET->CARSM.pM_SWITCH_HEADSET@A/U
05-09 11:29:14.869  1678  2583 I Telecom-QuiescentSpeakerRoute: Processing message SWITCH_HEADSET: WHC.oADA->CARSM.pM_CONNECT_WIRED_HEADSET->CARSM.pM_SWITCH_HEADSET@A/U
05-09 11:29:14.870  1678  2583 I Telecom : Logging.Events: Non-call EVENT: AUDIO_ROUTE, Leaving state QuiescentSpeakerRoute: WHC.oADA->CARSM.pM_CONNECT_WIRED_HEADSET->CARSM.pM_SWITCH_HEADSET@A/U
05-09 11:29:14.870  1678  2583 I Telecom : Logging.Events: Non-call EVENT: AUDIO_ROUTE, Entering state QuiescentHeadsetRoute: WHC.oADA->CARSM.pM_CONNECT_WIRED_HEADSET->CARSM.pM_SWITCH_HEADSET@A/U
05-09 11:29:14.870  3723  4620 I agxp    : (REDACTED) starting updateConfig, reason: %s
05-09 11:29:14.870  1678  2583 I Telecom-BluetoothRouteManager: getBluetoothAudioConnectedDevice: no service available.: WHC.oADA->CARSM.pM_CONNECT_WIRED_HEADSET->CARSM.pM_SWITCH_HEADSET@A/U
05-09 11:29:14.870  1023 25372 D APM::AudioPolicyEngine: getDevices ForStrategy() strategy 0, device 0x4000000 avadevice 0x2, 0x10000, 0x4000000 sfu [0]:0, [1]:10, [4]:0
05-09 11:29:14.870  1023 26933 D APM_AudioPolicyManager: [MTK_APM_Route]setDeviceConnectionStateInt() device: 0x82000000, state 1, name USB-Audio - USB Audio Device format 0x0
05-09 11:29:14.870  1023 26933 D APM::HwModule: createDevice: adding dynamic device AUDIO_DEVICE_IN_USB_HEADSET, @:card=1;device=0 to module primary
05-09 11:29:14.870  1023 26933 D APM_Config: +addSupportedDevice AUDIO_DEVICE_IN_USB_HEADSET, @:card=1;device=0
05-09 11:29:14.871  1023 26933 D APM_Config: +addSupportedDevice AUDIO_DEVICE_IN_USB_HEADSET, @:card=1;device=0
05-09 11:29:14.871  1023 26933 D APM_Config: +addSupportedDevice AUDIO_DEVICE_IN_USB_HEADSET, @:card=1;device=0
05-09 11:29:14.871  1023 26933 D APM_Config: +addSupportedDevice AUDIO_DEVICE_IN_USB_HEADSET, @:card=1;device=0
05-09 11:29:14.871  3723  4688 I ahik    : #getEarcons
05-09 11:29:14.871  3723  4688 I aigq    : (REDACTED) #isBluetoothOrWiredHeadsetConnected Number of connected audio devices: %s
05-09 11:29:14.871   996 15152 D AudioALSAHardware: +setParameters(): card=1;connect=-2113929216;device=0
05-09 11:29:14.872   996 15152 D AudioUSBCenter: setUSBInConnectionState(), devices 0x82000000, connect 1, card 1, device 0
05-09 11:29:14.872  3723  4688 I aigq    : (REDACTED) Headset device detected of type: %s
05-09 11:29:14.872  3723  4688 I ahik    : #getEarcons - Adding headset MicOpened earcon.
05-09 11:29:14.872  2474  2474 D b/260135164: updateIconAlphaForHome - setIconsAlpha(0), isTaskbarPresent: true
05-09 11:29:14.873  3723  4687 I alis    : (REDACTED) #isRobinOnlyLocale checkedLocale:%s language:%s list:%s
05-09 11:29:14.875  3723  4622 I ahqf    : User OptedIn. Checking Eligibility.
05-09 11:29:14.875  3723  4689 I ahfe    : Evaluating robin eligibility using robinEligibilityChecker
05-09 11:29:14.876  3723  4352 I ahqf    : User OptedIn. Checking Eligibility.
05-09 11:29:14.876   996 15152 D AudioUSBCenter: set_hifi_config(), hifi rate 48000 fmt AUDIO_FORMAT_PCM_16_BIT ch 1
05-09 11:29:14.876   996 15152 D AudioUSBCenter: card 1 device 0 direction 0x10000000, rate 48000|44100|16000|12000|11025|8000(=>48000), fmt AUDIO_FORMAT_PCM_16_BIT(=>AUDIO_FORMAT_PCM_16_BIT), ch AUDIO_CHANNEL_IN_STEREO|AUDIO_CHANNEL_IN_MONO|AUDIO_CHANNEL_INDEX_MASK_1(=>1 (min 1/max 1)), period size (min 45/max 262144)
05-09 11:29:14.876   996 15152 D AudioUSBPhoneCallController: setUSBInConnectionState(), devices 0x82000000, connect 1, mUSBInConnected 0, card 1, device 0
05-09 11:29:14.876   996 15152 D AudioUSBPhoneCallController: getDeviceParam(), dir 1, use default param for deviceId 0d8c:0012
05-09 11:29:14.876   996 15152 D AudioALSAHardware: -setParameters(): card=1;connect=-2113929216;device=0
05-09 11:29:14.879   996 15152 W AudioALSAHardware: -getAudioPortV7 Unsupport
05-09 11:29:14.879  3723  4622 I ahon    : Robin is eligible and opted-in
05-09 11:29:14.879   996 15152 W DeviceHAL: Error from HAL Device in function get_audio_port_v7: Function not implemented
05-09 11:29:14.880   996 15152 D AudioALSAStreamManager: openInputStream(), devices = 0x82000000, format = 0x1, channels = 0xc, sampleRate = 48000, status = 982, acoustics = 0x0, input_flag 0x0
05-09 11:29:14.880   996 15152 D AudioALSAStreamIn: AudioALSAStreamIn()
05-09 11:29:14.880   996 15152 D AudioUtility: AudioThrottleTimeControl(), mIsOutput = 0, mBytesSum = 0, mThrottleControlStartTime = 0
05-09 11:29:14.880   996 15152 D AudioSpeechEnhanceInfo: IsBesRecTuningEnable()- 0
05-09 11:29:14.880   996 15152 D AudioSpeechEnhanceInfo: IsAPDMNRTuningEnable(), 0
