05-09 11:29:16.085  1023  1140 D APM_AudioPolicyManager: listAudioPorts mAvailableInputDevices 0x80000004, 0x80000040, 0x80000100, 0x80002000, 0x82000000, 0x90000000
05-09 11:29:16.088  1023 25640 D APM_AudioPolicyManager: listAudioPorts mAvailableInputDevices 0x80000004, 0x80000040, 0x80000100, 0x80002000, 0x82000000, 0x90000000
05-09 11:29:16.091  1023  2757 D APM_AudioPolicyManager: listAudioPorts mAvailableInputDevices 0x80000004, 0x80000040, 0x80000100, 0x80002000, 0x82000000, 0x90000000
05-09 11:29:16.094   996 18731 W AudioALSACaptureDataProviderUsb: readThread, latency_in_s,0.000001,0.023517,0.000071, totalTime 0.023589 > logTimeout 0.022000 TIMEOUT!!
05-09 11:29:16.095  1678  4443 D AS.AudioService: handleRecordingConfigurationChanged: event = 2 ,sampleRate = 22050 ,uid = 10165 ,source = 1 ,device = 22
05-09 11:29:16.096  1023 25372 D APM_AudioPolicyManager: listAudioPorts mAvailableInputDevices 0x80000004, 0x80000040, 0x80000100, 0x80002000, 0x82000000, 0x90000000
05-09 11:29:16.099  1023 25372 D APM_AudioPolicyManager: listAudioPorts mAvailableInputDevices 0x80000004, 0x80000040, 0x80000100, 0x80002000, 0x82000000, 0x90000000
05-09 11:29:16.131 18632 18724 I graywolfmodem: graywolfmodem::android: poc-b: ipc_client_connected
05-09 11:29:16.131 18632 18735 W graywolf-pocb-err: 2026/05/09 17:29:16 platformsvc: connected, server=0.0.1-pocb schema=1
05-09 11:29:16.128 18733 18733 W libgraywolf.so: type=1400 audit(0.0:861118): avc:  denied  { read } for  name="somaxconn" dev="proc" ino=9683020 scontext=u:r:untrusted_app:s0:c165,c256,c512,c768 tcontext=u:object_r:proc_net:s0 tclass=file permissive=0 app=com.nw5w.graywolf
05-09 11:29:16.132 18632 18632 I GraywolfService: poc-b: go_child_up
05-09 11:29:16.132 18632 18735 W graywolf-pocb-err: 2026/05/09 17:29:16 graywolf-pocb listening on 127.0.0.1:8080
05-09 11:29:16.133 18632 18735 W graywolf-pocb-err: 2026/05/09 17:29:16 modem ready version=v0.13.3-6b6cef7-dirty pid=18632
05-09 11:29:16.138  1678  4443 I PowerHalWrapper: <amsBoostResume> last:null, next:com.android.systemui 
05-09 11:29:16.139  1019  1121 I libPowerHal: [perfLockAcq] idx:1 hdl:2959 hint:22 pid:1019 duration:10000 lock_user:mtkpower@1.0-se => ret_hdl:2959
05-09 11:29:16.140  1019  1121 I libPowerHal: [perfLockRel] hdl:2956, idx:3
05-09 11:29:16.144  2154 18747 D libMEOW : meow new tls: 0xb4000074ff2c93c0
05-09 11:29:16.144  1678  4443 I PowerHalWrapper: amsBoostNotify pid:2154,activity:com.android.systemui.usb.UsbPermissionActivity, package:com.android.systemui, mProcessCreatePackcom.nw5w.graywolf 
05-09 11:29:16.144  1678  4443 I PowerHalWrapper: state: 1 
05-09 11:29:16.144  2154 18747 D libMEOW : applied 1 plugins for [com.android.systemui]:
05-09 11:29:16.144 18632 18743 D TrafficStats: tagSocket(207) with statsTag=0xffffffff, statsUid=-1
05-09 11:29:16.144  2154 18747 D libMEOW :   plugin 1: [libMEOW_gift.so]: 0xb40000766ef1c840
05-09 11:29:16.145  1678  4443 I mtkpower_client: [Legacy][PowerHal_Wrap_notifyAppState] com.android.systemui/com.android.systemui.usb.UsbPermissionActivity pid=2154 state:1
05-09 11:29:16.145  2154 18747 D libMEOW : rebuild call chain: 0xb4000074ff2e93e0
05-09 11:29:16.145  2154 18747 D libMEOW : meow delete tls: 0xb4000074ff2c93c0
05-09 11:29:16.145  1019  1121 I libPowerHal: [perfNotifyAppState] pack:com.android.systemui, act:com.android.systemui.usb.UsbPermissionActivity, state:1, pid:2154, uid:10117, fps:-1
05-09 11:29:16.145  1019  1121 I libPowerHal: [perfNotifyAppState] foreground:com.android.systemui, pid:2154, uid:10117
05-09 11:29:16.145  1678  4443 I PowerHalWrapper: amsBoostNotify AMS_BOOST_PROCESS_CREATE_BOOST:true 
05-09 11:29:16.146  1019  1121 I UxUtility: notifyForegroundApp pack:com.android.systemui, uid:10117
05-09 11:29:16.146  1019  1121 I TouchUtility: notifyAppState error = NULL
05-09 11:29:16.146  1678  1678 D MBrainLocalService: isVendorFreezeConditionPass is false
05-09 11:29:16.146  1678  1678 E MBrainLocalService: notifyAppSwitch failed
05-09 11:29:16.146  1019  1050 I mtkpower@impl: [notifyAppState] pc:1, com.nw5w.graywolf => com.android.systemui
05-09 11:29:16.149  1019  1052 D power@timer: [mtkPowerTimer] visRead:0
05-09 11:29:16.155 18632 18743 I graywolfmodem: graywolfmodem::android: gain set to -6.0 dB
05-09 11:29:16.155 18632 18743 I GraywolfService: poc-b: gain_applied db=-6.0
05-09 11:29:16.162  1678  4443 I PowerHalWrapper: amsBoostNotify pid:2474,activity:com.android.launcher3.uioverrides.QuickstepLauncher, package:com.android.launcher3, mProcessCreatePackcom.nw5w.graywolf 
05-09 11:29:16.162  1678  4443 I PowerHalWrapper: state: 0 
05-09 11:29:16.162  1678  4443 I mtkpower_client: [Legacy][PowerHal_Wrap_notifyAppState] com.android.launcher3/com.android.launcher3.uioverrides.QuickstepLauncher pid=2474 state:0
05-09 11:29:16.162  1678  4443 I PowerHalWrapper: amsBoostNotify AMS_BOOST_PROCESS_CREATE_BOOST:false 
05-09 11:29:16.162  1019  1121 I libPowerHal: [perfNotifyAppState] pack:com.android.launcher3, act:com.android.launcher3.uioverrides.QuickstepLauncher, state:0, pid:2474, uid:10127, fps:-1
05-09 11:29:16.163  1678  1678 D MBrainLocalService: isVendorFreezeConditionPass is false
05-09 11:29:16.163  1678  1678 E MBrainLocalService: notifyAppSwitch failed
05-09 11:29:16.163  1678  4443 I PowerHalWrapper: amsBoostStop AMS_BOOST_PACK_SWITCH:true, AMS_BOOST_ACT_SWITCH:false, AMS_BOOST_PROCESS_CREATE:true 
05-09 11:29:16.163  1019  1050 I mtkpower@impl: [mtkPowerHint] hint:22, hold:500, ext:0, ext_hold:0
05-09 11:29:16.163  1019  1121 I libPowerHal: [perfLockAcq] idx:3 hdl:2960 hint:22 pid:1019 duration:500 lock_user:mtkpower@1.0-se => ret_hdl:2960
05-09 11:29:16.165  1678  1703 E ApplicationHelper: Fail to get PackageManager
05-09 11:29:16.165  1678  1703 E ApplicationHelper: Fail to get PackageManager
05-09 11:29:16.165  1019  1050 I mtkpower@impl: [mtkPowerHint] hint:21, hold:6000, ext:30, ext_hold:35000
05-09 11:29:16.166  2474  2505 I ImeTracker: com.android.launcher3:d7ae5eac: onRequestHide at ORIGIN_CLIENT_HIDE_SOFT_INPUT reason HIDE_SOFT_INPUT
05-09 11:29:16.167  1678  1696 I ImeTracker: com.android.launcher3:d7ae5eac: onCancelled at PHASE_SERVER_SHOULD_HIDE
05-09 11:29:16.167  1026  2634 D SurfaceFlinger: [SF client] NEW(0xb400006f13037940) for (2154:com.android.systemui)
05-09 11:29:16.167  1019  1121 I libPowerHal: [perfLockRel] hdl:2959, idx:1
05-09 11:29:16.168  1678  1703 E MBrainLocalService: MBrainJava launch failed: SecurityException
05-09 11:29:16.168  1678  1703 E ApplicationHelper: Fail to get PackageManager
05-09 11:29:16.168  2154  2154 D VRI[UsbPermissionActivity]: hardware acceleration = true, forceHwAccelerated = false
05-09 11:29:16.168  1019  1121 I libPowerHal: [perfLockAcq] idx:4 hdl:2961 hint:21 pid:1019 duration:6000 lock_user:mtkpower@1.0-se => ret_hdl:2961
05-09 11:29:16.168  1019  1121 I libPowerHal: [perfLockRel] hdl:2953, idx:2
05-09 11:29:16.169  1678  1703 E ApplicationHelper: Fail to get PackageManager
05-09 11:29:16.169  1678  1703 E ApplicationHelper: Fail to get PackageManager
05-09 11:29:16.169  1678  1703 E ApplicationHelper: Fail to get PackageManager
05-09 11:29:16.169  1678  1703 E ApplicationHelper: Fail to get PackageManager
05-09 11:29:16.169  1678  1703 E ApplicationHelper: Fail to get PackageManager
05-09 11:29:16.169  1678  1703 E ApplicationHelper: Fail to get PackageManager
05-09 11:29:16.169  1678  1703 E ApplicationHelper: Fail to get PackageManager
05-09 11:29:16.169  1019  1121 I libPowerHal: [perfLockAcq] idx:1 hdl:2962 hint:30 pid:1019 duration:35000 lock_user:mtkpower@1.0-se => ret_hdl:2962
05-09 11:29:16.170  1026  2634 E BufferQueueDebug: [353a3bf com.android.systemui/com.android.systemui.usb.UsbPermissionActivity#3942](this:0xb400006d8316fb58,id:-1,api:0,p:-1,c:-1) id info cannot be read from '353a3bf com.android.systemui/com.android.systemui.usb.UsbPermissionActivity#3942'
05-09 11:29:16.170  1026  2634 I BufferQueueDebug: [353a3bf com.android.systemui/com.android.systemui.usb.UsbPermissionActivity#3942](this:0xb400006d8316fb58,id:-1,api:0,p:-1,c:-1) BufferQueue core=(1026:/system/bin/surfaceflinger)
05-09 11:29:16.173  2154  2154 D InputTransport: Create ARC handle: 0xb40000764f031a30
05-09 11:29:16.173  2154  2154 D InputEventReceiver: Input log is disabled in InputEventReceiver.
05-09 11:29:16.173  2154  2154 D InputTransport: Input log is disabled in InputChannel.
05-09 11:29:16.174  1023 25640 D APM_AudioPolicyManager: listAudioPorts mAvailableInputDevices 0x80000004, 0x80000040, 0x80000100, 0x80002000, 0x82000000, 0x90000000
05-09 11:29:16.176  1023 25372 D APM_AudioPolicyManager: listAudioPorts mAvailableInputDevices 0x80000004, 0x80000040, 0x80000100, 0x80002000, 0x82000000, 0x90000000
05-09 11:29:16.176  1023  2757 D APM_AudioPolicyManager: listAudioPorts mAvailableInputDevices 0x80000004, 0x80000040, 0x80000100, 0x80002000, 0x82000000, 0x90000000
05-09 11:29:16.176  2154 18749 D libMEOW : meow new tls: 0xb4000074ff259350
05-09 11:29:16.176  2154 18749 D libMEOW : applied 1 plugins for [com.android.systemui]:
05-09 11:29:16.176  2154 18749 D libMEOW :   plugin 1: [libMEOW_gift.so]: 0xb40000766ef1c840
05-09 11:29:16.177  2154 18749 D libMEOW : rebuild call chain: 0xb4000074ff2d93d0
05-09 11:29:16.177  2154 18749 D libMEOW : meow delete tls: 0xb4000074ff259350
05-09 11:29:16.178  1023 25640 D APM_AudioPolicyManager: listAudioPorts mAvailableInputDevices 0x80000004, 0x80000040, 0x80000100, 0x80002000, 0x82000000, 0x90000000
05-09 11:29:16.180  1023 25372 D APM_AudioPolicyManager: listAudioPorts mAvailableInputDevices 0x80000004, 0x80000040, 0x80000100, 0x80002000, 0x82000000, 0x90000000
05-09 11:29:16.181  1023  2757 D APM_AudioPolicyManager: listAudioPorts mAvailableInputDevices 0x80000004, 0x80000040, 0x80000100, 0x80002000, 0x82000000, 0x90000000
05-09 11:29:16.183  1023  1140 D APM_AudioPolicyManager: listAudioPorts mAvailableInputDevices 0x80000004, 0x80000040, 0x80000100, 0x80002000, 0x82000000, 0x90000000
05-09 11:29:16.185  2154  2154 W UsbAudioWarningDialogMessage: Only shows title with empty content description!
05-09 11:29:16.187  1023  1140 D APM_AudioPolicyManager: listAudioPorts mAvailableInputDevices 0x80000004, 0x80000040, 0x80000100, 0x80002000, 0x82000000, 0x90000000
05-09 11:29:16.188  1026  2081 D SurfaceFlinger: [SF client] NEW(0xb400006f1303d460) for (2154:com.android.systemui)
05-09 11:29:16.192  1026  1026 I BufferQueueDebug: [com.android.launcher3/com.android.launcher3.uioverrides.QuickstepLauncher#3906](this:0xb400006d83156148,id:-1,api:0,p:-1,c:1026) onDestructor()
05-09 11:29:16.192  2154  2154 D VRI[UsbPermissionActivity]: hardware acceleration = true, forceHwAccelerated = false
05-09 11:29:16.193  1026  2081 E BufferQueueDebug: [a02faaf com.android.systemui/com.android.systemui.usb.UsbPermissionActivity#3943](this:0xb400006d83156148,id:-1,api:0,p:-1,c:-1) id info cannot be read from 'a02faaf com.android.systemui/com.android.systemui.usb.UsbPermissionActivity#3943'
05-09 11:29:16.194  1026  2081 I BufferQueueDebug: [a02faaf com.android.systemui/com.android.systemui.usb.UsbPermissionActivity#3943](this:0xb400006d83156148,id:-1,api:0,p:-1,c:-1) BufferQueue core=(1026:/system/bin/surfaceflinger)
05-09 11:29:16.196  2154  2154 D InputTransport: Create ARC handle: 0xb40000764f02fcf0
05-09 11:29:16.196  2154  2154 D InputEventReceiver: Input log is disabled in InputEventReceiver.
05-09 11:29:16.196  2154  2154 D InputTransport: Input log is disabled in InputChannel.
05-09 11:29:16.200  1678  4443 D CoreBackPreview: Window{353a3bf u0 com.android.systemui/com.android.systemui.usb.UsbPermissionActivity}: Setting back callback OnBackInvokedCallbackInfo{mCallback=android.window.IOnBackInvokedCallback$Stub$Proxy@33e0566, mPriority=0, mIsAnimationCallback=false}
05-09 11:29:16.202  1026  2840 E BufferQueueDebug: [com.android.systemui/com.android.systemui.usb.UsbPermissionActivity#3944](this:0xb400006d831b9bf8,id:-1,api:0,p:-1,c:-1) id info cannot be read from 'com.android.systemui/com.android.systemui.usb.UsbPermissionActivity#3944'
05-09 11:29:16.203  1026  2840 I BufferQueueDebug: [com.android.systemui/com.android.systemui.usb.UsbPermissionActivity#3944](this:0xb400006d831b9bf8,id:-1,api:0,p:-1,c:-1) BufferQueue core=(1026:/system/bin/surfaceflinger)
05-09 11:29:16.205  1678  4443 I WindowManager: Relayout Window{353a3bf u0 com.android.systemui/com.android.systemui.usb.UsbPermissionActivity}: oldVis=4 newVis=0 focusMayChange = true requestedWidth = 575 requestedHeight = 194 outFrames = ClientWindowFrames{frame=[352,286][927,480] display=[0,23][1280,743] parentFrame=[0,0][0,0]} outSurfaceControl = Surface(name=com.android.systemui/com.android.systemui.usb.UsbPermissionActivity)/@0xa2e0fd
05-09 11:29:16.208  2154  2154 D BufferQueueConsumer: [](id:86a0000014d,api:0,p:-1,c:2154) connect: controlledByApp=false
05-09 11:29:16.210  2154  2231 E OpenGLRenderer: Unable to match the desired swap behavior.
05-09 11:29:16.218  2154  2231 D BLASTBufferQueue: [VRI[UsbPermissionActivity]#333](f:0,a:1) acquireNextBufferLocked size=637x256 mFrameNumber=1 applyTransaction=true mTimestamp=648834348910365(auto) mPendingTransactions.size=0 graphicBufferId=9251359558217 transform=7
05-09 11:29:16.219  1678  1696 W WindowManager: finishDrawingWindow: Window{353a3bf u0 com.android.systemui/com.android.systemui.usb.UsbPermissionActivity} mDrawState=DRAW_PENDING
05-09 11:29:16.225  1678  4443 I WindowManager: Relayout Window{718f4a9 u0 com.android.systemui/com.android.systemui.usb.UsbConfirmActivity}: oldVis=8 newVis=0 focusMayChange = true requestedWidth = 575 requestedHeight = 205 outFrames = ClientWindowFrames{frame=[352,280][927,485] display=[0,23][1280,743] parentFrame=[0,0][0,0]} outSurfaceControl = Surface(name=com.android.systemui/com.android.systemui.usb.UsbConfirmActivity)/@0xc1c9043
05-09 11:29:16.226  2154  2154 D BufferQueueConsumer: [](id:86a0000014e,api:0,p:-1,c:2154) connect: controlledByApp=false
05-09 11:29:16.226  2154  2231 E OpenGLRenderer: Unable to match the desired swap behavior.
05-09 11:29:16.233  2154  2231 D BLASTBufferQueue: [VRI[UsbConfirmActivity]#334](f:0,a:1) acquireNextBufferLocked size=637x267 mFrameNumber=1 applyTransaction=true mTimestamp=648834364319518(auto) mPendingTransactions.size=0 graphicBufferId=9251359558222 transform=7
05-09 11:29:16.235  1678  1696 W WindowManager: finishDrawingWindow: Window{718f4a9 u0 com.android.systemui/com.android.systemui.usb.UsbConfirmActivity} mDrawState=DRAW_PENDING
05-09 11:29:16.239  1026  2840 E BufferQueueDebug: [com.android.systemui/com.android.systemui.usb.UsbPermissionActivity#3945](this:0xb400006d831867d8,id:-1,api:0,p:-1,c:-1) id info cannot be read from 'com.android.systemui/com.android.systemui.usb.UsbPermissionActivity#3945'
05-09 11:29:16.239  1026  2840 I BufferQueueDebug: [com.android.systemui/com.android.systemui.usb.UsbPermissionActivity#3945](this:0xb400006d831867d8,id:-1,api:0,p:-1,c:-1) BufferQueue core=(1026:/system/bin/surfaceflinger)
05-09 11:29:16.242  1026  1026 I BufferQueueProducer: [com.android.systemui/com.android.systemui.usb.UsbConfirmActivity#3917](this:0xb400006d8312e368,id:-1,api:0,p:-1,c:1026) queueBuffer: fps=10.63 dur=1599.79 max=883.41 min=12.37
05-09 11:29:16.242  1678  4443 W WindowManager: Changing focus from null to Window{a02faaf u0 com.android.systemui/com.android.systemui.usb.UsbPermissionActivity} displayId=0 Callers=com.android.server.wm.RootWindowContainer.updateFocusedWindowLocked:455 com.android.server.wm.WindowManagerService.updateFocusedWindowLocked:6232 com.android.server.wm.WindowManagerService.relayoutWindow:2523 com.android.server.wm.Session.relayout:259 
05-09 11:29:16.243  1026  2840 E BufferQueueDebug: [Surface(name=f38598d Taskbar)/@0x6bfbffd - animation-leash of insets_animation#3946](this:0xb400006d83164518,id:-1,api:0,p:-1,c:-1) id info cannot be read from 'Surface(name=f38598d Taskbar)/@0x6bfbffd - animation-leash of insets_animation#3946'
05-09 11:29:16.243  1026  2840 I BufferQueueDebug: [Surface(name=f38598d Taskbar)/@0x6bfbffd - animation-leash of insets_animation#3946](this:0xb400006d83164518,id:-1,api:0,p:-1,c:-1) BufferQueue core=(1026:/system/bin/surfaceflinger)
05-09 11:29:16.244  1026  2840 E BufferQueueDebug: [Surface(name=83d1b09 StatusBar)/@0x9b28d21 - animation-leash of insets_animation#3947](this:0xb400006d8317df28,id:-1,api:0,p:-1,c:-1) id info cannot be read from 'Surface(name=83d1b09 StatusBar)/@0x9b28d21 - animation-leash of insets_animation#3947'
05-09 11:29:16.244  1026  2840 I BufferQueueDebug: [Surface(name=83d1b09 StatusBar)/@0x9b28d21 - animation-leash of insets_animation#3947](this:0xb400006d8317df28,id:-1,api:0,p:-1,c:-1) BufferQueue core=(1026:/system/bin/surfaceflinger)
05-09 11:29:16.246  1678  4443 I WindowManager: Relayout Window{a02faaf u0 com.android.systemui/com.android.systemui.usb.UsbPermissionActivity}: oldVis=4 newVis=0 focusMayChange = true requestedWidth = 575 requestedHeight = 159 outFrames = ClientWindowFrames{frame=[352,303][927,462] display=[0,23][1280,743] parentFrame=[0,0][0,0]} outSurfaceControl = Surface(name=com.android.systemui/com.android.systemui.usb.UsbPermissionActivity)/@0xce0ed4a
05-09 11:29:16.246  1678  1696 D CoreBackPreview: Window{a02faaf u0 com.android.systemui/com.android.systemui.usb.UsbPermissionActivity}: Setting back callback OnBackInvokedCallbackInfo{mCallback=android.window.IOnBackInvokedCallback$Stub$Proxy@54dc4bb, mPriority=0, mIsAnimationCallback=false}
05-09 11:29:16.247  2154  2154 D BufferQueueConsumer: [](id:86a0000014f,api:0,p:-1,c:2154) connect: controlledByApp=false
05-09 11:29:16.248  2154  2231 E OpenGLRenderer: Unable to match the desired swap behavior.
05-09 11:29:16.248  1678  1706 D SurfaceComposerClient: Transaction::apply InputWindowCommands.focusRequests timestamp=648834379204826, windowName=a02faaf com.android.systemui/com.android.systemui.usb.UsbPermissionActivity
05-09 11:29:16.257  2154  2231 D BLASTBufferQueue: [VRI[UsbPermissionActivity]#335](f:0,a:1) acquireNextBufferLocked size=637x221 mFrameNumber=1 applyTransaction=true mTimestamp=648834387705672(auto) mPendingTransactions.size=0 graphicBufferId=9251359558227 transform=7
05-09 11:29:16.258  1678  4443 W WindowManager: finishDrawingWindow: Window{a02faaf u0 com.android.systemui/com.android.systemui.usb.UsbPermissionActivity} mDrawState=DRAW_PENDING
05-09 11:29:16.259  1026  1026 D SurfaceFlinger: Focus addInputWindowCommands timestamp=648834379204826, windowName=a02faaf com.android.systemui/com.android.systemui.usb.UsbPermissionActivity
05-09 11:29:16.260  1026  1026 D SurfaceFlinger: Find Focus windowName=a02faaf com.android.systemui/com.android.systemui.usb.UsbPermissionActivity, notVisible=1
05-09 11:29:16.261  1026  1026 D Layer   : Focus: Task=227#3914 isHiddenByPolicy s.flags&layer_state_t::eLayerHidden=1
05-09 11:29:16.261  1026  1026 D Layer   : Focus: isHiddenByPolicy parent Task=227#3914 is hidden cause not visible
05-09 11:29:16.261  1026  1026 D SurfaceFlinger: Focus inVisible Reason:isVisibleForInput(){hasInputInfo()?canReceiveInput():isVisible()}=0 has=1 can{!isHiddenByPolicy()&&(mBuffer==nullptr||getAlpha()>0.0f)}=0 Hidden=1 Buf=0 getA=1
05-09 11:29:16.261  1678  1706 W WindowManager: real show surface:Surface(name=com.android.systemui/com.android.systemui.usb.UsbPermissionActivity)/@0x7afedd8
05-09 11:29:16.261  1026  1313 D SurfaceFlinger: updateWinowInfo=1, setFocusedWindow timestamp=648834379204826, windowName=a02faaf com.android.systemui/com.android.systemui.usb.UsbPermissionActivity
05-09 11:29:16.262  1678  1706 W WindowManager: real show surface:Surface(name=com.android.systemui/com.android.systemui.usb.UsbPermissionActivity)/@0xd704531
05-09 11:29:16.262  1678  1706 W WindowManager: real show surface:Surface(name=com.android.systemui/com.android.systemui.usb.UsbConfirmActivity)/@0x1dd1df4
05-09 11:29:16.263  1026  2081 E BufferQueueDebug: [Transition Root: Task=227#3948](this:0xb400006d8316a038,id:-1,api:0,p:-1,c:-1) id info cannot be read from 'Transition Root: Task=227#3948'
05-09 11:29:16.263  1026  2081 I BufferQueueDebug: [Transition Root: Task=227#3948](this:0xb400006d8316a038,id:-1,api:0,p:-1,c:-1) BufferQueue core=(1026:/system/bin/surfaceflinger)
05-09 11:29:16.265  1678  1702 I ActivityTaskManager: Displayed com.android.systemui/.usb.UsbPermissionActivity for user 0: +406ms
05-09 11:29:16.265  1678  1702 V WindowManager: Sent Transition #314 createdAt=05-09 11:29:15.841 via request=TransitionRequestInfo { type = OPEN, triggerTask = TaskInfo{userId=0 taskId=227 displayId=0 isRunning=true baseIntent=Intent { flg=0x10800000 cmp=com.android.systemui/.usb.UsbConfirmActivity } baseActivity=ComponentInfo{com.android.systemui/com.android.systemui.usb.UsbConfirmActivity} topActivity=ComponentInfo{com.android.systemui/com.android.systemui.usb.UsbPermissionActivity} origActivity=null realActivity=ComponentInfo{com.android.systemui/com.android.systemui.usb.UsbConfirmActivity} numActivities=2 lastActiveTime=673443000 supportsMultiWindow=true resizeMode=1 isResizeable=true minWidth=-1 minHeight=-1 defaultMinSize=220 token=WCT{RemoteToken{83914bf Task{e865656 #227 type=standard A=10117:com.android.systemui}}} topActivityType=1 pictureInPictureParams=null shouldDockBigOverlays=false launchIntoPipHostTaskId=-1 lastParentTaskIdBeforePip=-1 displayCutoutSafeInsets=null topActivityInfo=ActivityInfo{3220f84 com.android.systemui.usb.UsbPermissionActivity} launchCookies=[] positionInParent=Point(0, 0) parentTaskId=-1 isFocused=true isVisible=false isVisibleRequested=false isSleeping=false topActivityInSizeCompat=false topActivityEligibleForLetterboxEducation= false topActivityLetterboxed= false isFromDoubleTap= false topActivityLetterboxVerticalPosition= -1 topActivityLetterboxHorizontalPosition= -1 topActivityLetterboxWidth=-1 topActivityLetterboxHeight=-1 locusId=null displayAreaFeatureId=1 cameraCompatControlState=hidden}, remoteTransition = null, displayChange = null }
05-09 11:29:16.265  1678  1702 V WindowManager:     startWCT=WindowContainerTransaction { changes = {} hops = [] errorCallbackToken=null taskFragmentOrganizer=null }
05-09 11:29:16.266  1026  2081 E BufferQueueDebug: [98d618 ActivityRecordInputSink com.android.systemui/.usb.UsbConfirmActivity#3949](this:0xb400006d831a5d08,id:-1,api:0,p:-1,c:-1) id info cannot be read from '98d618 ActivityRecordInputSink com.android.systemui/.usb.UsbConfirmActivity#3949'
05-09 11:29:16.266  1678  1702 V WindowManager:     info={id=314 t=OPEN f=0x0 trk=0 r=[0@Point(0, 0)] c=[{WCT{RemoteToken{83914bf Task{e865656 #227 type=standard A=10117:com.android.systemui}}} m=TO_FRONT f=TRANSLUCENT|MOVE_TO_TOP leash=Surface(name=Task=227)/@0x8fe491d sb=Rect(0, 0 - 1280, 800) eb=Rect(0, 0 - 1280, 800) d=0}]}
05-09 11:29:16.266  1026  2081 I BufferQueueDebug: [98d618 ActivityRecordInputSink com.android.systemui/.usb.UsbConfirmActivity#3949](this:0xb400006d831a5d08,id:-1,api:0,p:-1,c:-1) BufferQueue core=(1026:/system/bin/surfaceflinger)
05-09 11:29:16.266  2154  2197 V WindowManagerShell: onTransitionReady android.os.BinderProxy@558bd04: {id=314 t=OPEN f=0x0 trk=0 r=[0@Point(0, 0)] c=[{WCT{android.window.IWindowContainerToken$Stub$Proxy@16bb6b7} m=TO_FRONT f=TRANSLUCENT|MOVE_TO_TOP leash=Surface(name=Task=227)/@0xb0bfd51 sb=Rect(0, 0 - 1280, 800) eb=Rect(0, 0 - 1280, 800) d=0}]}
05-09 11:29:16.266  2154  2197 V WindowManagerShell: Playing animation for (#314)android.os.BinderProxy@558bd04@0
05-09 11:29:16.266  2154  2197 V WindowManagerShell:  try handler com.android.wm.shell.transition.DefaultMixedHandler@ea0c0e9
05-09 11:29:16.266  2154  2197 V WindowManagerShell:  try handler com.android.wm.shell.keyguard.KeyguardTransitionHandler@ab53c6a
05-09 11:29:16.266  2154  2197 V WindowManagerShell:  try handler com.android.wm.shell.activityembedding.ActivityEmbeddingController@b8f355b
05-09 11:29:16.266  2154  2197 V WindowManagerShell:  try handler com.android.wm.shell.recents.RecentsTransitionHandler@d9da1f8
05-09 11:29:16.266  2154  2197 V ShellRecents: RecentsTransitionHandler.startAnimation: no controller found
05-09 11:29:16.266  2154  2197 V WindowManagerShell:  try handler com.android.wm.shell.pip.PipTransition@147b6d1
05-09 11:29:16.267  2154  2197 V WindowManagerShell:  try handler com.android.wm.shell.splitscreen.StageCoordinator@be2b536
05-09 11:29:16.267  2154  2197 V WindowManagerShell:  try handler com.android.wm.shell.transition.RemoteTransitionHandler@81cc37
05-09 11:29:16.267  2154  2197 V WindowManagerShell: Transition doesn't have explicit remote, search filters for match for {id=314 t=OPEN f=0x0 trk=0 r=[0@Point(0, 0)] c=[{WCT{android.window.IWindowContainerToken$Stub$Proxy@16bb6b7} m=TO_FRONT f=TRANSLUCENT|MOVE_TO_TOP leash=Surface(name=Task=227)/@0xb0bfd51 sb=Rect(0, 0 - 1280, 800) eb=Rect(0, 0 - 1280, 800) d=0}]}
05-09 11:29:16.267  1026  2081 E BufferQueueDebug: [Dim Layer for - WindowedMagnification:0:31#3950](this:0xb400006d8315bc68,id:-1,api:0,p:-1,c:-1) id info cannot be read from 'Dim Layer for - WindowedMagnification:0:31#3950'
05-09 11:29:16.267  1026  2081 I BufferQueueDebug: [Dim Layer for - WindowedMagnification:0:31#3950](this:0xb400006d8315bc68,id:-1,api:0,p:-1,c:-1) BufferQueue core=(1026:/system/bin/surfaceflinger)
05-09 11:29:16.267  2154  2197 V WindowManagerShell:  Checking filter Pair{{types=[] flags=0x0] notFlags=0x100 checks=[{atype=home independent=true modes=[OPEN,TO_FRONT] flags=NONE mustBeTask=false order=TOP topActivity=ComponentInfo{com.android.launcher3/com.android.launcher3.uioverrides.QuickstepLauncher}},{atype=standard independent=true modes=[CLOSE,TO_BACK] flags=NONE mustBeTask=false order=ANY topActivity=null}]} RemoteTransition { remoteTransition = android.window.IRemoteTransition$Stub$Proxy@d06e5a4, appThread = android.app.IApplicationThread$Stub$Proxy@6bfef0d, debugName = QuickstepLaunchHome }}
05-09 11:29:16.267  2154  2197 V WindowManagerShell:  Delegate animation for #314 to null
05-09 11:29:16.267  2154  2197 V WindowManagerShell:  try handler com.android.wm.shell.transition.DefaultTransitionHandler@b9ceec2
05-09 11:29:16.267  2154  2197 V WindowManagerShell: start default transition animation, info = {id=314 t=OPEN f=0x0 trk=0 r=[0@Point(0, 0)] c=[{WCT{android.window.IWindowContainerToken$Stub$Proxy@16bb6b7} m=TO_FRONT f=TRANSLUCENT|MOVE_TO_TOP leash=Surface(name=Task=227)/@0xb0bfd51 sb=Rect(0, 0 - 1280, 800) eb=Rect(0, 0 - 1280, 800) d=0}]}
05-09 11:29:16.268  2154  2197 V WindowManagerShell: loadAnimation: anim=android.view.animation.AnimationSet@2c21d8d animAttr=0x4 type=OPEN isEntrance=true
05-09 11:29:16.268  1026  2081 E BufferQueueDebug: [939707 ActivityRecordInputSink com.android.systemui/.usb.UsbPermissionActivity#3951](this:0xb400006d831cdae8,id:-1,api:0,p:-1,c:-1) id info cannot be read from '939707 ActivityRecordInputSink com.android.systemui/.usb.UsbPermissionActivity#3951'
05-09 11:29:16.268  1026  2081 I BufferQueueDebug: [939707 ActivityRecordInputSink com.android.systemui/.usb.UsbPermissionActivity#3951](this:0xb400006d831cdae8,id:-1,api:0,p:-1,c:-1) BufferQueue core=(1026:/system/bin/surfaceflinger)
05-09 11:29:16.270  1026  2634 E BufferQueueDebug: [b213d2 ActivityRecordInputSink com.android.systemui/.usb.UsbPermissionActivity#3952](this:0xb400006d831dec48,id:-1,api:0,p:-1,c:-1) id info cannot be read from 'b213d2 ActivityRecordInputSink com.android.systemui/.usb.UsbPermissionActivity#3952'
05-09 11:29:16.270  1026  2634 I BufferQueueDebug: [b213d2 ActivityRecordInputSink com.android.systemui/.usb.UsbPermissionActivity#3952](this:0xb400006d831dec48,id:-1,api:0,p:-1,c:-1) BufferQueue core=(1026:/system/bin/surfaceflinger)
05-09 11:29:16.270  2154  2197 V WindowManagerShell:  animated by com.android.wm.shell.transition.DefaultTransitionHandler@b9ceec2
05-09 11:29:16.271  1026  2634 E BufferQueueDebug: [Surface(name=Dim Layer for - WindowedMagnification:0:31)/@0xa53036d - animation-leash of dimmer#3953](this:0xb400006d831ae5b8,id:-1,api:0,p:-1,c:-1) id info cannot be read from 'Surface(name=Dim Layer for - WindowedMagnification:0:31)/@0xa53036d - animation-leash of dimmer#3953'
05-09 11:29:16.271  1026  2634 I BufferQueueDebug: [Surface(name=Dim Layer for - WindowedMagnification:0:31)/@0xa53036d - animation-leash of dimmer#3953](this:0xb400006d831ae5b8,id:-1,api:0,p:-1,c:-1) BufferQueue core=(1026:/system/bin/surfaceflinger)
05-09 11:29:16.275  1026  1026 I BufferQueueProducer: [Splash Screen com.nw5w.graywolf#3928](this:0xb400006d831b1348,id:-1,api:0,p:-1,c:1026) queueBuffer: fps=16.79 dur=1012.54 max=745.32 min=16.35
05-09 11:29:16.276  1026  1026 I BufferQueueDebug: [Surface(name=83d1b09 StatusBar)/@0x9b28d21 - animation-leash of insets_animation#3934](this:0xb400006d831b40d8,id:-1,api:0,p:-1,c:1026) onDestructor()
05-09 11:29:16.276  1026  1026 I BufferQueueDebug: [Surface(name=f38598d Taskbar)/@0x6bfbffd - animation-leash of insets_animation#3933](this:0xb400006d831c24a8,id:-1,api:0,p:-1,c:1026) onDestructor()
05-09 11:29:16.285  1678  4443 W WindowManager: finishDrawingWindow: Window{a02faaf u0 com.android.systemui/com.android.systemui.usb.UsbPermissionActivity} mDrawState=HAS_DRAWN
05-09 11:29:16.308  1026  1026 I BufferQueueProducer: [StatusBar#77](this:0xb400006d8312b5d8,id:-1,api:0,p:-1,c:1026) queueBuffer: fps=15.53 dur=1416.77 max=883.55 min=16.43
05-09 11:29:16.322  1026  2081 E BufferQueueDebug: [ScreenDecorOverlay#3954](this:0xb400006d831b40d8,id:-1,api:0,p:-1,c:-1) id info cannot be read from 'ScreenDecorOverlay#3954'
05-09 11:29:16.322  1026  2081 I BufferQueueDebug: [ScreenDecorOverlay#3954](this:0xb400006d831b40d8,id:-1,api:0,p:-1,c:-1) BufferQueue core=(1026:/system/bin/surfaceflinger)
05-09 11:29:16.326 18632 18754 D libMEOW : meow new tls: 0xb4000074ff039130
05-09 11:29:16.326 18632 18754 D libMEOW : applied 1 plugins for [com.nw5w.graywolf]:
05-09 11:29:16.326 18632 18754 D libMEOW :   plugin 1: [libMEOW_gift.so]: 0xb40000766ef1c840
05-09 11:29:16.326 18632 18754 D libMEOW : rebuild call chain: 0xb4000074ff019110
05-09 11:29:16.327  1678  4443 I WindowManager: Relayout Window{86c6d5 u0 ScreenDecorOverlay}: oldVis=4 newVis=0 focusMayChange = true requestedWidth = 1280 requestedHeight = 23 outFrames = ClientWindowFrames{frame=[0,0][1280,23] display=[0,0][1280,800] parentFrame=[0,0][0,0]} outSurfaceControl = Surface(name=ScreenDecorOverlay)/@0xf296969
05-09 11:29:16.333 18632 18692 W cr_media: BLUETOOTH_CONNECT permission is missing.
05-09 11:29:16.333  1026  1026 I BufferQueueProducer: [FramebufferSurface](this:0xb400006ee3009d00,id:-1,api:1,p:1026,c:1026) queueBuffer: fps=32.45 dur=1633.50 max=769.40 min=12.31
05-09 11:29:16.334  2154  2426 D BufferQueueConsumer: [](id:86a00000150,api:0,p:-1,c:2154) connect: controlledByApp=false
05-09 11:29:16.336  1678  1696 I PowerHalWrapper: amsBoostStop AMS_BOOST_PACK_SWITCH:false, AMS_BOOST_ACT_SWITCH:false, AMS_BOOST_PROCESS_CREATE:false 
05-09 11:29:16.336  1019  1051 I mtkpower@impl: [setMode] type:5, enabled:0
05-09 11:29:16.336  1678  1696 I PowerHalWrapper: amsBoostStop AMS_BOOST_PACK_SWITCH:false, AMS_BOOST_ACT_SWITCH:false, AMS_BOOST_PROCESS_CREATE:false 
05-09 11:29:16.337  1019  1121 I libPowerHal: [perfLockRel] hdl:2958, idx:0
05-09 11:29:16.337 18632 18692 W cr_media: getBluetoothAdapter() requires BLUETOOTH permission
05-09 11:29:16.338 18632 18692 W cr_media: registerBluetoothIntentsIfNeeded: Requires BLUETOOTH permission
05-09 11:29:16.342  2154  2231 E OpenGLRenderer: Unable to match the desired swap behavior.
05-09 11:29:16.347  1023  2757 D APM_AudioPolicyManager: listAudioPorts mAvailableInputDevices 0x80000004, 0x80000040, 0x80000100, 0x80002000, 0x82000000, 0x90000000
05-09 11:29:16.348  2154  2204 D View    : [Warning] assignParent to null: this = android.widget.FrameLayout{6a1ca4 G.E...... ......ID 0,0-1280,800}
05-09 11:29:16.350  1026  2081 E BufferQueueDebug: [Surface(name=4f1187f Splash Screen com.nw5w.graywolf)/@0x92c2ec6 - animation-leash of window_animation#3955](this:0xb400006d8319d458,id:-1,api:0,p:-1,c:-1) id info cannot be read from 'Surface(name=4f1187f Splash Screen com.nw5w.graywolf)/@0x92c2ec6 - animation-leash of window_animation#3955'
05-09 11:29:16.350  1026  2081 I BufferQueueDebug: [Surface(name=4f1187f Splash Screen com.nw5w.graywolf)/@0x92c2ec6 - animation-leash of window_animation#3955](this:0xb400006d8319d458,id:-1,api:0,p:-1,c:-1) BufferQueue core=(1026:/system/bin/surfaceflinger)
05-09 11:29:16.351  1023  2757 D APM_AudioPolicyManager: listAudioPorts mAvailableInputDevices 0x80000004, 0x80000040, 0x80000100, 0x80002000, 0x82000000, 0x90000000
05-09 11:29:16.352 18632 18632 I MainActivity: poc-b: webview_loaded
05-09 11:29:16.358  2154  2231 D BLASTBufferQueue: [VRI[ScreenDecorOverlay]#336](f:0,a:1) acquireNextBufferLocked size=1280x23 mFrameNumber=1 applyTransaction=true mTimestamp=648834488848518(auto) mPendingTransactions.size=0 graphicBufferId=9251359558239 transform=7
05-09 11:29:16.361 18668 18682 I cr_LibraryLoader: Successfully loaded native library
05-09 11:29:16.362  2154  2204 D BLASTBufferQueue: [VRI[graywolf]#332](f:0,a:1) destructor()
05-09 11:29:16.362  2154  2204 D BufferQueueConsumer: [VRI[graywolf]#332(BLAST Consumer)332](id:86a0000014c,api:0,p:-1,c:2154) disconnect
05-09 11:29:16.363  2154  2204 W WindowOnBackDispatcher: sendCancelIfRunning: isInProgress=falsecallback=android.view.ViewRootImpl$$ExternalSyntheticLambda17@dff5436
05-09 11:29:16.364  1678  8061 D CoreBackPreview: Window{4f1187f u0 Splash Screen com.nw5w.graywolf EXITING}: Setting back callback null
05-09 11:29:16.366 18668 18682 I cr_CachingUmaRecorder: Flushed 2 samples from 2 histograms, 0 samples were dropped.
05-09 11:29:16.370  1678  1703 E ApplicationHelper: Fail to get PackageManager
05-09 11:29:16.373  1678  1696 W WindowManager: finishDrawingWindow: Window{86c6d5 u0 ScreenDecorOverlay} mDrawState=DRAW_PENDING
05-09 11:29:16.373 18668 18682 W chromium: [WARNING:content/app/android/content_main_android.cc:82] android_setCpu already initialized
05-09 11:29:16.374  1678  8061 W InputManager-JNI: Input channel object '4f1187f Splash Screen com.nw5w.graywolf (client)' was disposed without first being removed with the input manager!
05-09 11:29:16.375  1678  8061 W WindowManager: real show surface:Surface(name=ScreenDecorOverlay)/@0x625e520
05-09 11:29:16.376  2154  2204 D InputTransport: Destroy ARC handle: 0xb40000764f023e10
05-09 11:29:16.394  1678  1703 E ApplicationHelper: Fail to get PackageManager
05-09 11:29:16.403 31513 31676 I FontLog : (REDACTED) Received query %s, URI %s
05-09 11:29:16.403 31513 31676 I FontLog : (REDACTED) Query [%s] resolved to %s
05-09 11:29:16.410 31513 31676 I FontLog : (REDACTED) Fetch %s end status %s
05-09 11:29:16.412 18668 18682 W chromium: [WARNING:content/child/runtime_features.cc:537] Fenced frames cannot be enabled in this configuration. Use --enable-features=FencedFrames instead.
05-09 11:29:16.412 18668 18682 W chromium: [WARNING:content/child/runtime_features.cc:562] Topics cannot be enabled in this configuration. Use --enable-features=BrowsingTopics in addition.
05-09 11:29:16.412 18668 18682 W chromium: [WARNING:content/child/runtime_features.cc:583] SharedStorage cannot be enabled in this configuration. Use --enable-features=SharedStorageAPI in addition.
05-09 11:29:16.417 31513 31676 I FontLog : (REDACTED) Pulling font file for id = %d, cache size = %d
05-09 11:29:16.424 31513 31676 I FontLog : (REDACTED) Pulling font file for id = %d, cache size = %d
05-09 11:29:16.435 31513 31676 I FontLog : (REDACTED) Received query %s, URI %s
05-09 11:29:16.436 31513 31676 I FontLog : (REDACTED) Query [%s] resolved to %s
05-09 11:29:16.438 31513 31676 I FontLog : (REDACTED) Font PFD returned from cache for %s
05-09 11:29:16.438 31513 31676 I FontLog : (REDACTED) Fetch %s end status %s
05-09 11:29:16.446 31513 31676 I FontLog : (REDACTED) Pulling font file for id = %d, cache size = %d
05-09 11:29:16.466 31513 31676 I FontLog : (REDACTED) Received query %s, URI %s
05-09 11:29:16.467 31513 31676 I FontLog : (REDACTED) Query [%s] resolved to %s
05-09 11:29:16.471 31513 31676 I FontLog : (REDACTED) Fetch %s end status %s
05-09 11:29:16.478 31513 31656 I FontLog : (REDACTED) Pulling font file for id = %d, cache size = %d
05-09 11:29:16.501 31513 31656 I FontLog : (REDACTED) Received query %s, URI %s
05-09 11:29:16.501 31513 31656 I FontLog : (REDACTED) Query [%s] resolved to %s
05-09 11:29:16.503 31513 31656 I FontLog : (REDACTED) Font PFD returned from cache for %s
05-09 11:29:16.504 31513 31656 I FontLog : (REDACTED) Fetch %s end status %s
05-09 11:29:16.511  1678  1706 D WindowManager: setParent old=ActivityRecord{168cd23 u0 com.nw5w.graywolf/.MainActivity t228},new=null,this window=Window{4f1187f u0 Splash Screen com.nw5w.graywolf},callers=com.android.server.wm.WindowContainer.removeChild:761 com.android.server.wm.ActivityRecord.removeChild:4492 com.android.server.wm.ActivityRecord.removeChild:403 com.android.server.wm.WindowContainer.removeImmediately:819 com.android.server.wm.WindowState.removeImmediately:2394 com.android.server.wm.WindowState.destroySurface:3398 
05-09 11:29:16.512 31513 31656 I FontLog : (REDACTED) Pulling font file for id = %d, cache size = %d
05-09 11:29:16.516 18632 18699 W AudioCapabilities: Unsupported mime audio/x-adpcm-dvi-ima
05-09 11:29:16.517 18632 18699 W AudioCapabilities: Unsupported mime audio/x-adpcm-dvi-ima
05-09 11:29:16.518 18632 18699 W AudioCapabilities: Unsupported mime audio/x-adpcm-ms
05-09 11:29:16.519 18632 18699 W AudioCapabilities: Unsupported mime audio/x-adpcm-ms
05-09 11:29:16.520 18632 18699 W AudioCapabilities: Unsupported mime audio/alac
05-09 11:29:16.521 18632 18699 W AudioCapabilities: Unsupported mime audio/alac
05-09 11:29:16.523 18632 18699 W AudioCapabilities: Unsupported mime audio/ape
05-09 11:29:16.524 18632 18699 W AudioCapabilities: Unsupported mime audio/ape
05-09 11:29:16.525  1026  1026 I BufferQueueDebug: [Surface(name=Dim Layer for - WindowedMagnification:0:31)/@0xa53036d - animation-leash of dimmer#3953](this:0xb400006d831ae5b8,id:-1,api:0,p:-1,c:1026) onDestructor()
05-09 11:29:16.526 18668 18768 E chromium: [ERROR:cc/tiles/tile_manager.cc:1001] WARNING: tile memory limits exceeded, some content may not draw
05-09 11:29:16.526 18668 18768 E chromium: [ERROR:cc/tiles/tile_manager.cc:1001] WARNING: tile memory limits exceeded, some content may not draw
05-09 11:29:16.537 31513 31656 I FontLog : (REDACTED) Received query %s, URI %s
05-09 11:29:16.537 31513 31656 I FontLog : (REDACTED) Query [%s] resolved to %s
05-09 11:29:16.539 31513 31656 I FontLog : (REDACTED) Font PFD returned from cache for %s
05-09 11:29:16.540 31513 31656 I FontLog : (REDACTED) Fetch %s end status %s
05-09 11:29:16.541  1026  1026 I BufferQueueDebug: [Surface(name=4f1187f Splash Screen com.nw5w.graywolf)/@0x92c2ec6 - animation-leash of window_animation#3955](this:0xb400006d8319d458,id:-1,api:0,p:-1,c:1026) onDestructor()
05-09 11:29:16.542  1026  1026 I BufferQueueDebug: [Splash Screen com.nw5w.graywolf#3928](this:0xb400006d831b1348,id:-1,api:0,p:-1,c:1026) onDestructor()
05-09 11:29:16.550 31513 31530 W .gms.persistent: Profile data size exceeds 500000 bytes. It has 674510 bytes.
05-09 11:29:16.552 31513 31656 I FontLog : (REDACTED) Pulling font file for id = %d, cache size = %d
05-09 11:29:16.570 31513 31656 I FontLog : (REDACTED) Received query %s, URI %s
05-09 11:29:16.570 31513 31656 I FontLog : (REDACTED) Query [%s] resolved to %s
05-09 11:29:16.573 31513 31656 I FontLog : (REDACTED) Font PFD returned from cache for %s
05-09 11:29:16.573 31513 31656 I FontLog : (REDACTED) Fetch %s end status %s
05-09 11:29:16.573  2154  2197 V WindowManagerShell: Transition animation finished (aborted=false), notifying core (#314)android.os.BinderProxy@558bd04@0
05-09 11:29:16.578  1678  1702 V WindowManager: Finish Transition #314: created at 05-09 11:29:15.841 collect-started=0.075ms request-sent=7.671ms started=9.514ms ready=299.804ms sent=422.539ms finished=736.095ms
05-09 11:29:16.578  2083  2083 I WifiHAL : Get link layer stats
05-09 11:29:16.578  2083  2083 I WifiHAL : GetLinkStatsCommand::create
05-09 11:29:16.578  2083  2083 D android.hardware.wifi@1.0-service-lazy: WifiRequest::create vendor command to iface 32, vendor_id=0x1a11, subcmd=0x1200, res=0
05-09 11:29:16.578  2083  2083 I android.hardware.wifi@1.0-service-lazy: WifiCommand::requestResponse err=-14
05-09 11:29:16.578  2083  2083 I WifiHAL : wifi_get_link_stats: result=-1
05-09 11:29:16.579  1678  2024 E WifiStaIfaceHidlImpl: getLinkLayerStatsV1_5 failed with status: {.code = ERROR_UNKNOWN, .description = unknown}
05-09 11:29:16.581  2154  2197 V WindowManagerShell: Track 0 became idle
05-09 11:29:16.581  2154  2197 V WindowManagerShell: All active transition animations finished
05-09 11:29:16.587 31513 31656 I FontLog : (REDACTED) Pulling font file for id = %d, cache size = %d
05-09 11:29:16.608  1026  1026 I BufferQueueDebug: [Transition Root: Task=227#3948](this:0xb400006d8316a038,id:-1,api:0,p:-1,c:1026) onDestructor()
05-09 11:29:16.608  1026  1026 I BufferQueueDebug: [4f1187f Splash Screen com.nw5w.graywolf#3926](this:0xb400006d831a2f78,id:-1,api:0,p:-1,c:1026) onDestructor()
05-09 11:29:16.612 18632 18699 W VideoCapabilities: Unrecognized profile/level 32768/256 for video/mp4v-es
05-09 11:29:16.614 18632 18699 W VideoCapabilities: Unrecognized profile/level 32768/256 for video/mp4v-es
05-09 11:29:16.623 18632 18699 W VideoCapabilities: Unsupported mime video/x-ms-wmv
05-09 11:29:16.624 18632 18699 W VideoCapabilities: Unsupported mime video/x-ms-wmv
05-09 11:29:16.663  1019  1121 I mtkpower@impl: [powerd_req] TIMER_MSG_PERF_LOCK_TIMEOUT hdl:2960
05-09 11:29:16.663  1019  1121 I libPowerHal: [perfLockRel] hdl:2960, idx:3
05-09 11:29:16.691 18632 18654 E GPUAUX  : [AUX]GuiExtAuxCheckAuxPath:670: Null anb
05-09 11:29:16.692 18632 18654 E GPUAUX  : [AUX]GuiExtAuxCheckAuxPath:670: Null anb
05-09 11:29:16.710  1007  1007 I hwcomposer: [HWCDisplay] [Display_0 (type:1)] fps:50.965019,dur:1000.69,max:81.93,min:11.95  
05-09 11:29:16.712  1678  1678 W AccessibilityManagerService:  wait for adding window timeout: 311
05-09 11:29:16.844  1678  1678 W AccessibilityManagerService:  wait for adding window timeout: 40
05-09 11:29:17.029 18632 18654 E GPUAUX  : [AUX]GuiExtAuxCheckAuxPath:670: Null anb
05-09 11:29:17.036  1019  1100 I libPowerHal: [updateFPS] pid(2154) : -1 => 90
05-09 11:29:17.036  1019  1121 I libPowerHal: [perfNotifyAppState] pack:com.android.systemui, act:com.android.systemui.usb.UsbPermissionActivity, state:5, pid:2154, uid:10117, fps:90
05-09 11:29:17.036  1019  1121 I UxUtility: notifyForegroundApp pack:com.android.systemui, uid:10117
05-09 11:29:17.036  1019  1121 I TouchUtility: notifyAppState error = NULL
05-09 11:29:17.041  1026  1026 I BufferQueueProducer: [com.nw5w.graywolf/com.nw5w.graywolf.MainActivity#3940](this:0xb400006d8313f4c8,id:-1,api:0,p:-1,c:1026) queueBuffer: fps=4.69 dur=1066.31 max=466.38 min=16.59
05-09 11:29:17.164  1678  2150 I mtkpower_client: perf_lock_acq, hdl:2829, dur:3000, num:2, pid:1678, tid:2150
05-09 11:29:17.165  1678  2150 I mtkpower_client: ret_hdl:2963
05-09 11:29:17.165  1678  2150 I mtkpower_client: perf_lock_rel, hdl:2963, tid:2150
05-09 11:29:17.165  1019  1121 I libPowerHal: [perfLockAcq] idx:0 hdl:2963 hint:-1 pid:1678 duration:3000 lock_user:system_server => ret_hdl:2963
05-09 11:29:17.165  1019  1121 I SbeHandle: end_default_hold_time HindID : 21
05-09 11:29:17.165  1019  1121 I libPowerHal: [disableScenarioByHintId] Disable HindID : 21
05-09 11:29:17.165  1019  1121 I libPowerHal: [disableScenarioByHintId] disableScenarioByHintId: HindID : 21
05-09 11:29:17.166  1019  1121 I libPowerHal: MTKPOWER_HINT_PROCESS_CREATE: cpu_ctrl set cpu freq: -1 -1 -1 -1
05-09 11:29:17.166  1019  1121 I libPowerHal: [PD] MTKPOWER_HINT_PROCESS_CREATE update cmd:1000000, param:1
05-09 11:29:17.166  1019  1121 I libPowerHal: [PD] MTKPOWER_HINT_PROCESS_CREATE update cmd:1410000 param:0
05-09 11:29:17.166  1019  1121 I libPowerHal: [PD] MTKPOWER_HINT_PROCESS_CREATE update cmd:1408300 param:40
05-09 11:29:17.167  1019  1121 I libPowerHal: [PD] MTKPOWER_HINT_PROCESS_CREATE update cmd:1000000 param:1
05-09 11:29:17.167  1019  1121 I libPowerHal: [PE] system_server update cmd:3410300 param:21
05-09 11:29:17.167  1019  1121 I libPowerHal: [perfLockRel] hdl:2963, idx:0
05-09 11:29:17.168  1019  1121 I SbeHandle: end_default_hold_time HindID : 21
05-09 11:29:17.168  1019  1121 I libPowerHal: [disableScenarioByHintId] Disable HindID : 21
05-09 11:29:17.168  1019  1121 I libPowerHal: [PD] system_server update ONESHOT cmd:3410300 param:21
05-09 11:29:17.512  1026  1026 I BufferQueueProducer: [FramebufferSurface](this:0xb400006ee3009d00,id:-1,api:1,p:1026,c:1026) queueBuffer: fps=18.66 dur=1179.07 max=468.92 min=12.05
05-09 11:29:17.554 18632 18654 E GPUAUX  : [AUX]GuiExtAuxCheckAuxPath:670: Null anb
05-09 11:29:17.711  1007  1007 I hwcomposer: [HWCDisplay] [Display_0 (type:1)] fps:12.989461,dur:1000.81,max:469.46,min:14.77  
05-09 11:29:17.788  3806  4886 D MediaScannerConnection: Scanned /storage/emulated/0/Android/data/hk.topicon.utility.logservice/files/log_battery_05_09_06_17_37.csv to null
05-09 11:29:17.790  1019  1121 I libPowerHal: [perfLockAcq] idx:0 hdl:2964 hint:25 pid:1019 duration:10000 lock_user:mtkpower@1.0-se => ret_hdl:2964
05-09 11:29:17.791  1019  1121 I libPowerHal: [PE] MTKPOWER_HINT_APP_TOUCH update cmd:3408600 param:1
05-09 11:29:17.825  1026  1026 I BufferQueueProducer: [com.android.systemui/com.android.systemui.usb.UsbPermissionActivity#3945](this:0xb400006d831867d8,id:-1,api:0,p:-1,c:1026) queueBuffer: fps=6.38 dur=1566.74 max=1383.81 min=16.34
05-09 11:29:17.825  1026  1026 I BufferQueueProducer: [com.android.systemui/com.android.systemui.usb.UsbConfirmActivity#3917](this:0xb400006d8312e368,id:-1,api:0,p:-1,c:1026) queueBuffer: fps=1.26 dur=1583.91 max=1550.33 min=33.58
05-09 11:29:17.826  1026  1026 I BufferQueueProducer: [com.android.systemui/com.android.systemui.usb.UsbPermissionActivity#3944](this:0xb400006d831b9bf8,id:-1,api:0,p:-1,c:1026) queueBuffer: fps=4.37 dur=1600.75 max=1450.67 min=16.63
05-09 11:29:18.008  1019  1121 I libPowerHal: [perfLockRel] hdl:2964, idx:0
05-09 11:29:18.009  1019  1121 I libPowerHal: [PD] MTKPOWER_HINT_APP_TOUCH update cmd:3408600 param:0
05-09 11:29:18.029 18632 18654 E GPUAUX  : [AUX]GuiExtAuxCheckAuxPath:670: Null anb
05-09 11:29:18.036  1019  1100 I libPowerHal: [updateFPS] pid(2154) : 90 => 60
05-09 11:29:18.037  1019  1121 I libPowerHal: [perfNotifyAppState] pack:com.android.systemui, act:com.android.systemui.usb.UsbPermissionActivity, state:5, pid:2154, uid:10117, fps:60
05-09 11:29:18.037  1019  1121 I UxUtility: notifyForegroundApp pack:com.android.systemui, uid:10117
05-09 11:29:18.037  1019  1121 I TouchUtility: notifyAppState error = NULL
05-09 11:29:18.042  1026  1026 I BufferQueueProducer: [com.nw5w.graywolf/com.nw5w.graywolf.MainActivity#3940](this:0xb400006d8313f4c8,id:-1,api:0,p:-1,c:1026) queueBuffer: fps=16.99 dur=1000.45 max=467.02 min=16.54
05-09 11:29:18.049  2154  2197 V WindowManagerShell: Transition requested: android.os.BinderProxy@b8245c0 TransitionRequestInfo { type = CLOSE, triggerTask = null, remoteTransition = null, displayChange = null }
05-09 11:29:18.049  1678  8061 I PowerHalWrapper: amsBoostNotify pid:2154,activity:com.android.systemui.usb.UsbPermissionActivity, package:com.android.systemui, mProcessCreatePackcom.nw5w.graywolf 
05-09 11:29:18.049  1678  8061 I PowerHalWrapper: state: 0 
05-09 11:29:18.050  1678  8061 I mtkpower_client: [Legacy][PowerHal_Wrap_notifyAppState] com.android.systemui/com.android.systemui.usb.UsbPermissionActivity pid=2154 state:0
05-09 11:29:18.050  1019  1121 I libPowerHal: [perfNotifyAppState] pack:com.android.systemui, act:com.android.systemui.usb.UsbPermissionActivity, state:0, pid:2154, uid:10117, fps:60
05-09 11:29:18.051  1678  8061 I PowerHalWrapper: amsBoostNotify AMS_BOOST_PROCESS_CREATE_BOOST:false 
05-09 11:29:18.051  1678  1678 D MBrainLocalService: isVendorFreezeConditionPass is false
05-09 11:29:18.051  1678  1678 E MBrainLocalService: notifyAppSwitch failed
05-09 11:29:18.072  1678  8061 I PowerHalWrapper: <amsBoostResume> last:null, next:com.android.systemui 
05-09 11:29:18.074  1678  8061 W WindowManager: Changing focus from Window{a02faaf u0 com.android.systemui/com.android.systemui.usb.UsbPermissionActivity} to Window{353a3bf u0 com.android.systemui/com.android.systemui.usb.UsbPermissionActivity} displayId=0 Callers=com.android.server.wm.RootWindowContainer.updateFocusedWindowLocked:455 com.android.server.wm.WindowManagerService.updateFocusedWindowLocked:6232 com.android.server.wm.ActivityTaskManagerService.setLastResumedActivityUncheckLocked:4886 com.android.server.wm.ActivityTaskSupervisor.updateTopResumedActivityIfNeeded:2417 
05-09 11:29:18.074 18632 18632 I UsbPttAdapter: permission result device=/dev/bus/usb/001/055 granted=true
05-09 11:29:18.075 18632 18632 I UsbPttAdapter: tryOpen /dev/bus/usb/001/055 role=CP2102N
05-09 11:29:18.075  1019  1121 I libPowerHal: [perfLockRel] hdl:2962, idx:1
05-09 11:29:18.075  1019  1121 I libPowerHal: [PD] MTKPOWER_HINT_EXT_LAUNCH update cmd:1000000, param:-1
05-09 11:29:18.075  1019  1121 I libPowerHal: [PD] MTKPOWER_HINT_EXT_LAUNCH update cmd:2020000 param:1
05-09 11:29:18.075  1019  1121 I libPowerHal: [PD] MTKPOWER_HINT_EXT_LAUNCH update cmd:1408300 param:0
05-09 11:29:18.076 18632 18773 I UsbPttAdapter: openCp2102n: step=ctor
05-09 11:29:18.076  1026  1026 I BpBinder: onLastStrongRef automatically unlinking death recipients: 
05-09 11:29:18.076  1026  2634 E BufferQueueDebug: [Surface(name=f38598d Taskbar)/@0x6bfbffd - animation-leash of insets_animation#3956](this:0xb400006d831c24a8,id:-1,api:0,p:-1,c:-1) id info cannot be read from 'Surface(name=f38598d Taskbar)/@0x6bfbffd - animation-leash of insets_animation#3956'
